Archive member included to satisfy reference by file (symbol)

/Applications/microchip/xc32/v2.15/bin/bin/../../lib/gcc/pic32c/6.2.1/../../../../pic32c/lib/v7e-m/fpv5/hard/libpic32c.a(data_init.o)
                              build/sam_e70_xult_freertos/production/_ext/1552905064/startup_xc32.o (__pic32c_data_initialization)
/Applications/microchip/xc32/v2.15/bin/bin/../../lib/gcc/pic32c/6.2.1/v7e-m/fpv5/hard/libgcc.a(_aeabi_uldivmod.o)
                              build/sam_e70_xult_freertos/production/_ext/810785262/dns.o (__aeabi_uldivmod)
/Applications/microchip/xc32/v2.15/bin/bin/../../lib/gcc/pic32c/6.2.1/v7e-m/fpv5/hard/libgcc.a(_udivmoddi4.o)
                              /Applications/microchip/xc32/v2.15/bin/bin/../../lib/gcc/pic32c/6.2.1/v7e-m/fpv5/hard/libgcc.a(_aeabi_uldivmod.o) (__udivmoddi4)
/Applications/microchip/xc32/v2.15/bin/bin/../../lib/gcc/pic32c/6.2.1/v7e-m/fpv5/hard/libgcc.a(_dvmd_tls.o)
                              /Applications/microchip/xc32/v2.15/bin/bin/../../lib/gcc/pic32c/6.2.1/v7e-m/fpv5/hard/libgcc.a(_aeabi_uldivmod.o) (__aeabi_ldiv0)
/Applications/microchip/xc32/v2.15/bin/bin/../../lib/gcc/pic32c/6.2.1/../../../../pic32c/lib/v7e-m/fpv5/hard/libc.a(lib_a-atoi.o)
                              build/sam_e70_xult_freertos/production/_ext/810785262/tcpip_commands.o (atoi)
/Applications/microchip/xc32/v2.15/bin/bin/../../lib/gcc/pic32c/6.2.1/../../../../pic32c/lib/v7e-m/fpv5/hard/libc.a(lib_a-calloc.o)
                              build/sam_e70_xult_freertos/production/_ext/1552905064/initialization.o (calloc)
/Applications/microchip/xc32/v2.15/bin/bin/../../lib/gcc/pic32c/6.2.1/../../../../pic32c/lib/v7e-m/fpv5/hard/libc.a(lib_a-callocr.o)
                              /Applications/microchip/xc32/v2.15/bin/bin/../../lib/gcc/pic32c/6.2.1/../../../../pic32c/lib/v7e-m/fpv5/hard/libc.a(lib_a-calloc.o) (_calloc_r)
/Applications/microchip/xc32/v2.15/bin/bin/../../lib/gcc/pic32c/6.2.1/../../../../pic32c/lib/v7e-m/fpv5/hard/libc.a(lib_a-exit.o)
                              /Applications/microchip/xc32/v2.15/bin/bin/../../lib/gcc/pic32c/6.2.1/../../../../pic32c/lib/v7e-m/fpv5/hard/crt0.o (exit)
/Applications/microchip/xc32/v2.15/bin/bin/../../lib/gcc/pic32c/6.2.1/../../../../pic32c/lib/v7e-m/fpv5/hard/libc.a(lib_a-impure.o)
                              /Applications/microchip/xc32/v2.15/bin/bin/../../lib/gcc/pic32c/6.2.1/../../../../pic32c/lib/v7e-m/fpv5/hard/libc.a(lib_a-exit.o) (_global_impure_ptr)
/Applications/microchip/xc32/v2.15/bin/bin/../../lib/gcc/pic32c/6.2.1/../../../../pic32c/lib/v7e-m/fpv5/hard/libc.a(lib_a-init.o)
                              /Applications/microchip/xc32/v2.15/bin/bin/../../lib/gcc/pic32c/6.2.1/../../../../pic32c/lib/v7e-m/fpv5/hard/crt0.o (__libc_init_array)
/Applications/microchip/xc32/v2.15/bin/bin/../../lib/gcc/pic32c/6.2.1/../../../../pic32c/lib/v7e-m/fpv5/hard/libc.a(lib_a-locale.o)
                              build/sam_e70_xult_freertos/production/_ext/810785262/dhcp.o (__locale_ctype_ptr)
/Applications/microchip/xc32/v2.15/bin/bin/../../lib/gcc/pic32c/6.2.1/../../../../pic32c/lib/v7e-m/fpv5/hard/libc.a(lib_a-malloc.o)
                              build/sam_e70_xult_freertos/production/_ext/1552905064/initialization.o (malloc)
/Applications/microchip/xc32/v2.15/bin/bin/../../lib/gcc/pic32c/6.2.1/../../../../pic32c/lib/v7e-m/fpv5/hard/libc.a(lib_a-mallocr.o)
                              /Applications/microchip/xc32/v2.15/bin/bin/../../lib/gcc/pic32c/6.2.1/../../../../pic32c/lib/v7e-m/fpv5/hard/libc.a(lib_a-callocr.o) (_malloc_r)
/Applications/microchip/xc32/v2.15/bin/bin/../../lib/gcc/pic32c/6.2.1/../../../../pic32c/lib/v7e-m/fpv5/hard/libc.a(lib_a-mbtowc_r.o)
                              /Applications/microchip/xc32/v2.15/bin/bin/../../lib/gcc/pic32c/6.2.1/../../../../pic32c/lib/v7e-m/fpv5/hard/libc.a(lib_a-locale.o) (__ascii_mbtowc)
/Applications/microchip/xc32/v2.15/bin/bin/../../lib/gcc/pic32c/6.2.1/../../../../pic32c/lib/v7e-m/fpv5/hard/libc.a(lib_a-memcmp.o)
                              build/sam_e70_xult_freertos/production/_ext/810785262/nbns.o (memcmp)
/Applications/microchip/xc32/v2.15/bin/bin/../../lib/gcc/pic32c/6.2.1/../../../../pic32c/lib/v7e-m/fpv5/hard/libc.a(lib_a-memcpy.o)
                              build/sam_e70_xult_freertos/production/_ext/810785262/dns.o (memcpy)
/Applications/microchip/xc32/v2.15/bin/bin/../../lib/gcc/pic32c/6.2.1/../../../../pic32c/lib/v7e-m/fpv5/hard/libc.a(lib_a-memset.o)
                              /Applications/microchip/xc32/v2.15/bin/bin/../../lib/gcc/pic32c/6.2.1/../../../../pic32c/lib/v7e-m/fpv5/hard/crt0.o (memset)
/Applications/microchip/xc32/v2.15/bin/bin/../../lib/gcc/pic32c/6.2.1/../../../../pic32c/lib/v7e-m/fpv5/hard/libc.a(lib_a-mlock.o)
                              /Applications/microchip/xc32/v2.15/bin/bin/../../lib/gcc/pic32c/6.2.1/../../../../pic32c/lib/v7e-m/fpv5/hard/libc.a(lib_a-mallocr.o) (__malloc_lock)
[...]
Memory Configuration

Name             Origin             Length             Attributes
rom              0x0000000000400000 0x0000000000200000 xr
ram              0x0000000020400000 0x0000000000060000 xrw
itcm             0x0000000000000000 0x0000000000000000 xrw
dtcm             0x0000000020000000 0x0000000000000000 xrw
*default*        0x0000000000000000 0xffffffffffffffff
tcm              0x0000000000000000 0xffffffffffffffff

Linker script and memory map

LOAD /Applications/microchip/xc32/v2.15/bin/bin/../../lib/gcc/pic32c/6.2.1/v7e-m/fpv5/hard/crti.o
LOAD /Applications/microchip/xc32/v2.15/bin/bin/../../lib/gcc/pic32c/6.2.1/v7e-m/fpv5/hard/crtbegin.o
LOAD /Applications/microchip/xc32/v2.15/bin/bin/../../lib/gcc/pic32c/6.2.1/../../../../pic32c/lib/v7e-m/fpv5/hard/crt0.o
LOAD build/sam_e70_xult_freertos/production/_ext/810785262/dns.o
LOAD build/sam_e70_xult_freertos/production/_ext/810785262/icmp.o
LOAD build/sam_e70_xult_freertos/production/_ext/810785262/nbns.o
LOAD build/sam_e70_xult_freertos/production/_ext/810785262/tcp.o
LOAD build/sam_e70_xult_freertos/production/_ext/810785262/dhcp.o
LOAD build/sam_e70_xult_freertos/production/_ext/810785262/arp.o
LOAD build/sam_e70_xult_freertos/production/_ext/1245453995/plib_tc0.o
LOAD build/sam_e70_xult_freertos/production/_ext/912870411/sys_time.o
LOAD build/sam_e70_xult_freertos/production/_ext/683629640/bsp.o
LOAD build/sam_e70_xult_freertos/production/_ext/810785262/tcpip_commands.o
LOAD build/sam_e70_xult_freertos/production/_ext/901805035/plib_twihs0.o
LOAD build/sam_e70_xult_freertos/production/_ext/810785262/iperf.o
LOAD build/sam_e70_xult_freertos/production/_ext/810785262/ipv4.o
LOAD build/sam_e70_xult_freertos/production/_ext/901008055/plib_usart1.o
LOAD build/sam_e70_xult_freertos/production/_ext/810785262/dhcps.o
LOAD build/sam_e70_xult_freertos/production/_ext/810785262/tcpip_heap_alloc.o
LOAD build/sam_e70_xult_freertos/production/_ext/810785262/tcpip_heap_internal.o
LOAD build/sam_e70_xult_freertos/production/_ext/810785262/helpers.o
LOAD build/sam_e70_xult_freertos/production/_ext/810785262/hash_fnv.o
LOAD build/sam_e70_xult_freertos/production/_ext/810785262/oahash.o
LOAD build/sam_e70_xult_freertos/production/_ext/810785262/tcpip_helpers.o
LOAD build/sam_e70_xult_freertos/production/_ext/810785262/tcpip_manager.o
LOAD build/sam_e70_xult_freertos/production/_ext/810785262/tcpip_notify.o
LOAD build/sam_e70_xult_freertos/production/_ext/810785262/tcpip_packet.o
LOAD build/sam_e70_xult_freertos/production/_ext/231871610/sys_time_h2_adapter.o
LOAD build/sam_e70_xult_freertos/production/_ext/1775855163/sys_int.o
LOAD build/sam_e70_xult_freertos/production/_ext/992551865/sys_cache.o
LOAD build/sam_e70_xult_freertos/production/_ext/281930714/osal_freertos.o
LOAD build/sam_e70_xult_freertos/production/_ext/1360937237/app.o
LOAD build/sam_e70_xult_freertos/production/_ext/1552905064/tasks.o
LOAD build/sam_e70_xult_freertos/production/_ext/1619526243/drv_gmac.o
LOAD build/sam_e70_xult_freertos/production/_ext/1619526243/drv_gmac_lib_samE7x_V7x.o
LOAD build/sam_e70_xult_freertos/production/_ext/1360937237/main.o
LOAD build/sam_e70_xult_freertos/production/_ext/1552905064/initialization.o
LOAD build/sam_e70_xult_freertos/production/_ext/1552905064/interrupts.o
LOAD build/sam_e70_xult_freertos/production/_ext/1552905064/exceptions.o
LOAD build/sam_e70_xult_freertos/production/_ext/146190766/xc32_monitor.o
LOAD build/sam_e70_xult_freertos/production/_ext/45647770/plib_clk.o
LOAD build/sam_e70_xult_freertos/production/_ext/45635366/plib_pio.o
LOAD build/sam_e70_xult_freertos/production/_ext/1414743522/plib_nvic.o
LOAD build/sam_e70_xult_freertos/production/_ext/45638026/plib_mpu.o
LOAD build/sam_e70_xult_freertos/production/_ext/1552905064/startup_xc32.o
LOAD build/sam_e70_xult_freertos/production/_ext/1552905064/libc_syscalls.o
LOAD build/sam_e70_xult_freertos/production/_ext/810785262/tcpip_announce.o
LOAD build/sam_e70_xult_freertos/production/_ext/810785262/udp.o
LOAD build/sam_e70_xult_freertos/production/_ext/511568427/drv_miim.o
LOAD build/sam_e70_xult_freertos/production/_ext/1607428259/drv_ethphy.o
LOAD build/sam_e70_xult_freertos/production/_ext/1607428259/drv_extphy_smsc8740.o
LOAD build/sam_e70_xult_freertos/production/_ext/762686499/sys_console.o
LOAD build/sam_e70_xult_freertos/production/_ext/762686499/sys_console_uart.o
LOAD build/sam_e70_xult_freertos/production/_ext/762686499/sys_command.o
LOAD build/sam_e70_xult_freertos/production/_ext/1552905064/freertos_hooks.o
LOAD build/sam_e70_xult_freertos/production/_ext/404212886/croutine.o
LOAD build/sam_e70_xult_freertos/production/_ext/404212886/list.o
LOAD build/sam_e70_xult_freertos/production/_ext/404212886/queue.o
LOAD build/sam_e70_xult_freertos/production/_ext/404212886/FreeRTOS_tasks.o
LOAD build/sam_e70_xult_freertos/production/_ext/404212886/timers.o
LOAD build/sam_e70_xult_freertos/production/_ext/404212886/event_groups.o
LOAD build/sam_e70_xult_freertos/production/_ext/404212886/stream_buffer.o
LOAD build/sam_e70_xult_freertos/production/_ext/1665200909/heap_3.o
LOAD build/sam_e70_xult_freertos/production/_ext/977623654/port.o
                0x0000000000000001                __MPLAB_BUILD = 0x1
                0x0000000000017ac0                _min_heap_size = 0x17ac0
START GROUP
LOAD /Applications/microchip/xc32/v2.15/bin/bin/../../lib/gcc/pic32c/6.2.1/../../../../pic32c/lib/v7e-m/fpv5/hard/libpic32c.a
LOAD /Applications/microchip/xc32/v2.15/bin/bin/../../lib/gcc/pic32c/6.2.1/v7e-m/fpv5/hard/libgcc.a
LOAD /Applications/microchip/xc32/v2.15/bin/bin/../../lib/gcc/pic32c/6.2.1/../../../../pic32c/lib/v7e-m/fpv5/hard/libc.a
LOAD /Applications/microchip/xc32/v2.15/bin/bin/../../lib/gcc/pic32c/6.2.1/../../../../pic32c/lib/v7e-m/fpv5/hard/libm.a
END GROUP
LOAD /Applications/microchip/xc32/v2.15/bin/bin/../../lib/gcc/pic32c/6.2.1/v7e-m/fpv5/hard/crtend.o
LOAD /Applications/microchip/xc32/v2.15/bin/bin/../../lib/gcc/pic32c/6.2.1/v7e-m/fpv5/hard/crtn.o
                0x0000000000600000                __rom_end = (ORIGIN (rom) + LENGTH (rom))
                0x0000000020460000                __ram_end = (ORIGIN (ram) + LENGTH (ram))

.vectors        0x0000000000400000      0x168
                0x0000000000400000                . = ALIGN (0x4)
                0x0000000000400000                _sfixed = .
 *(.vectors .vectors.* .vectors_default .vectors_default.*)
 .vectors       0x0000000000400000      0x168 build/sam_e70_xult_freertos/production/_ext/1552905064/interrupts.o
                0x0000000000400000                exception_table
 *(.isr_vector)
 *(.reset*)
 *(.after_vectors)

.text           0x0000000000400168       0x24
                0x0000000000400168                . = ALIGN (0x4)
 *(.glue_7t)
 .glue_7t       0x0000000000400168        0x0 linker stubs
 *(.glue_7)
 .glue_7        0x0000000000400168        0x0 linker stubs
 *(.gnu.linkonce.r.*)
 *(.ARM.extab* .gnu.linkonce.armextab.*)
                0x0000000000400168                . = ALIGN (0x4)
 *(.init)
 .init          0x0000000000400168        0x4 /Applications/microchip/xc32/v2.15/bin/bin/../../lib/gcc/pic32c/6.2.1/v7e-m/fpv5/hard/crti.o
                0x0000000000400168                _init
 .init          0x000000000040016c        0x8 /Applications/microchip/xc32/v2.15/bin/bin/../../lib/gcc/pic32c/6.2.1/v7e-m/fpv5/hard/crtn.o
                0x0000000000400174                . = ALIGN (0x4)
                0x0000000000400174                __preinit_array_start = .
 *(.preinit_array)
                0x0000000000400174                __preinit_array_end = .
                0x0000000000400174                . = ALIGN (0x4)
                0x0000000000400174                __init_array_start = .
 *(SORT(.init_array.*))
 .init_array.00000
                0x0000000000400174        0x4 /Applications/microchip/xc32/v2.15/bin/bin/../../lib/gcc/pic32c/6.2.1/../../../../pic32c/lib/v7e-m/fpv5/hard/libc.a(lib_a-__call_atexit.o)
 *(.init_array)
 .init_array    0x0000000000400178        0x4 /Applications/microchip/xc32/v2.15/bin/bin/../../lib/gcc/pic32c/6.2.1/v7e-m/fpv5/hard/crtbegin.o
                0x000000000040017c                __init_array_end = .
                0x000000000040017c                . = ALIGN (0x4)
 *crtbegin.o(.ctors)
 *(EXCLUDE_FILE(*crtend.o) .ctors)
 *(SORT(.ctors.*))
 *crtend.o(.ctors)
                0x000000000040017c                . = ALIGN (0x4)
 *(.fini)
 .fini          0x000000000040017c        0x4 /Applications/microchip/xc32/v2.15/bin/bin/../../lib/gcc/pic32c/6.2.1/v7e-m/fpv5/hard/crti.o
                0x000000000040017c                _fini
 .fini          0x0000000000400180        0x8 /Applications/microchip/xc32/v2.15/bin/bin/../../lib/gcc/pic32c/6.2.1/v7e-m/fpv5/hard/crtn.o
                0x0000000000400188                . = ALIGN (0x4)
                0x0000000000400188                __fini_array_start = .
 *(.fini_array)
 .fini_array    0x0000000000400188        0x4 /Applications/microchip/xc32/v2.15/bin/bin/../../lib/gcc/pic32c/6.2.1/v7e-m/fpv5/hard/crtbegin.o
 *(SORT(.fini_array.*))
                0x000000000040018c                __fini_array_end = .
 *crtbegin.o(.dtors)
 *(EXCLUDE_FILE(*crtend.o) .dtors)
 *(SORT(.dtors.*))
 *crtend.o(.dtors)
                0x000000000040018c                . = ALIGN (0x4)
                0x000000000040018c                _efixed = .
                [!provide]                        PROVIDE (__exidx_start, .)

.ARM.exidx      0x000000000040018c        0x8
 *(.ARM.exidx* .gnu.linkonce.armexidx.*)
 .ARM.exidx     0x000000000040018c        0x8 /Applications/microchip/xc32/v2.15/bin/bin/../../lib/gcc/pic32c/6.2.1/v7e-m/fpv5/hard/libgcc.a(_udivmoddi4.o)
                [!provide]                        PROVIDE (__exidx_end, .)
                0x0000000000400194                . = ALIGN (0x4)
                0x0000000000400194                _etext = .

.bss            0x0000000020400000       0xb4
                0x0000000020400000                . = ALIGN (0x4)
                0x0000000020400000                __bss_start__ = .
                0x0000000020400000                _sbss = .
                0x0000000020400000                _szero = .
 *(COMMON)
 COMMON         0x0000000020400000        0x8 build/sam_e70_xult_freertos/production/_ext/1245453995/plib_tc0.o
                0x0000000020400000                TC0_CH0_CallbackObj
 COMMON         0x0000000020400008        0x4 build/sam_e70_xult_freertos/production/_ext/810785262/tcpip_commands.o
                0x0000000020400008                icmpStartTick
 COMMON         0x000000002040000c       0x34 build/sam_e70_xult_freertos/production/_ext/810785262/iperf.o
                0x000000002040000c                g_bfr
 COMMON         0x0000000020400040       0x30 build/sam_e70_xult_freertos/production/_ext/901008055/plib_usart1.o
                0x0000000020400040                usart1Obj
 COMMON         0x0000000020400070       0x2a build/sam_e70_xult_freertos/production/_ext/1360937237/app.o
                0x0000000020400070                macAddr
                0x0000000020400078                appData
                0x0000000020400088                macAddrString
 *fill*         0x000000002040009a        0x2 
 COMMON         0x000000002040009c        0x4 build/sam_e70_xult_freertos/production/_ext/1552905064/tasks.o
                0x000000002040009c                xAPP_Tasks
 COMMON         0x00000000204000a0       0x10 build/sam_e70_xult_freertos/production/_ext/1552905064/initialization.o
                0x00000000204000a0                sysObj
 COMMON         0x00000000204000b0        0x4 /Applications/microchip/xc32/v2.15/bin/bin/../../lib/gcc/pic32c/6.2.1/../../../../pic32c/lib/v7e-m/fpv5/hard/libc.a(lib_a-reent.o)
                0x00000000204000b0                errno
                0x00000000204000b4                . = ALIGN (0x4)
                0x00000000204000b4                __bss_end__ = .
                0x00000000204000b4                _ebss = .
                0x00000000204000b4                _ezero = .
                0x00000000204000b4                . = ALIGN (0x4)
                0x00000000204000b4                _end = .
                0x000000002045ffff                _ram_end_ = ((ORIGIN (ram) + LENGTH (ram)) - 0x1)
OUTPUT(dist/sam_e70_xult_freertos/production/sam_e70_xult_freertos.X.production.elf elf32-littlearm)
LOAD stack
LOAD data_init

.ARM.attributes
                0x0000000000000000       0x2e
 .ARM.attributes
                0x0000000000000000       0x20 /Applications/microchip/xc32/v2.15/bin/bin/../../lib/gcc/pic32c/6.2.1/v7e-m/fpv5/hard/crti.o
 .ARM.attributes
                0x0000000000000020       0x32 /Applications/microchip/xc32/v2.15/bin/bin/../../lib/gcc/pic32c/6.2.1/v7e-m/fpv5/hard/crtbegin.o
 .ARM.attributes
                0x0000000000000052       0x37 build/sam_e70_xult_freertos/production/_ext/810785262/dns.o
 .ARM.attributes
                0x0000000000000089       0x37 build/sam_e70_xult_freertos/production/_ext/810785262/icmp.o
 .ARM.attributes
                0x00000000000000c0       0x37 build/sam_e70_xult_freertos/production/_ext/810785262/nbns.o
 .ARM.attributes
                0x00000000000000f7       0x37 build/sam_e70_xult_freertos/production/_ext/810785262/tcp.o
 .ARM.attributes
                0x000000000000012e       0x37 build/sam_e70_xult_freertos/production/_ext/810785262/dhcp.o
 .ARM.attributes
                0x0000000000000165       0x37 build/sam_e70_xult_freertos/production/_ext/810785262/arp.o
 .ARM.attributes
                0x000000000000019c       0x37 build/sam_e70_xult_freertos/production/_ext/1245453995/plib_tc0.o
 .ARM.attributes
                0x00000000000001d3       0x37 build/sam_e70_xult_freertos/production/_ext/912870411/sys_time.o
 .ARM.attributes
                0x000000000000020a       0x37 build/sam_e70_xult_freertos/production/_ext/683629640/bsp.o
 .ARM.attributes
                0x0000000000000241       0x37 build/sam_e70_xult_freertos/production/_ext/810785262/tcpip_commands.o
 .ARM.attributes
                0x0000000000000278       0x37 build/sam_e70_xult_freertos/production/_ext/901805035/plib_twihs0.o
 .ARM.attributes
                0x00000000000002af       0x37 build/sam_e70_xult_freertos/production/_ext/810785262/iperf.o
 .ARM.attributes
                0x00000000000002e6       0x37 build/sam_e70_xult_freertos/production/_ext/810785262/ipv4.o
 .ARM.attributes
                0x000000000000031d       0x37 build/sam_e70_xult_freertos/production/_ext/901008055/plib_usart1.o
 .ARM.attributes
                0x0000000000000354       0x37 build/sam_e70_xult_freertos/production/_ext/810785262/dhcps.o
 .ARM.attributes
                0x000000000000038b       0x37 build/sam_e70_xult_freertos/production/_ext/810785262/tcpip_heap_alloc.o
 .ARM.attributes
                0x00000000000003c2       0x37 build/sam_e70_xult_freertos/production/_ext/810785262/tcpip_heap_internal.o
 .ARM.attributes
                0x00000000000003f9       0x37 build/sam_e70_xult_freertos/production/_ext/810785262/helpers.o
 .ARM.attributes
                0x0000000000000430       0x37 build/sam_e70_xult_freertos/production/_ext/810785262/hash_fnv.o
 .ARM.attributes
                0x0000000000000467       0x37 build/sam_e70_xult_freertos/production/_ext/810785262/oahash.o
 .ARM.attributes
                0x000000000000049e       0x37 build/sam_e70_xult_freertos/production/_ext/810785262/tcpip_helpers.o
 .ARM.attributes
                0x00000000000004d5       0x37 build/sam_e70_xult_freertos/production/_ext/810785262/tcpip_manager.o
 .ARM.attributes
                0x000000000000050c       0x37 build/sam_e70_xult_freertos/production/_ext/810785262/tcpip_notify.o
 .ARM.attributes
                0x0000000000000543       0x37 build/sam_e70_xult_freertos/production/_ext/810785262/tcpip_packet.o
 .ARM.attributes
                0x000000000000057a       0x37 build/sam_e70_xult_freertos/production/_ext/231871610/sys_time_h2_adapter.o
 .ARM.attributes
                0x00000000000005b1       0x37 build/sam_e70_xult_freertos/production/_ext/1775855163/sys_int.o
 .ARM.attributes
                0x00000000000005e8       0x37 build/sam_e70_xult_freertos/production/_ext/281930714/osal_freertos.o
 .ARM.attributes
                0x000000000000061f       0x37 build/sam_e70_xult_freertos/production/_ext/1360937237/app.o
 .ARM.attributes
                0x0000000000000656       0x37 build/sam_e70_xult_freertos/production/_ext/1552905064/tasks.o
 .ARM.attributes
                0x000000000000068d       0x37 build/sam_e70_xult_freertos/production/_ext/1619526243/drv_gmac.o
 .ARM.attributes
                0x00000000000006c4       0x37 build/sam_e70_xult_freertos/production/_ext/1619526243/drv_gmac_lib_samE7x_V7x.o
 .ARM.attributes
                0x00000000000006fb       0x37 build/sam_e70_xult_freertos/production/_ext/1360937237/main.o
 .ARM.attributes
                0x0000000000000732       0x37 build/sam_e70_xult_freertos/production/_ext/1552905064/initialization.o
 .ARM.attributes
                0x0000000000000769       0x37 build/sam_e70_xult_freertos/production/_ext/1552905064/interrupts.o
 .ARM.attributes
                0x00000000000007a0       0x37 build/sam_e70_xult_freertos/production/_ext/1552905064/exceptions.o
 .ARM.attributes
                0x00000000000007d7       0x37 build/sam_e70_xult_freertos/production/_ext/45647770/plib_clk.o
 .ARM.attributes
                0x000000000000080e       0x37 build/sam_e70_xult_freertos/production/_ext/45635366/plib_pio.o
 .ARM.attributes
                0x0000000000000845       0x37 build/sam_e70_xult_freertos/production/_ext/1414743522/plib_nvic.o
 .ARM.attributes
                0x000000000000087c       0x37 build/sam_e70_xult_freertos/production/_ext/45638026/plib_mpu.o
 .ARM.attributes
                0x00000000000008b3       0x37 build/sam_e70_xult_freertos/production/_ext/1552905064/startup_xc32.o
 .ARM.attributes
                0x00000000000008ea       0x37 build/sam_e70_xult_freertos/production/_ext/810785262/tcpip_announce.o
 .ARM.attributes
                0x0000000000000921       0x37 build/sam_e70_xult_freertos/production/_ext/810785262/udp.o
 .ARM.attributes
                0x0000000000000958       0x37 build/sam_e70_xult_freertos/production/_ext/511568427/drv_miim.o
 .ARM.attributes
                0x000000000000098f       0x37 build/sam_e70_xult_freertos/production/_ext/1607428259/drv_ethphy.o
 .ARM.attributes
                0x00000000000009c6       0x37 build/sam_e70_xult_freertos/production/_ext/1607428259/drv_extphy_smsc8740.o
 .ARM.attributes
                0x00000000000009fd       0x37 build/sam_e70_xult_freertos/production/_ext/762686499/sys_console.o
 .ARM.attributes
                0x0000000000000a34       0x37 build/sam_e70_xult_freertos/production/_ext/762686499/sys_console_uart.o
 .ARM.attributes
                0x0000000000000a6b       0x37 build/sam_e70_xult_freertos/production/_ext/762686499/sys_command.o
 .ARM.attributes
                0x0000000000000aa2       0x37 build/sam_e70_xult_freertos/production/_ext/1552905064/freertos_hooks.o
 .ARM.attributes
                0x0000000000000ad9       0x37 build/sam_e70_xult_freertos/production/_ext/404212886/list.o
 .ARM.attributes
                0x0000000000000b10       0x37 build/sam_e70_xult_freertos/production/_ext/404212886/queue.o
 .ARM.attributes
                0x0000000000000b47       0x37 build/sam_e70_xult_freertos/production/_ext/404212886/FreeRTOS_tasks.o
 .ARM.attributes
                0x0000000000000b7e       0x37 build/sam_e70_xult_freertos/production/_ext/1665200909/heap_3.o
 .ARM.attributes
                0x0000000000000bb5       0x37 build/sam_e70_xult_freertos/production/_ext/977623654/port.o
 .ARM.attributes
                0x0000000000000bec       0x32 /Applications/microchip/xc32/v2.15/bin/bin/../../lib/gcc/pic32c/6.2.1/../../../../pic32c/lib/v7e-m/fpv5/hard/libpic32c.a(data_init.o)
 .ARM.attributes
                0x0000000000000c1e       0x20 /Applications/microchip/xc32/v2.15/bin/bin/../../lib/gcc/pic32c/6.2.1/v7e-m/fpv5/hard/libgcc.a(_aeabi_uldivmod.o)
 .ARM.attributes
                0x0000000000000c3e       0x32 /Applications/microchip/xc32/v2.15/bin/bin/../../lib/gcc/pic32c/6.2.1/v7e-m/fpv5/hard/libgcc.a(_udivmoddi4.o)
 .ARM.attributes
                0x0000000000000c70       0x20 /Applications/microchip/xc32/v2.15/bin/bin/../../lib/gcc/pic32c/6.2.1/v7e-m/fpv5/hard/libgcc.a(_dvmd_tls.o)
 .ARM.attributes
                0x0000000000000c90       0x32 /Applications/microchip/xc32/v2.15/bin/bin/../../lib/gcc/pic32c/6.2.1/../../../../pic32c/lib/v7e-m/fpv5/hard/libc.a(lib_a-atoi.o)
 .ARM.attributes
                0x0000000000000cc2       0x32 /Applications/microchip/xc32/v2.15/bin/bin/../../lib/gcc/pic32c/6.2.1/../../../../pic32c/lib/v7e-m/fpv5/hard/libc.a(lib_a-calloc.o)
 .ARM.attributes
                0x0000000000000cf4       0x32 /Applications/microchip/xc32/v2.15/bin/bin/../../lib/gcc/pic32c/6.2.1/../../../../pic32c/lib/v7e-m/fpv5/hard/libc.a(lib_a-callocr.o)
 .ARM.attributes
                0x0000000000000d26       0x32 /Applications/microchip/xc32/v2.15/bin/bin/../../lib/gcc/pic32c/6.2.1/../../../../pic32c/lib/v7e-m/fpv5/hard/libc.a(lib_a-impure.o)
 .ARM.attributes
                0x0000000000000d58       0x32 /Applications/microchip/xc32/v2.15/bin/bin/../../lib/gcc/pic32c/6.2.1/../../../../pic32c/lib/v7e-m/fpv5/hard/libc.a(lib_a-init.o)
 .ARM.attributes
                0x0000000000000d8a       0x32 /Applications/microchip/xc32/v2.15/bin/bin/../../lib/gcc/pic32c/6.2.1/../../../../pic32c/lib/v7e-m/fpv5/hard/libc.a(lib_a-locale.o)
 .ARM.attributes
                0x0000000000000dbc       0x32 /Applications/microchip/xc32/v2.15/bin/bin/../../lib/gcc/pic32c/6.2.1/../../../../pic32c/lib/v7e-m/fpv5/hard/libc.a(lib_a-malloc.o)
 .ARM.attributes
                0x0000000000000dee       0x32 /Applications/microchip/xc32/v2.15/bin/bin/../../lib/gcc/pic32c/6.2.1/../../../../pic32c/lib/v7e-m/fpv5/hard/libc.a(lib_a-mallocr.o)
 .ARM.attributes
                0x0000000000000e20       0x32 /Applications/microchip/xc32/v2.15/bin/bin/../../lib/gcc/pic32c/6.2.1/../../../../pic32c/lib/v7e-m/fpv5/hard/libc.a(lib_a-mbtowc_r.o)
 .ARM.attributes
                0x0000000000000e52       0x32 /Applications/microchip/xc32/v2.15/bin/bin/../../lib/gcc/pic32c/6.2.1/../../../../pic32c/lib/v7e-m/fpv5/hard/libc.a(lib_a-memcmp.o)
 .ARM.attributes
                0x0000000000000e84       0x1e /Applications/microchip/xc32/v2.15/bin/bin/../../lib/gcc/pic32c/6.2.1/../../../../pic32c/lib/v7e-m/fpv5/hard/libc.a(lib_a-memcpy.o)
 .ARM.attributes
                0x0000000000000ea2       0x32 /Applications/microchip/xc32/v2.15/bin/bin/../../lib/gcc/pic32c/6.2.1/../../../../pic32c/lib/v7e-m/fpv5/hard/libc.a(lib_a-memset.o)
 .ARM.attributes
                0x0000000000000ed4       0x32 /Applications/microchip/xc32/v2.15/bin/bin/../../lib/gcc/pic32c/6.2.1/../../../../pic32c/lib/v7e-m/fpv5/hard/libc.a(lib_a-mlock.o)
 .ARM.attributes
                0x0000000000000f06       0x32 /Applications/microchip/xc32/v2.15/bin/bin/../../lib/gcc/pic32c/6.2.1/../../../../pic32c/lib/v7e-m/fpv5/hard/libc.a(lib_a-rand.o)
 .ARM.attributes
                0x0000000000000f38       0x32 /Applications/microchip/xc32/v2.15/bin/bin/../../lib/gcc/pic32c/6.2.1/../../../../pic32c/lib/v7e-m/fpv5/hard/libc.a(lib_a-sbrkr.o)
 .ARM.attributes
                0x0000000000000f6a       0x32 /Applications/microchip/xc32/v2.15/bin/bin/../../lib/gcc/pic32c/6.2.1/../../../../pic32c/lib/v7e-m/fpv5/hard/libc.a(lib_a-snprintf.o)
 .ARM.attributes
                0x0000000000000f9c       0x32 /Applications/microchip/xc32/v2.15/bin/bin/../../lib/gcc/pic32c/6.2.1/../../../../pic32c/lib/v7e-m/fpv5/hard/libc.a(lib_a-sprintf.o)
 .ARM.attributes
                0x0000000000000fce       0x1e /Applications/microchip/xc32/v2.15/bin/bin/../../lib/gcc/pic32c/6.2.1/../../../../pic32c/lib/v7e-m/fpv5/hard/libc.a(lib_a-strcmp.o)
 .ARM.attributes
                0x0000000000000fec       0x32 /Applications/microchip/xc32/v2.15/bin/bin/../../lib/gcc/pic32c/6.2.1/../../../../pic32c/lib/v7e-m/fpv5/hard/libc.a(lib_a-strcpy.o)
 .ARM.attributes
                0x000000000000101e       0x1e /Applications/microchip/xc32/v2.15/bin/bin/../../lib/gcc/pic32c/6.2.1/../../../../pic32c/lib/v7e-m/fpv5/hard/libc.a(lib_a-strlen.o)
 .ARM.attributes
                0x000000000000103c       0x32 /Applications/microchip/xc32/v2.15/bin/bin/../../lib/gcc/pic32c/6.2.1/../../../../pic32c/lib/v7e-m/fpv5/hard/libc.a(lib_a-strncpy.o)
 .ARM.attributes
                0x000000000000106e       0x32 /Applications/microchip/xc32/v2.15/bin/bin/../../lib/gcc/pic32c/6.2.1/../../../../pic32c/lib/v7e-m/fpv5/hard/libc.a(lib_a-strtol.o)
 .ARM.attributes
                0x00000000000010a0       0x32 /Applications/microchip/xc32/v2.15/bin/bin/../../lib/gcc/pic32c/6.2.1/../../../../pic32c/lib/v7e-m/fpv5/hard/libc.a(lib_a-svfprintf.o)
 .ARM.attributes
                0x00000000000010d2       0x32 /Applications/microchip/xc32/v2.15/bin/bin/../../lib/gcc/pic32c/6.2.1/../../../../pic32c/lib/v7e-m/fpv5/hard/libc.a(lib_a-vsnprintf.o)
 .ARM.attributes
                0x0000000000001104       0x32 /Applications/microchip/xc32/v2.15/bin/bin/../../lib/gcc/pic32c/6.2.1/../../../../pic32c/lib/v7e-m/fpv5/hard/libc.a(lib_a-wctomb_r.o)
 .ARM.attributes
                0x0000000000001136       0x32 /Applications/microchip/xc32/v2.15/bin/bin/../../lib/gcc/pic32c/6.2.1/../../../../pic32c/lib/v7e-m/fpv5/hard/libc.a(lib_a-__call_atexit.o)
 .ARM.attributes
                0x0000000000001168       0x32 /Applications/microchip/xc32/v2.15/bin/bin/../../lib/gcc/pic32c/6.2.1/../../../../pic32c/lib/v7e-m/fpv5/hard/libc.a(lib_a-atexit.o)
 .ARM.attributes
                0x000000000000119a       0x32 /Applications/microchip/xc32/v2.15/bin/bin/../../lib/gcc/pic32c/6.2.1/../../../../pic32c/lib/v7e-m/fpv5/hard/libc.a(lib_a-ctype_.o)
 .ARM.attributes
                0x00000000000011cc       0x32 /Applications/microchip/xc32/v2.15/bin/bin/../../lib/gcc/pic32c/6.2.1/../../../../pic32c/lib/v7e-m/fpv5/hard/libc.a(lib_a-dtoa.o)
 .ARM.attributes
                0x00000000000011fe       0x32 /Applications/microchip/xc32/v2.15/bin/bin/../../lib/gcc/pic32c/6.2.1/../../../../pic32c/lib/v7e-m/fpv5/hard/libc.a(lib_a-fini.o)
 .ARM.attributes
                0x0000000000001230       0x32 /Applications/microchip/xc32/v2.15/bin/bin/../../lib/gcc/pic32c/6.2.1/../../../../pic32c/lib/v7e-m/fpv5/hard/libc.a(lib_a-freer.o)
 .ARM.attributes
                0x0000000000001262       0x32 /Applications/microchip/xc32/v2.15/bin/bin/../../lib/gcc/pic32c/6.2.1/../../../../pic32c/lib/v7e-m/fpv5/hard/libc.a(lib_a-localeconv.o)
 .ARM.attributes
                0x0000000000001294       0x1e /Applications/microchip/xc32/v2.15/bin/bin/../../lib/gcc/pic32c/6.2.1/../../../../pic32c/lib/v7e-m/fpv5/hard/libc.a(lib_a-memchr.o)
 .ARM.attributes
                0x00000000000012b2       0x32 /Applications/microchip/xc32/v2.15/bin/bin/../../lib/gcc/pic32c/6.2.1/../../../../pic32c/lib/v7e-m/fpv5/hard/libc.a(lib_a-mprec.o)
 .ARM.attributes
                0x00000000000012e4       0x32 /Applications/microchip/xc32/v2.15/bin/bin/../../lib/gcc/pic32c/6.2.1/../../../../pic32c/lib/v7e-m/fpv5/hard/libc.a(lib_a-reent.o)
 .ARM.attributes
                0x0000000000001316       0x32 /Applications/microchip/xc32/v2.15/bin/bin/../../lib/gcc/pic32c/6.2.1/../../../../pic32c/lib/v7e-m/fpv5/hard/libc.a(lib_a-s_frexp.o)
 .ARM.attributes
                0x0000000000001348       0x32 /Applications/microchip/xc32/v2.15/bin/bin/../../lib/gcc/pic32c/6.2.1/../../../../pic32c/lib/v7e-m/fpv5/hard/libc.a(lib_a-svfiprintf.o)
 .ARM.attributes
                0x000000000000137a       0x32 /Applications/microchip/xc32/v2.15/bin/bin/../../lib/gcc/pic32c/6.2.1/../../../../pic32c/lib/v7e-m/fpv5/hard/libc.a(lib_a-__atexit.o)
 .ARM.attributes
                0x00000000000013ac       0x32 /Applications/microchip/xc32/v2.15/bin/bin/../../lib/gcc/pic32c/6.2.1/../../../../pic32c/lib/v7e-m/fpv5/hard/libc.a(lib_a-memmove.o)
 .ARM.attributes
                0x00000000000013de       0x32 /Applications/microchip/xc32/v2.15/bin/bin/../../lib/gcc/pic32c/6.2.1/../../../../pic32c/lib/v7e-m/fpv5/hard/libc.a(lib_a-reallocr.o)
 .ARM.attributes
                0x0000000000001410       0x32 /Applications/microchip/xc32/v2.15/bin/bin/../../lib/gcc/pic32c/6.2.1/../../../../pic32c/lib/v7e-m/fpv5/hard/libpic32c.a(sbrk.o)
 .ARM.attributes
                0x0000000000001442       0x20 /Applications/microchip/xc32/v2.15/bin/bin/../../lib/gcc/pic32c/6.2.1/v7e-m/fpv5/hard/crtn.o

.debug_info     0x0000000000000000    0xfbd38
 .debug_info    0x0000000000000000     0x92c2 build/sam_e70_xult_freertos/production/_ext/810785262/dns.o
 .debug_info    0x00000000000092c2     0x68ec build/sam_e70_xult_freertos/production/_ext/810785262/icmp.o
 .debug_info    0x000000000000fbae     0x58be build/sam_e70_xult_freertos/production/_ext/810785262/nbns.o
 .debug_info    0x000000000001546c     0xc8ec build/sam_e70_xult_freertos/production/_ext/810785262/tcp.o
 .debug_info    0x0000000000021d58     0xae6d build/sam_e70_xult_freertos/production/_ext/810785262/dhcp.o
 .debug_info    0x000000000002cbc5     0x8688 build/sam_e70_xult_freertos/production/_ext/810785262/arp.o
 .debug_info    0x000000000003524d      0x908 build/sam_e70_xult_freertos/production/_ext/1245453995/plib_tc0.o
 .debug_info    0x0000000000035b55     0x348e build/sam_e70_xult_freertos/production/_ext/912870411/sys_time.o
 .debug_info    0x0000000000038fe3     0x14dc build/sam_e70_xult_freertos/production/_ext/683629640/bsp.o
 .debug_info    0x000000000003a4bf     0xb501 build/sam_e70_xult_freertos/production/_ext/810785262/tcpip_commands.o
 .debug_info    0x00000000000459c0      0xbb8 build/sam_e70_xult_freertos/production/_ext/901805035/plib_twihs0.o
 .debug_info    0x0000000000046578     0x9bb1 build/sam_e70_xult_freertos/production/_ext/810785262/iperf.o
 .debug_info    0x0000000000050129     0x7fad build/sam_e70_xult_freertos/production/_ext/810785262/ipv4.o
 .debug_info    0x00000000000580d6      0xed6 build/sam_e70_xult_freertos/production/_ext/901008055/plib_usart1.o
 .debug_info    0x0000000000058fac     0x9a3a build/sam_e70_xult_freertos/production/_ext/810785262/dhcps.o
 .debug_info    0x00000000000629e6     0x4627 build/sam_e70_xult_freertos/production/_ext/810785262/tcpip_heap_alloc.o
 .debug_info    0x000000000006700d     0x4fa1 build/sam_e70_xult_freertos/production/_ext/810785262/tcpip_heap_internal.o
 .debug_info    0x000000000006bfae     0x11ab build/sam_e70_xult_freertos/production/_ext/810785262/helpers.o
 .debug_info    0x000000000006d159      0xf11 build/sam_e70_xult_freertos/production/_ext/810785262/hash_fnv.o
 .debug_info    0x000000000006e06a     0x158b build/sam_e70_xult_freertos/production/_ext/810785262/oahash.o
 .debug_info    0x000000000006f5f5     0x6ea8 build/sam_e70_xult_freertos/production/_ext/810785262/tcpip_helpers.o
 .debug_info    0x000000000007649d     0xc8ab build/sam_e70_xult_freertos/production/_ext/810785262/tcpip_manager.o
 .debug_info    0x0000000000082d48     0x44bb build/sam_e70_xult_freertos/production/_ext/810785262/tcpip_notify.o
 .debug_info    0x0000000000087203     0x547f build/sam_e70_xult_freertos/production/_ext/810785262/tcpip_packet.o
 .debug_info    0x000000000008c682      0x50d build/sam_e70_xult_freertos/production/_ext/231871610/sys_time_h2_adapter.o
 .debug_info    0x000000000008cb8f      0xc8e build/sam_e70_xult_freertos/production/_ext/1775855163/sys_int.o
 .debug_info    0x000000000008d81d      0xa57 build/sam_e70_xult_freertos/production/_ext/281930714/osal_freertos.o
 .debug_info    0x000000000008e274     0x502e build/sam_e70_xult_freertos/production/_ext/1360937237/app.o
 .debug_info    0x00000000000932a2     0x4774 build/sam_e70_xult_freertos/production/_ext/1552905064/tasks.o
 .debug_info    0x0000000000097a16     0xa6e7 build/sam_e70_xult_freertos/production/_ext/1619526243/drv_gmac.o
 .debug_info    0x00000000000a20fd     0x8d0b build/sam_e70_xult_freertos/production/_ext/1619526243/drv_gmac_lib_samE7x_V7x.o
 .debug_info    0x00000000000aae08     0x43d4 build/sam_e70_xult_freertos/production/_ext/1360937237/main.o
 .debug_info    0x00000000000af1dc     0x71f1 build/sam_e70_xult_freertos/production/_ext/1552905064/initialization.o
 .debug_info    0x00000000000b63cd     0x4ea9 build/sam_e70_xult_freertos/production/_ext/1552905064/interrupts.o
 .debug_info    0x00000000000bb276     0x4482 build/sam_e70_xult_freertos/production/_ext/1552905064/exceptions.o
 .debug_info    0x00000000000bf6f8      0x8b6 build/sam_e70_xult_freertos/production/_ext/45647770/plib_clk.o
 .debug_info    0x00000000000bffae      0xe94 build/sam_e70_xult_freertos/production/_ext/45635366/plib_pio.o
 .debug_info    0x00000000000c0e42      0xfd1 build/sam_e70_xult_freertos/production/_ext/1414743522/plib_nvic.o
 .debug_info    0x00000000000c1e13      0x8b4 build/sam_e70_xult_freertos/production/_ext/45638026/plib_mpu.o
 .debug_info    0x00000000000c26c7     0x4d8b build/sam_e70_xult_freertos/production/_ext/1552905064/startup_xc32.o
 .debug_info    0x00000000000c7452     0x6cba build/sam_e70_xult_freertos/production/_ext/810785262/tcpip_announce.o
 .debug_info    0x00000000000ce10c     0xa429 build/sam_e70_xult_freertos/production/_ext/810785262/udp.o
 .debug_info    0x00000000000d8535     0x539f build/sam_e70_xult_freertos/production/_ext/511568427/drv_miim.o
 .debug_info    0x00000000000dd8d4     0x841f build/sam_e70_xult_freertos/production/_ext/1607428259/drv_ethphy.o
 .debug_info    0x00000000000e5cf3     0x31cf build/sam_e70_xult_freertos/production/_ext/1607428259/drv_extphy_smsc8740.o
 .debug_info    0x00000000000e8ec2     0x1915 build/sam_e70_xult_freertos/production/_ext/762686499/sys_console.o
 .debug_info    0x00000000000ea7d7     0x5d02 build/sam_e70_xult_freertos/production/_ext/762686499/sys_console_uart.o
 .debug_info    0x00000000000f04d9     0x2e37 build/sam_e70_xult_freertos/production/_ext/762686499/sys_command.o
 .debug_info    0x00000000000f3310      0x4c3 build/sam_e70_xult_freertos/production/_ext/1552905064/freertos_hooks.o
 .debug_info    0x00000000000f37d3     0x10db build/sam_e70_xult_freertos/production/_ext/404212886/list.o
 .debug_info    0x00000000000f48ae     0x28f9 build/sam_e70_xult_freertos/production/_ext/404212886/queue.o
 .debug_info    0x00000000000f71a7     0x3597 build/sam_e70_xult_freertos/production/_ext/404212886/FreeRTOS_tasks.o
 .debug_info    0x00000000000fa73e      0xf17 build/sam_e70_xult_freertos/production/_ext/1665200909/heap_3.o
 .debug_info    0x00000000000fb655      0x6e3 build/sam_e70_xult_freertos/production/_ext/977623654/port.o

.debug_abbrev   0x0000000000000000     0xc323
 .debug_abbrev  0x0000000000000000      0x5e9 build/sam_e70_xult_freertos/production/_ext/810785262/dns.o
 .debug_abbrev  0x00000000000005e9      0x533 build/sam_e70_xult_freertos/production/_ext/810785262/icmp.o
 .debug_abbrev  0x0000000000000b1c      0x41e build/sam_e70_xult_freertos/production/_ext/810785262/nbns.o
 .debug_abbrev  0x0000000000000f3a      0x5d1 build/sam_e70_xult_freertos/production/_ext/810785262/tcp.o
 .debug_abbrev  0x000000000000150b      0x592 build/sam_e70_xult_freertos/production/_ext/810785262/dhcp.o
 .debug_abbrev  0x0000000000001a9d      0x54c build/sam_e70_xult_freertos/production/_ext/810785262/arp.o
 .debug_abbrev  0x0000000000001fe9      0x182 build/sam_e70_xult_freertos/production/_ext/1245453995/plib_tc0.o
 .debug_abbrev  0x000000000000216b      0x572 build/sam_e70_xult_freertos/production/_ext/912870411/sys_time.o
 .debug_abbrev  0x00000000000026dd      0x1a3 build/sam_e70_xult_freertos/production/_ext/683629640/bsp.o
 .debug_abbrev  0x0000000000002880      0x512 build/sam_e70_xult_freertos/production/_ext/810785262/tcpip_commands.o
 .debug_abbrev  0x0000000000002d92      0x2ab build/sam_e70_xult_freertos/production/_ext/901805035/plib_twihs0.o
 .debug_abbrev  0x000000000000303d      0x580 build/sam_e70_xult_freertos/production/_ext/810785262/iperf.o
 .debug_abbrev  0x00000000000035bd      0x50b build/sam_e70_xult_freertos/production/_ext/810785262/ipv4.o
 .debug_abbrev  0x0000000000003ac8      0x2c4 build/sam_e70_xult_freertos/production/_ext/901008055/plib_usart1.o
 .debug_abbrev  0x0000000000003d8c      0x69a build/sam_e70_xult_freertos/production/_ext/810785262/dhcps.o
 .debug_abbrev  0x0000000000004426      0x299 build/sam_e70_xult_freertos/production/_ext/810785262/tcpip_heap_alloc.o
 .debug_abbrev  0x00000000000046bf      0x3f2 build/sam_e70_xult_freertos/production/_ext/810785262/tcpip_heap_internal.o
 .debug_abbrev  0x0000000000004ab1      0x2ae build/sam_e70_xult_freertos/production/_ext/810785262/helpers.o
 .debug_abbrev  0x0000000000004d5f      0x1d0 build/sam_e70_xult_freertos/production/_ext/810785262/hash_fnv.o
 .debug_abbrev  0x0000000000004f2f      0x34c build/sam_e70_xult_freertos/production/_ext/810785262/oahash.o
 .debug_abbrev  0x000000000000527b      0x4fc build/sam_e70_xult_freertos/production/_ext/810785262/tcpip_helpers.o
 .debug_abbrev  0x0000000000005777      0x639 build/sam_e70_xult_freertos/production/_ext/810785262/tcpip_manager.o
 .debug_abbrev  0x0000000000005db0      0x2eb build/sam_e70_xult_freertos/production/_ext/810785262/tcpip_notify.o
 .debug_abbrev  0x000000000000609b      0x47d build/sam_e70_xult_freertos/production/_ext/810785262/tcpip_packet.o
 .debug_abbrev  0x0000000000006518      0x128 build/sam_e70_xult_freertos/production/_ext/231871610/sys_time_h2_adapter.o
 .debug_abbrev  0x0000000000006640      0x200 build/sam_e70_xult_freertos/production/_ext/1775855163/sys_int.o
 .debug_abbrev  0x0000000000006840      0x19f build/sam_e70_xult_freertos/production/_ext/281930714/osal_freertos.o
 .debug_abbrev  0x00000000000069df      0x35f build/sam_e70_xult_freertos/production/_ext/1360937237/app.o
 .debug_abbrev  0x0000000000006d3e      0x2ba build/sam_e70_xult_freertos/production/_ext/1552905064/tasks.o
 .debug_abbrev  0x0000000000006ff8      0x618 build/sam_e70_xult_freertos/production/_ext/1619526243/drv_gmac.o
 .debug_abbrev  0x0000000000007610      0x540 build/sam_e70_xult_freertos/production/_ext/1619526243/drv_gmac_lib_samE7x_V7x.o
 .debug_abbrev  0x0000000000007b50      0x270 build/sam_e70_xult_freertos/production/_ext/1360937237/main.o
 .debug_abbrev  0x0000000000007dc0      0x32a build/sam_e70_xult_freertos/production/_ext/1552905064/initialization.o
 .debug_abbrev  0x00000000000080ea      0x247 build/sam_e70_xult_freertos/production/_ext/1552905064/interrupts.o
 .debug_abbrev  0x0000000000008331      0x236 build/sam_e70_xult_freertos/production/_ext/1552905064/exceptions.o
 .debug_abbrev  0x0000000000008567       0xfa build/sam_e70_xult_freertos/production/_ext/45647770/plib_clk.o
 .debug_abbrev  0x0000000000008661      0x160 build/sam_e70_xult_freertos/production/_ext/45635366/plib_pio.o
 .debug_abbrev  0x00000000000087c1      0x179 build/sam_e70_xult_freertos/production/_ext/1414743522/plib_nvic.o
 .debug_abbrev  0x000000000000893a       0xcd build/sam_e70_xult_freertos/production/_ext/45638026/plib_mpu.o
 .debug_abbrev  0x0000000000008a07      0x366 build/sam_e70_xult_freertos/production/_ext/1552905064/startup_xc32.o
 .debug_abbrev  0x0000000000008d6d      0x47d build/sam_e70_xult_freertos/production/_ext/810785262/tcpip_announce.o
 .debug_abbrev  0x00000000000091ea      0x5bc build/sam_e70_xult_freertos/production/_ext/810785262/udp.o
 .debug_abbrev  0x00000000000097a6      0x683 build/sam_e70_xult_freertos/production/_ext/511568427/drv_miim.o
 .debug_abbrev  0x0000000000009e29      0x58f build/sam_e70_xult_freertos/production/_ext/1607428259/drv_ethphy.o
 .debug_abbrev  0x000000000000a3b8      0x2d0 build/sam_e70_xult_freertos/production/_ext/1607428259/drv_extphy_smsc8740.o
 .debug_abbrev  0x000000000000a688      0x299 build/sam_e70_xult_freertos/production/_ext/762686499/sys_console.o
 .debug_abbrev  0x000000000000a921      0x51a build/sam_e70_xult_freertos/production/_ext/762686499/sys_console_uart.o
 .debug_abbrev  0x000000000000ae3b      0x4d4 build/sam_e70_xult_freertos/production/_ext/762686499/sys_command.o
 .debug_abbrev  0x000000000000b30f      0x121 build/sam_e70_xult_freertos/production/_ext/1552905064/freertos_hooks.o
 .debug_abbrev  0x000000000000b430      0x231 build/sam_e70_xult_freertos/production/_ext/404212886/list.o
 .debug_abbrev  0x000000000000b661      0x3f1 build/sam_e70_xult_freertos/production/_ext/404212886/queue.o
 .debug_abbrev  0x000000000000ba52      0x49e build/sam_e70_xult_freertos/production/_ext/404212886/FreeRTOS_tasks.o
 .debug_abbrev  0x000000000000bef0      0x241 build/sam_e70_xult_freertos/production/_ext/1665200909/heap_3.o
 .debug_abbrev  0x000000000000c131      0x1f2 build/sam_e70_xult_freertos/production/_ext/977623654/port.o

.debug_loc      0x0000000000000000    0x39fc9
 .debug_loc     0x0000000000000000     0x2cf8 build/sam_e70_xult_freertos/production/_ext/810785262/dns.o
 .debug_loc     0x0000000000002cf8      0x9c8 build/sam_e70_xult_freertos/production/_ext/810785262/icmp.o
 .debug_loc     0x00000000000036c0      0x539 build/sam_e70_xult_freertos/production/_ext/810785262/nbns.o
 .debug_loc     0x0000000000003bf9     0x65a2 build/sam_e70_xult_freertos/production/_ext/810785262/tcp.o
 .debug_loc     0x000000000000a19b     0x2d25 build/sam_e70_xult_freertos/production/_ext/810785262/dhcp.o
 .debug_loc     0x000000000000cec0     0x2a93 build/sam_e70_xult_freertos/production/_ext/810785262/arp.o
 .debug_loc     0x000000000000f953       0x42 build/sam_e70_xult_freertos/production/_ext/1245453995/plib_tc0.o
 .debug_loc     0x000000000000f995     0x1e63 build/sam_e70_xult_freertos/production/_ext/912870411/sys_time.o
 .debug_loc     0x00000000000117f8     0x2bb8 build/sam_e70_xult_freertos/production/_ext/810785262/tcpip_commands.o
 .debug_loc     0x00000000000143b0      0x3a1 build/sam_e70_xult_freertos/production/_ext/901805035/plib_twihs0.o
 .debug_loc     0x0000000000014751     0x1df1 build/sam_e70_xult_freertos/production/_ext/810785262/iperf.o
 .debug_loc     0x0000000000016542     0x209e build/sam_e70_xult_freertos/production/_ext/810785262/ipv4.o
 .debug_loc     0x00000000000185e0      0x4ea build/sam_e70_xult_freertos/production/_ext/901008055/plib_usart1.o
 .debug_loc     0x0000000000018aca     0x2b38 build/sam_e70_xult_freertos/production/_ext/810785262/dhcps.o
 .debug_loc     0x000000000001b602      0x1fe build/sam_e70_xult_freertos/production/_ext/810785262/tcpip_heap_alloc.o
 .debug_loc     0x000000000001b800      0xad5 build/sam_e70_xult_freertos/production/_ext/810785262/tcpip_heap_internal.o
 .debug_loc     0x000000000001c2d5      0x4be build/sam_e70_xult_freertos/production/_ext/810785262/helpers.o
 .debug_loc     0x000000000001c793      0x278 build/sam_e70_xult_freertos/production/_ext/810785262/hash_fnv.o
 .debug_loc     0x000000000001ca0b      0x3ce build/sam_e70_xult_freertos/production/_ext/810785262/oahash.o
 .debug_loc     0x000000000001cdd9     0x2c37 build/sam_e70_xult_freertos/production/_ext/810785262/tcpip_helpers.o
 .debug_loc     0x000000000001fa10     0x53c8 build/sam_e70_xult_freertos/production/_ext/810785262/tcpip_manager.o
 .debug_loc     0x0000000000024dd8      0x2dc build/sam_e70_xult_freertos/production/_ext/810785262/tcpip_notify.o
 .debug_loc     0x00000000000250b4      0xa00 build/sam_e70_xult_freertos/production/_ext/810785262/tcpip_packet.o
 .debug_loc     0x0000000000025ab4       0xde build/sam_e70_xult_freertos/production/_ext/231871610/sys_time_h2_adapter.o
 .debug_loc     0x0000000000025b92       0xe9 build/sam_e70_xult_freertos/production/_ext/1775855163/sys_int.o
 .debug_loc     0x0000000000025c7b      0x5b4 build/sam_e70_xult_freertos/production/_ext/281930714/osal_freertos.o
 .debug_loc     0x000000000002622f      0x1b3 build/sam_e70_xult_freertos/production/_ext/1360937237/app.o
 .debug_loc     0x00000000000263e2      0x13c build/sam_e70_xult_freertos/production/_ext/1552905064/tasks.o
 .debug_loc     0x000000000002651e     0x1e53 build/sam_e70_xult_freertos/production/_ext/1619526243/drv_gmac.o
 .debug_loc     0x0000000000028371     0x1a8f build/sam_e70_xult_freertos/production/_ext/1619526243/drv_gmac_lib_samE7x_V7x.o
 .debug_loc     0x0000000000029e00       0x20 build/sam_e70_xult_freertos/production/_ext/1360937237/main.o
 .debug_loc     0x0000000000029e20       0x79 build/sam_e70_xult_freertos/production/_ext/1552905064/initialization.o
 .debug_loc     0x0000000000029e99       0x84 build/sam_e70_xult_freertos/production/_ext/45635366/plib_pio.o
 .debug_loc     0x0000000000029f1d      0x158 build/sam_e70_xult_freertos/production/_ext/1414743522/plib_nvic.o
 .debug_loc     0x000000000002a075       0x6d build/sam_e70_xult_freertos/production/_ext/1552905064/startup_xc32.o
 .debug_loc     0x000000000002a0e2      0x990 build/sam_e70_xult_freertos/production/_ext/810785262/tcpip_announce.o
 .debug_loc     0x000000000002aa72     0x3e47 build/sam_e70_xult_freertos/production/_ext/810785262/udp.o
 .debug_loc     0x000000000002e8b9     0x2421 build/sam_e70_xult_freertos/production/_ext/511568427/drv_miim.o
 .debug_loc     0x0000000000030cda     0x38bc build/sam_e70_xult_freertos/production/_ext/1607428259/drv_ethphy.o
 .debug_loc     0x0000000000034596      0x29b build/sam_e70_xult_freertos/production/_ext/1607428259/drv_extphy_smsc8740.o
 .debug_loc     0x0000000000034831      0x676 build/sam_e70_xult_freertos/production/_ext/762686499/sys_console.o
 .debug_loc     0x0000000000034ea7      0xb14 build/sam_e70_xult_freertos/production/_ext/762686499/sys_console_uart.o
 .debug_loc     0x00000000000359bb     0x1257 build/sam_e70_xult_freertos/production/_ext/762686499/sys_command.o
 .debug_loc     0x0000000000036c12       0x7a build/sam_e70_xult_freertos/production/_ext/1552905064/freertos_hooks.o
 .debug_loc     0x0000000000036c8c       0x9c build/sam_e70_xult_freertos/production/_ext/404212886/list.o
 .debug_loc     0x0000000000036d28     0x1335 build/sam_e70_xult_freertos/production/_ext/404212886/queue.o
 .debug_loc     0x000000000003805d     0x1d8b build/sam_e70_xult_freertos/production/_ext/404212886/FreeRTOS_tasks.o
 .debug_loc     0x0000000000039de8       0xbf build/sam_e70_xult_freertos/production/_ext/1665200909/heap_3.o
 .debug_loc     0x0000000000039ea7      0x122 build/sam_e70_xult_freertos/production/_ext/977623654/port.o

.debug_aranges  0x0000000000000000     0x2530
 .debug_aranges
                0x0000000000000000      0x140 build/sam_e70_xult_freertos/production/_ext/810785262/dns.o
 .debug_aranges
                0x0000000000000140       0x70 build/sam_e70_xult_freertos/production/_ext/810785262/icmp.o
 .debug_aranges
                0x00000000000001b0       0x40 build/sam_e70_xult_freertos/production/_ext/810785262/nbns.o
 .debug_aranges
                0x00000000000001f0      0x220 build/sam_e70_xult_freertos/production/_ext/810785262/tcp.o
 .debug_aranges
                0x0000000000000410      0x188 build/sam_e70_xult_freertos/production/_ext/810785262/dhcp.o
 .debug_aranges
                0x0000000000000598      0x110 build/sam_e70_xult_freertos/production/_ext/810785262/arp.o
 .debug_aranges
                0x00000000000006a8       0x68 build/sam_e70_xult_freertos/production/_ext/1245453995/plib_tc0.o
 .debug_aranges
                0x0000000000000710      0x130 build/sam_e70_xult_freertos/production/_ext/912870411/sys_time.o
 .debug_aranges
                0x0000000000000840       0x20 build/sam_e70_xult_freertos/production/_ext/683629640/bsp.o
 .debug_aranges
                0x0000000000000860       0xe0 build/sam_e70_xult_freertos/production/_ext/810785262/tcpip_commands.o
 .debug_aranges
                0x0000000000000940       0x68 build/sam_e70_xult_freertos/production/_ext/901805035/plib_twihs0.o
 .debug_aranges
                0x00000000000009a8       0x98 build/sam_e70_xult_freertos/production/_ext/810785262/iperf.o
 .debug_aranges
                0x0000000000000a40       0xc0 build/sam_e70_xult_freertos/production/_ext/810785262/ipv4.o
 .debug_aranges
                0x0000000000000b00       0x78 build/sam_e70_xult_freertos/production/_ext/901008055/plib_usart1.o
 .debug_aranges
                0x0000000000000b78      0x110 build/sam_e70_xult_freertos/production/_ext/810785262/dhcps.o
 .debug_aranges
                0x0000000000000c88       0x48 build/sam_e70_xult_freertos/production/_ext/810785262/tcpip_heap_alloc.o
 .debug_aranges
                0x0000000000000cd0       0x68 build/sam_e70_xult_freertos/production/_ext/810785262/tcpip_heap_internal.o
 .debug_aranges
                0x0000000000000d38       0x48 build/sam_e70_xult_freertos/production/_ext/810785262/helpers.o
 .debug_aranges
                0x0000000000000d80       0x28 build/sam_e70_xult_freertos/production/_ext/810785262/hash_fnv.o
 .debug_aranges
                0x0000000000000da8       0x50 build/sam_e70_xult_freertos/production/_ext/810785262/oahash.o
 .debug_aranges
                0x0000000000000df8      0x218 build/sam_e70_xult_freertos/production/_ext/810785262/tcpip_helpers.o
 .debug_aranges
                0x0000000000001010      0x380 build/sam_e70_xult_freertos/production/_ext/810785262/tcpip_manager.o
 .debug_aranges
                0x0000000000001390       0x40 build/sam_e70_xult_freertos/production/_ext/810785262/tcpip_notify.o
 .debug_aranges
                0x00000000000013d0       0x78 build/sam_e70_xult_freertos/production/_ext/810785262/tcpip_packet.o
 .debug_aranges
                0x0000000000001448       0x28 build/sam_e70_xult_freertos/production/_ext/231871610/sys_time_h2_adapter.o
 .debug_aranges
                0x0000000000001470       0x40 build/sam_e70_xult_freertos/production/_ext/1775855163/sys_int.o
 .debug_aranges
                0x00000000000014b0       0x80 build/sam_e70_xult_freertos/production/_ext/281930714/osal_freertos.o
 .debug_aranges
                0x0000000000001530       0x30 build/sam_e70_xult_freertos/production/_ext/1360937237/app.o
 .debug_aranges
                0x0000000000001560       0x40 build/sam_e70_xult_freertos/production/_ext/1552905064/tasks.o
 .debug_aranges
                0x00000000000015a0      0x280 build/sam_e70_xult_freertos/production/_ext/1619526243/drv_gmac.o
 .debug_aranges
                0x0000000000001820       0xb0 build/sam_e70_xult_freertos/production/_ext/1619526243/drv_gmac_lib_samE7x_V7x.o
 .debug_aranges
                0x00000000000018d0       0x20 build/sam_e70_xult_freertos/production/_ext/1360937237/main.o
 .debug_aranges
                0x00000000000018f0       0x28 build/sam_e70_xult_freertos/production/_ext/1552905064/initialization.o
 .debug_aranges
                0x0000000000001918       0x20 build/sam_e70_xult_freertos/production/_ext/1552905064/interrupts.o
 .debug_aranges
                0x0000000000001938       0x48 build/sam_e70_xult_freertos/production/_ext/1552905064/exceptions.o
 .debug_aranges
                0x0000000000001980       0x20 build/sam_e70_xult_freertos/production/_ext/45647770/plib_clk.o
 .debug_aranges
                0x00000000000019a0       0x60 build/sam_e70_xult_freertos/production/_ext/45635366/plib_pio.o
 .debug_aranges
                0x0000000000001a00       0x20 build/sam_e70_xult_freertos/production/_ext/1414743522/plib_nvic.o
 .debug_aranges
                0x0000000000001a20       0x20 build/sam_e70_xult_freertos/production/_ext/45638026/plib_mpu.o
 .debug_aranges
                0x0000000000001a40       0x20 build/sam_e70_xult_freertos/production/_ext/1552905064/startup_xc32.o
 .debug_aranges
                0x0000000000001a60       0x90 build/sam_e70_xult_freertos/production/_ext/810785262/tcpip_announce.o
 .debug_aranges
                0x0000000000001af0      0x1c0 build/sam_e70_xult_freertos/production/_ext/810785262/udp.o
 .debug_aranges
                0x0000000000001cb0       0xe8 build/sam_e70_xult_freertos/production/_ext/511568427/drv_miim.o
 .debug_aranges
                0x0000000000001d98      0x278 build/sam_e70_xult_freertos/production/_ext/1607428259/drv_ethphy.o
 .debug_aranges
                0x0000000000002010       0x30 build/sam_e70_xult_freertos/production/_ext/1607428259/drv_extphy_smsc8740.o
 .debug_aranges
                0x0000000000002040       0x50 build/sam_e70_xult_freertos/production/_ext/762686499/sys_console.o
 .debug_aranges
                0x0000000000002090       0x78 build/sam_e70_xult_freertos/production/_ext/762686499/sys_console_uart.o
 .debug_aranges
                0x0000000000002108       0xd0 build/sam_e70_xult_freertos/production/_ext/762686499/sys_command.o
 .debug_aranges
                0x00000000000021d8       0x40 build/sam_e70_xult_freertos/production/_ext/1552905064/freertos_hooks.o
 .debug_aranges
                0x0000000000002218       0x40 build/sam_e70_xult_freertos/production/_ext/404212886/list.o
 .debug_aranges
                0x0000000000002258       0xc8 build/sam_e70_xult_freertos/production/_ext/404212886/queue.o
 .debug_aranges
                0x0000000000002320      0x170 build/sam_e70_xult_freertos/production/_ext/404212886/FreeRTOS_tasks.o
 .debug_aranges
                0x0000000000002490       0x28 build/sam_e70_xult_freertos/production/_ext/1665200909/heap_3.o
 .debug_aranges
                0x00000000000024b8       0x78 build/sam_e70_xult_freertos/production/_ext/977623654/port.o

.debug_ranges   0x0000000000000000     0x4008
 .debug_ranges  0x0000000000000000      0x238 build/sam_e70_xult_freertos/production/_ext/810785262/dns.o
 .debug_ranges  0x0000000000000238       0xa8 build/sam_e70_xult_freertos/production/_ext/810785262/icmp.o
 .debug_ranges  0x00000000000002e0       0xb0 build/sam_e70_xult_freertos/production/_ext/810785262/nbns.o
 .debug_ranges  0x0000000000000390      0x700 build/sam_e70_xult_freertos/production/_ext/810785262/tcp.o
 .debug_ranges  0x0000000000000a90      0x2f0 build/sam_e70_xult_freertos/production/_ext/810785262/dhcp.o
 .debug_ranges  0x0000000000000d80      0x1c0 build/sam_e70_xult_freertos/production/_ext/810785262/arp.o
 .debug_ranges  0x0000000000000f40       0x58 build/sam_e70_xult_freertos/production/_ext/1245453995/plib_tc0.o
 .debug_ranges  0x0000000000000f98      0x168 build/sam_e70_xult_freertos/production/_ext/912870411/sys_time.o
 .debug_ranges  0x0000000000001100       0x10 build/sam_e70_xult_freertos/production/_ext/683629640/bsp.o
 .debug_ranges  0x0000000000001110      0x1d8 build/sam_e70_xult_freertos/production/_ext/810785262/tcpip_commands.o
 .debug_ranges  0x00000000000012e8       0x58 build/sam_e70_xult_freertos/production/_ext/901805035/plib_twihs0.o
 .debug_ranges  0x0000000000001340      0x2d0 build/sam_e70_xult_freertos/production/_ext/810785262/iperf.o
 .debug_ranges  0x0000000000001610      0x230 build/sam_e70_xult_freertos/production/_ext/810785262/ipv4.o
 .debug_ranges  0x0000000000001840       0x80 build/sam_e70_xult_freertos/production/_ext/901008055/plib_usart1.o
 .debug_ranges  0x00000000000018c0      0x348 build/sam_e70_xult_freertos/production/_ext/810785262/dhcps.o
 .debug_ranges  0x0000000000001c08       0x38 build/sam_e70_xult_freertos/production/_ext/810785262/tcpip_heap_alloc.o
 .debug_ranges  0x0000000000001c40       0x58 build/sam_e70_xult_freertos/production/_ext/810785262/tcpip_heap_internal.o
 .debug_ranges  0x0000000000001c98       0x38 build/sam_e70_xult_freertos/production/_ext/810785262/helpers.o
 .debug_ranges  0x0000000000001cd0       0x18 build/sam_e70_xult_freertos/production/_ext/810785262/hash_fnv.o
 .debug_ranges  0x0000000000001ce8       0x40 build/sam_e70_xult_freertos/production/_ext/810785262/oahash.o
 .debug_ranges  0x0000000000001d28      0x258 build/sam_e70_xult_freertos/production/_ext/810785262/tcpip_helpers.o
 .debug_ranges  0x0000000000001f80      0x688 build/sam_e70_xult_freertos/production/_ext/810785262/tcpip_manager.o
 .debug_ranges  0x0000000000002608       0x30 build/sam_e70_xult_freertos/production/_ext/810785262/tcpip_notify.o
 .debug_ranges  0x0000000000002638       0x80 build/sam_e70_xult_freertos/production/_ext/810785262/tcpip_packet.o
 .debug_ranges  0x00000000000026b8       0x18 build/sam_e70_xult_freertos/production/_ext/231871610/sys_time_h2_adapter.o
 .debug_ranges  0x00000000000026d0       0x30 build/sam_e70_xult_freertos/production/_ext/1775855163/sys_int.o
 .debug_ranges  0x0000000000002700       0x70 build/sam_e70_xult_freertos/production/_ext/281930714/osal_freertos.o
 .debug_ranges  0x0000000000002770       0x20 build/sam_e70_xult_freertos/production/_ext/1360937237/app.o
 .debug_ranges  0x0000000000002790       0x30 build/sam_e70_xult_freertos/production/_ext/1552905064/tasks.o
 .debug_ranges  0x00000000000027c0      0x320 build/sam_e70_xult_freertos/production/_ext/1619526243/drv_gmac.o
 .debug_ranges  0x0000000000002ae0      0x118 build/sam_e70_xult_freertos/production/_ext/1619526243/drv_gmac_lib_samE7x_V7x.o
 .debug_ranges  0x0000000000002bf8       0x10 build/sam_e70_xult_freertos/production/_ext/1360937237/main.o
 .debug_ranges  0x0000000000002c08       0x18 build/sam_e70_xult_freertos/production/_ext/1552905064/initialization.o
 .debug_ranges  0x0000000000002c20       0x10 build/sam_e70_xult_freertos/production/_ext/1552905064/interrupts.o
 .debug_ranges  0x0000000000002c30       0x38 build/sam_e70_xult_freertos/production/_ext/1552905064/exceptions.o
 .debug_ranges  0x0000000000002c68       0x10 build/sam_e70_xult_freertos/production/_ext/45647770/plib_clk.o
 .debug_ranges  0x0000000000002c78       0x50 build/sam_e70_xult_freertos/production/_ext/45635366/plib_pio.o
 .debug_ranges  0x0000000000002cc8       0x10 build/sam_e70_xult_freertos/production/_ext/1414743522/plib_nvic.o
 .debug_ranges  0x0000000000002cd8       0x10 build/sam_e70_xult_freertos/production/_ext/45638026/plib_mpu.o
 .debug_ranges  0x0000000000002ce8       0x10 build/sam_e70_xult_freertos/production/_ext/1552905064/startup_xc32.o
 .debug_ranges  0x0000000000002cf8      0x100 build/sam_e70_xult_freertos/production/_ext/810785262/tcpip_announce.o
 .debug_ranges  0x0000000000002df8      0x3f0 build/sam_e70_xult_freertos/production/_ext/810785262/udp.o
 .debug_ranges  0x00000000000031e8      0x348 build/sam_e70_xult_freertos/production/_ext/511568427/drv_miim.o
 .debug_ranges  0x0000000000003530      0x2e0 build/sam_e70_xult_freertos/production/_ext/1607428259/drv_ethphy.o
 .debug_ranges  0x0000000000003810       0x20 build/sam_e70_xult_freertos/production/_ext/1607428259/drv_extphy_smsc8740.o
 .debug_ranges  0x0000000000003830       0x40 build/sam_e70_xult_freertos/production/_ext/762686499/sys_console.o
 .debug_ranges  0x0000000000003870       0xc8 build/sam_e70_xult_freertos/production/_ext/762686499/sys_console_uart.o
 .debug_ranges  0x0000000000003938      0x1a8 build/sam_e70_xult_freertos/production/_ext/762686499/sys_command.o
 .debug_ranges  0x0000000000003ae0       0x30 build/sam_e70_xult_freertos/production/_ext/1552905064/freertos_hooks.o
 .debug_ranges  0x0000000000003b10       0x30 build/sam_e70_xult_freertos/production/_ext/404212886/list.o
 .debug_ranges  0x0000000000003b40      0x1b8 build/sam_e70_xult_freertos/production/_ext/404212886/queue.o
 .debug_ranges  0x0000000000003cf8      0x290 build/sam_e70_xult_freertos/production/_ext/404212886/FreeRTOS_tasks.o
 .debug_ranges  0x0000000000003f88       0x18 build/sam_e70_xult_freertos/production/_ext/1665200909/heap_3.o
 .debug_ranges  0x0000000000003fa0       0x68 build/sam_e70_xult_freertos/production/_ext/977623654/port.o

.debug_line     0x0000000000000000    0x16387
 .debug_line    0x0000000000000000      0xb8f build/sam_e70_xult_freertos/production/_ext/810785262/dns.o
 .debug_line    0x0000000000000b8f      0x6de build/sam_e70_xult_freertos/production/_ext/810785262/icmp.o
 .debug_line    0x000000000000126d      0x4b6 build/sam_e70_xult_freertos/production/_ext/810785262/nbns.o
 .debug_line    0x0000000000001723     0x17ed build/sam_e70_xult_freertos/production/_ext/810785262/tcp.o
 .debug_line    0x0000000000002f10      0xe2c build/sam_e70_xult_freertos/production/_ext/810785262/dhcp.o
 .debug_line    0x0000000000003d3c      0xae5 build/sam_e70_xult_freertos/production/_ext/810785262/arp.o
 .debug_line    0x0000000000004821      0x21c build/sam_e70_xult_freertos/production/_ext/1245453995/plib_tc0.o
 .debug_line    0x0000000000004a3d      0x7d1 build/sam_e70_xult_freertos/production/_ext/912870411/sys_time.o
 .debug_line    0x000000000000520e      0x201 build/sam_e70_xult_freertos/production/_ext/683629640/bsp.o
 .debug_line    0x000000000000540f      0xc3e build/sam_e70_xult_freertos/production/_ext/810785262/tcpip_commands.o
 .debug_line    0x000000000000604d      0x32e build/sam_e70_xult_freertos/production/_ext/901805035/plib_twihs0.o
 .debug_line    0x000000000000637b      0xd4b build/sam_e70_xult_freertos/production/_ext/810785262/iperf.o
 .debug_line    0x00000000000070c6      0xa19 build/sam_e70_xult_freertos/production/_ext/810785262/ipv4.o
 .debug_line    0x0000000000007adf      0x30f build/sam_e70_xult_freertos/production/_ext/901008055/plib_usart1.o
 .debug_line    0x0000000000007dee      0xc1c build/sam_e70_xult_freertos/production/_ext/810785262/dhcps.o
 .debug_line    0x0000000000008a0a      0x3ef build/sam_e70_xult_freertos/production/_ext/810785262/tcpip_heap_alloc.o
 .debug_line    0x0000000000008df9      0x5bf build/sam_e70_xult_freertos/production/_ext/810785262/tcpip_heap_internal.o
 .debug_line    0x00000000000093b8      0x275 build/sam_e70_xult_freertos/production/_ext/810785262/helpers.o
 .debug_line    0x000000000000962d      0x1d1 build/sam_e70_xult_freertos/production/_ext/810785262/hash_fnv.o
 .debug_line    0x00000000000097fe      0x29c build/sam_e70_xult_freertos/production/_ext/810785262/oahash.o
 .debug_line    0x0000000000009a9a      0xc5c build/sam_e70_xult_freertos/production/_ext/810785262/tcpip_helpers.o
 .debug_line    0x000000000000a6f6     0x14c1 build/sam_e70_xult_freertos/production/_ext/810785262/tcpip_manager.o
 .debug_line    0x000000000000bbb7      0x48a build/sam_e70_xult_freertos/production/_ext/810785262/tcpip_notify.o
 .debug_line    0x000000000000c041      0x541 build/sam_e70_xult_freertos/production/_ext/810785262/tcpip_packet.o
 .debug_line    0x000000000000c582      0x19f build/sam_e70_xult_freertos/production/_ext/231871610/sys_time_h2_adapter.o
 .debug_line    0x000000000000c721      0x246 build/sam_e70_xult_freertos/production/_ext/1775855163/sys_int.o
 .debug_line    0x000000000000c967      0x2f3 build/sam_e70_xult_freertos/production/_ext/281930714/osal_freertos.o
 .debug_line    0x000000000000cc5a      0x4b3 build/sam_e70_xult_freertos/production/_ext/1360937237/app.o
 .debug_line    0x000000000000d10d      0x4af build/sam_e70_xult_freertos/production/_ext/1552905064/tasks.o
 .debug_line    0x000000000000d5bc      0xe27 build/sam_e70_xult_freertos/production/_ext/1619526243/drv_gmac.o
 .debug_line    0x000000000000e3e3      0x976 build/sam_e70_xult_freertos/production/_ext/1619526243/drv_gmac_lib_samE7x_V7x.o
 .debug_line    0x000000000000ed59      0x360 build/sam_e70_xult_freertos/production/_ext/1360937237/main.o
 .debug_line    0x000000000000f0b9      0x797 build/sam_e70_xult_freertos/production/_ext/1552905064/initialization.o
 .debug_line    0x000000000000f850      0x38e build/sam_e70_xult_freertos/production/_ext/1552905064/interrupts.o
 .debug_line    0x000000000000fbde      0x3ad build/sam_e70_xult_freertos/production/_ext/1552905064/exceptions.o
 .debug_line    0x000000000000ff8b      0x17e build/sam_e70_xult_freertos/production/_ext/45647770/plib_clk.o
 .debug_line    0x0000000000010109      0x221 build/sam_e70_xult_freertos/production/_ext/45635366/plib_pio.o
 .debug_line    0x000000000001032a      0x1a9 build/sam_e70_xult_freertos/production/_ext/1414743522/plib_nvic.o
 .debug_line    0x00000000000104d3      0x15d build/sam_e70_xult_freertos/production/_ext/45638026/plib_mpu.o
 .debug_line    0x0000000000010630      0x4b2 build/sam_e70_xult_freertos/production/_ext/1552905064/startup_xc32.o
 .debug_line    0x0000000000010ae2      0x69d build/sam_e70_xult_freertos/production/_ext/810785262/tcpip_announce.o
 .debug_line    0x000000000001117f      0xf8a build/sam_e70_xult_freertos/production/_ext/810785262/udp.o
 .debug_line    0x0000000000012109      0x8f0 build/sam_e70_xult_freertos/production/_ext/511568427/drv_miim.o
 .debug_line    0x00000000000129f9      0xebf build/sam_e70_xult_freertos/production/_ext/1607428259/drv_ethphy.o
 .debug_line    0x00000000000138b8      0x358 build/sam_e70_xult_freertos/production/_ext/1607428259/drv_extphy_smsc8740.o
 .debug_line    0x0000000000013c10      0x333 build/sam_e70_xult_freertos/production/_ext/762686499/sys_console.o
 .debug_line    0x0000000000013f43      0x670 build/sam_e70_xult_freertos/production/_ext/762686499/sys_console_uart.o
 .debug_line    0x00000000000145b3      0x61d build/sam_e70_xult_freertos/production/_ext/762686499/sys_command.o
 .debug_line    0x0000000000014bd0      0x1cd build/sam_e70_xult_freertos/production/_ext/1552905064/freertos_hooks.o
 .debug_line    0x0000000000014d9d      0x292 build/sam_e70_xult_freertos/production/_ext/404212886/list.o
 .debug_line    0x000000000001502f      0x64d build/sam_e70_xult_freertos/production/_ext/404212886/queue.o
 .debug_line    0x000000000001567c      0x8f4 build/sam_e70_xult_freertos/production/_ext/404212886/FreeRTOS_tasks.o
 .debug_line    0x0000000000015f70      0x1ac build/sam_e70_xult_freertos/production/_ext/1665200909/heap_3.o
 .debug_line    0x000000000001611c      0x26b build/sam_e70_xult_freertos/production/_ext/977623654/port.o

.debug_str      0x0000000000000000     0x5def
 .debug_str     0x0000000000000000      0x4d1 build/sam_e70_xult_freertos/production/_ext/810785262/dns.o
 .debug_str     0x00000000000004d1      0x325 build/sam_e70_xult_freertos/production/_ext/810785262/icmp.o
 .debug_str     0x00000000000007f6      0x222 build/sam_e70_xult_freertos/production/_ext/810785262/nbns.o
 .debug_str     0x0000000000000a18      0x3e3 build/sam_e70_xult_freertos/production/_ext/810785262/tcp.o
 .debug_str     0x0000000000000dfb      0x60a build/sam_e70_xult_freertos/production/_ext/810785262/dhcp.o
 .debug_str     0x0000000000001405      0x4bc build/sam_e70_xult_freertos/production/_ext/810785262/arp.o
 .debug_str     0x00000000000018c1        0xa build/sam_e70_xult_freertos/production/_ext/1245453995/plib_tc0.o
 .debug_str     0x00000000000018cb      0x16e build/sam_e70_xult_freertos/production/_ext/912870411/sys_time.o
 .debug_str     0x0000000000001a39        0xe build/sam_e70_xult_freertos/production/_ext/683629640/bsp.o
 .debug_str     0x0000000000001a47      0x815 build/sam_e70_xult_freertos/production/_ext/810785262/tcpip_commands.o
 .debug_str     0x000000000000225c       0x11 build/sam_e70_xult_freertos/production/_ext/901805035/plib_twihs0.o
 .debug_str     0x000000000000226d      0x502 build/sam_e70_xult_freertos/production/_ext/810785262/iperf.o
 .debug_str     0x000000000000276f      0x540 build/sam_e70_xult_freertos/production/_ext/810785262/ipv4.o
 .debug_str     0x0000000000002caf       0x10 build/sam_e70_xult_freertos/production/_ext/901008055/plib_usart1.o
 .debug_str     0x0000000000002cbf      0x626 build/sam_e70_xult_freertos/production/_ext/810785262/dhcps.o
 .debug_str     0x00000000000032e5       0x6d build/sam_e70_xult_freertos/production/_ext/810785262/tcpip_heap_alloc.o
 .debug_str     0x0000000000003352       0x90 build/sam_e70_xult_freertos/production/_ext/810785262/tcpip_heap_internal.o
 .debug_str     0x00000000000033e2       0x21 build/sam_e70_xult_freertos/production/_ext/810785262/helpers.o
 .debug_str     0x0000000000003403        0xe build/sam_e70_xult_freertos/production/_ext/810785262/hash_fnv.o
 .debug_str     0x0000000000003411       0x18 build/sam_e70_xult_freertos/production/_ext/810785262/oahash.o
 .debug_str     0x0000000000003429      0x11e build/sam_e70_xult_freertos/production/_ext/810785262/tcpip_helpers.o
 .debug_str     0x0000000000003547      0x4f2 build/sam_e70_xult_freertos/production/_ext/810785262/tcpip_manager.o
 .debug_str     0x0000000000003a39       0xfe build/sam_e70_xult_freertos/production/_ext/810785262/tcpip_notify.o
 .debug_str     0x0000000000003b37       0x21 build/sam_e70_xult_freertos/production/_ext/810785262/tcpip_packet.o
 .debug_str     0x0000000000003b58       0x25 build/sam_e70_xult_freertos/production/_ext/231871610/sys_time_h2_adapter.o
 .debug_str     0x0000000000003b7d       0x10 build/sam_e70_xult_freertos/production/_ext/1775855163/sys_int.o
 .debug_str     0x0000000000003b8d      0x124 build/sam_e70_xult_freertos/production/_ext/281930714/osal_freertos.o
 .debug_str     0x0000000000003cb1      0x1c6 build/sam_e70_xult_freertos/production/_ext/1360937237/app.o
 .debug_str     0x0000000000003e77       0x9c build/sam_e70_xult_freertos/production/_ext/1552905064/tasks.o
 .debug_str     0x0000000000003f13      0x387 build/sam_e70_xult_freertos/production/_ext/1619526243/drv_gmac.o
 .debug_str     0x000000000000429a      0x13c build/sam_e70_xult_freertos/production/_ext/1619526243/drv_gmac_lib_samE7x_V7x.o
 .debug_str     0x00000000000043d6       0x45 build/sam_e70_xult_freertos/production/_ext/1360937237/main.o
 .debug_str     0x000000000000441b      0x1b4 build/sam_e70_xult_freertos/production/_ext/1552905064/initialization.o
 .debug_str     0x00000000000045cf       0x2c build/sam_e70_xult_freertos/production/_ext/1552905064/interrupts.o
 .debug_str     0x00000000000045fb       0x2c build/sam_e70_xult_freertos/production/_ext/1552905064/exceptions.o
 .debug_str     0x0000000000004627        0xa build/sam_e70_xult_freertos/production/_ext/45647770/plib_clk.o
 .debug_str     0x0000000000004631       0x46 build/sam_e70_xult_freertos/production/_ext/45635366/plib_pio.o
 .debug_str     0x0000000000004677       0x28 build/sam_e70_xult_freertos/production/_ext/1414743522/plib_nvic.o
 .debug_str     0x000000000000469f        0x0 build/sam_e70_xult_freertos/production/_ext/45638026/plib_mpu.o
 .debug_str     0x000000000000469f       0xa6 build/sam_e70_xult_freertos/production/_ext/1552905064/startup_xc32.o
 .debug_str     0x0000000000004745      0x308 build/sam_e70_xult_freertos/production/_ext/810785262/tcpip_announce.o
 .debug_str     0x0000000000004a4d      0x3a1 build/sam_e70_xult_freertos/production/_ext/810785262/udp.o
 .debug_str     0x0000000000004dee      0x2a8 build/sam_e70_xult_freertos/production/_ext/511568427/drv_miim.o
 .debug_str     0x0000000000005096      0x52c build/sam_e70_xult_freertos/production/_ext/1607428259/drv_ethphy.o
 .debug_str     0x00000000000055c2       0x4d build/sam_e70_xult_freertos/production/_ext/1607428259/drv_extphy_smsc8740.o
 .debug_str     0x000000000000560f       0x27 build/sam_e70_xult_freertos/production/_ext/762686499/sys_console.o
 .debug_str     0x0000000000005636      0x113 build/sam_e70_xult_freertos/production/_ext/762686499/sys_console_uart.o
 .debug_str     0x0000000000005749       0xc3 build/sam_e70_xult_freertos/production/_ext/762686499/sys_command.o
 .debug_str     0x000000000000580c       0x25 build/sam_e70_xult_freertos/production/_ext/1552905064/freertos_hooks.o
 .debug_str     0x0000000000005831       0x39 build/sam_e70_xult_freertos/production/_ext/404212886/list.o
 .debug_str     0x000000000000586a      0x28d build/sam_e70_xult_freertos/production/_ext/404212886/queue.o
 .debug_str     0x0000000000005af7      0x288 build/sam_e70_xult_freertos/production/_ext/404212886/FreeRTOS_tasks.o
 .debug_str     0x0000000000005d7f       0x4a build/sam_e70_xult_freertos/production/_ext/1665200909/heap_3.o
 .debug_str     0x0000000000005dc9       0x26 build/sam_e70_xult_freertos/production/_ext/977623654/port.o

.comment        0x0000000000000000       0x3c
 .comment       0x0000000000000000       0x3c build/sam_e70_xult_freertos/production/_ext/810785262/dns.o
                                         0x3d (size before relaxing)
 .comment       0x000000000000003c       0x3d build/sam_e70_xult_freertos/production/_ext/810785262/icmp.o
 .comment       0x000000000000003c       0x3d build/sam_e70_xult_freertos/production/_ext/810785262/nbns.o
 .comment       0x000000000000003c       0x3d build/sam_e70_xult_freertos/production/_ext/810785262/tcp.o
 .comment       0x000000000000003c       0x3d build/sam_e70_xult_freertos/production/_ext/810785262/dhcp.o
 .comment       0x000000000000003c       0x3d build/sam_e70_xult_freertos/production/_ext/810785262/arp.o
 .comment       0x000000000000003c       0x3d build/sam_e70_xult_freertos/production/_ext/1245453995/plib_tc0.o
 .comment       0x000000000000003c       0x3d build/sam_e70_xult_freertos/production/_ext/912870411/sys_time.o
 .comment       0x000000000000003c       0x3d build/sam_e70_xult_freertos/production/_ext/683629640/bsp.o
 .comment       0x000000000000003c       0x3d build/sam_e70_xult_freertos/production/_ext/810785262/tcpip_commands.o
 .comment       0x000000000000003c       0x3d build/sam_e70_xult_freertos/production/_ext/901805035/plib_twihs0.o
 .comment       0x000000000000003c       0x3d build/sam_e70_xult_freertos/production/_ext/810785262/iperf.o
 .comment       0x000000000000003c       0x3d build/sam_e70_xult_freertos/production/_ext/810785262/ipv4.o
 .comment       0x000000000000003c       0x3d build/sam_e70_xult_freertos/production/_ext/901008055/plib_usart1.o
 .comment       0x000000000000003c       0x3d build/sam_e70_xult_freertos/production/_ext/810785262/dhcps.o
 .comment       0x000000000000003c       0x3d build/sam_e70_xult_freertos/production/_ext/810785262/tcpip_heap_alloc.o
 .comment       0x000000000000003c       0x3d build/sam_e70_xult_freertos/production/_ext/810785262/tcpip_heap_internal.o
 .comment       0x000000000000003c       0x3d build/sam_e70_xult_freertos/production/_ext/810785262/helpers.o
 .comment       0x000000000000003c       0x3d build/sam_e70_xult_freertos/production/_ext/810785262/hash_fnv.o
 .comment       0x000000000000003c       0x3d build/sam_e70_xult_freertos/production/_ext/810785262/oahash.o
 .comment       0x000000000000003c       0x3d build/sam_e70_xult_freertos/production/_ext/810785262/tcpip_helpers.o
 .comment       0x000000000000003c       0x3d build/sam_e70_xult_freertos/production/_ext/810785262/tcpip_manager.o
 .comment       0x000000000000003c       0x3d build/sam_e70_xult_freertos/production/_ext/810785262/tcpip_notify.o
 .comment       0x000000000000003c       0x3d build/sam_e70_xult_freertos/production/_ext/810785262/tcpip_packet.o
 .comment       0x000000000000003c       0x3d build/sam_e70_xult_freertos/production/_ext/231871610/sys_time_h2_adapter.o
 .comment       0x000000000000003c       0x3d build/sam_e70_xult_freertos/production/_ext/1775855163/sys_int.o
 .comment       0x000000000000003c       0x3d build/sam_e70_xult_freertos/production/_ext/281930714/osal_freertos.o
 .comment       0x000000000000003c       0x3d build/sam_e70_xult_freertos/production/_ext/1360937237/app.o
 .comment       0x000000000000003c       0x3d build/sam_e70_xult_freertos/production/_ext/1552905064/tasks.o
 .comment       0x000000000000003c       0x3d build/sam_e70_xult_freertos/production/_ext/1619526243/drv_gmac.o
 .comment       0x000000000000003c       0x3d build/sam_e70_xult_freertos/production/_ext/1619526243/drv_gmac_lib_samE7x_V7x.o
 .comment       0x000000000000003c       0x3d build/sam_e70_xult_freertos/production/_ext/1360937237/main.o
 .comment       0x000000000000003c       0x3d build/sam_e70_xult_freertos/production/_ext/1552905064/initialization.o
 .comment       0x000000000000003c       0x3d build/sam_e70_xult_freertos/production/_ext/1552905064/interrupts.o
 .comment       0x000000000000003c       0x3d build/sam_e70_xult_freertos/production/_ext/1552905064/exceptions.o
 .comment       0x000000000000003c       0x3d build/sam_e70_xult_freertos/production/_ext/45647770/plib_clk.o
 .comment       0x000000000000003c       0x3d build/sam_e70_xult_freertos/production/_ext/45635366/plib_pio.o
 .comment       0x000000000000003c       0x3d build/sam_e70_xult_freertos/production/_ext/1414743522/plib_nvic.o
 .comment       0x000000000000003c       0x3d build/sam_e70_xult_freertos/production/_ext/45638026/plib_mpu.o
 .comment       0x000000000000003c       0x3d build/sam_e70_xult_freertos/production/_ext/1552905064/startup_xc32.o
 .comment       0x000000000000003c       0x3d build/sam_e70_xult_freertos/production/_ext/810785262/tcpip_announce.o
 .comment       0x000000000000003c       0x3d build/sam_e70_xult_freertos/production/_ext/810785262/udp.o
 .comment       0x000000000000003c       0x3d build/sam_e70_xult_freertos/production/_ext/511568427/drv_miim.o
 .comment       0x000000000000003c       0x3d build/sam_e70_xult_freertos/production/_ext/1607428259/drv_ethphy.o
 .comment       0x000000000000003c       0x3d build/sam_e70_xult_freertos/production/_ext/1607428259/drv_extphy_smsc8740.o
 .comment       0x000000000000003c       0x3d build/sam_e70_xult_freertos/production/_ext/762686499/sys_console.o
 .comment       0x000000000000003c       0x3d build/sam_e70_xult_freertos/production/_ext/762686499/sys_console_uart.o
 .comment       0x000000000000003c       0x3d build/sam_e70_xult_freertos/production/_ext/762686499/sys_command.o
 .comment       0x000000000000003c       0x3d build/sam_e70_xult_freertos/production/_ext/1552905064/freertos_hooks.o
 .comment       0x000000000000003c       0x3d build/sam_e70_xult_freertos/production/_ext/404212886/list.o
 .comment       0x000000000000003c       0x3d build/sam_e70_xult_freertos/production/_ext/404212886/queue.o
 .comment       0x000000000000003c       0x3d build/sam_e70_xult_freertos/production/_ext/404212886/FreeRTOS_tasks.o
 .comment       0x000000000000003c       0x3d build/sam_e70_xult_freertos/production/_ext/1665200909/heap_3.o
 .comment       0x000000000000003c       0x3d build/sam_e70_xult_freertos/production/_ext/977623654/port.o

.debug_frame    0x0000000000000000     0x7de4
 .debug_frame   0x0000000000000000      0x490 build/sam_e70_xult_freertos/production/_ext/810785262/dns.o
 .debug_frame   0x0000000000000490      0x158 build/sam_e70_xult_freertos/production/_ext/810785262/icmp.o
 .debug_frame   0x00000000000005e8       0xa4 build/sam_e70_xult_freertos/production/_ext/810785262/nbns.o
 .debug_frame   0x000000000000068c      0x76c build/sam_e70_xult_freertos/production/_ext/810785262/tcp.o
 .debug_frame   0x0000000000000df8      0x52c build/sam_e70_xult_freertos/production/_ext/810785262/dhcp.o
 .debug_frame   0x0000000000001324      0x4dc build/sam_e70_xult_freertos/production/_ext/810785262/arp.o
 .debug_frame   0x0000000000001800       0xb8 build/sam_e70_xult_freertos/production/_ext/1245453995/plib_tc0.o
 .debug_frame   0x00000000000018b8      0x3bc build/sam_e70_xult_freertos/production/_ext/912870411/sys_time.o
 .debug_frame   0x0000000000001c74       0x20 build/sam_e70_xult_freertos/production/_ext/683629640/bsp.o
 .debug_frame   0x0000000000001c94      0x3d4 build/sam_e70_xult_freertos/production/_ext/810785262/tcpip_commands.o
 .debug_frame   0x0000000000002068       0xd8 build/sam_e70_xult_freertos/production/_ext/901805035/plib_twihs0.o
 .debug_frame   0x0000000000002140      0x2a8 build/sam_e70_xult_freertos/production/_ext/810785262/iperf.o
 .debug_frame   0x00000000000023e8      0x2ac build/sam_e70_xult_freertos/production/_ext/810785262/ipv4.o
 .debug_frame   0x0000000000002694      0x114 build/sam_e70_xult_freertos/production/_ext/901008055/plib_usart1.o
 .debug_frame   0x00000000000027a8      0x3cc build/sam_e70_xult_freertos/production/_ext/810785262/dhcps.o
 .debug_frame   0x0000000000002b74       0x9c build/sam_e70_xult_freertos/production/_ext/810785262/tcpip_heap_alloc.o
 .debug_frame   0x0000000000002c10      0x138 build/sam_e70_xult_freertos/production/_ext/810785262/tcpip_heap_internal.o
 .debug_frame   0x0000000000002d48       0xd8 build/sam_e70_xult_freertos/production/_ext/810785262/helpers.o
 .debug_frame   0x0000000000002e20       0x30 build/sam_e70_xult_freertos/production/_ext/810785262/hash_fnv.o
 .debug_frame   0x0000000000002e50       0xc0 build/sam_e70_xult_freertos/production/_ext/810785262/oahash.o
 .debug_frame   0x0000000000002f10      0x6dc build/sam_e70_xult_freertos/production/_ext/810785262/tcpip_helpers.o
 .debug_frame   0x00000000000035ec      0xab4 build/sam_e70_xult_freertos/production/_ext/810785262/tcpip_manager.o
 .debug_frame   0x00000000000040a0       0x94 build/sam_e70_xult_freertos/production/_ext/810785262/tcpip_notify.o
 .debug_frame   0x0000000000004134      0x154 build/sam_e70_xult_freertos/production/_ext/810785262/tcpip_packet.o
 .debug_frame   0x0000000000004288       0x40 build/sam_e70_xult_freertos/production/_ext/231871610/sys_time_h2_adapter.o
 .debug_frame   0x00000000000042c8       0x6c build/sam_e70_xult_freertos/production/_ext/1775855163/sys_int.o
 .debug_frame   0x0000000000004334      0x150 build/sam_e70_xult_freertos/production/_ext/281930714/osal_freertos.o
 .debug_frame   0x0000000000004484       0x68 build/sam_e70_xult_freertos/production/_ext/1360937237/app.o
 .debug_frame   0x00000000000044ec       0x94 build/sam_e70_xult_freertos/production/_ext/1552905064/tasks.o
 .debug_frame   0x0000000000004580      0x670 build/sam_e70_xult_freertos/production/_ext/1619526243/drv_gmac.o
 .debug_frame   0x0000000000004bf0      0x230 build/sam_e70_xult_freertos/production/_ext/1619526243/drv_gmac_lib_samE7x_V7x.o
 .debug_frame   0x0000000000004e20       0x28 build/sam_e70_xult_freertos/production/_ext/1360937237/main.o
 .debug_frame   0x0000000000004e48       0x44 build/sam_e70_xult_freertos/production/_ext/1552905064/initialization.o
 .debug_frame   0x0000000000004e8c       0x20 build/sam_e70_xult_freertos/production/_ext/1552905064/interrupts.o
 .debug_frame   0x0000000000004eac       0x70 build/sam_e70_xult_freertos/production/_ext/1552905064/exceptions.o
 .debug_frame   0x0000000000004f1c       0x20 build/sam_e70_xult_freertos/production/_ext/45647770/plib_clk.o
 .debug_frame   0x0000000000004f3c       0xa0 build/sam_e70_xult_freertos/production/_ext/45635366/plib_pio.o
 .debug_frame   0x0000000000004fdc       0x20 build/sam_e70_xult_freertos/production/_ext/1414743522/plib_nvic.o
 .debug_frame   0x0000000000004ffc       0x20 build/sam_e70_xult_freertos/production/_ext/45638026/plib_mpu.o
 .debug_frame   0x000000000000501c       0x30 build/sam_e70_xult_freertos/production/_ext/1552905064/startup_xc32.o
 .debug_frame   0x000000000000504c      0x188 build/sam_e70_xult_freertos/production/_ext/810785262/tcpip_announce.o
 .debug_frame   0x00000000000051d4      0x658 build/sam_e70_xult_freertos/production/_ext/810785262/udp.o
 .debug_frame   0x000000000000582c      0x2c8 build/sam_e70_xult_freertos/production/_ext/511568427/drv_miim.o
 .debug_frame   0x0000000000005af4      0x728 build/sam_e70_xult_freertos/production/_ext/1607428259/drv_ethphy.o
 .debug_frame   0x000000000000621c       0x70 build/sam_e70_xult_freertos/production/_ext/1607428259/drv_extphy_smsc8740.o
 .debug_frame   0x000000000000628c       0xcc build/sam_e70_xult_freertos/production/_ext/762686499/sys_console.o
 .debug_frame   0x0000000000006358      0x174 build/sam_e70_xult_freertos/production/_ext/762686499/sys_console_uart.o
 .debug_frame   0x00000000000064cc      0x2e0 build/sam_e70_xult_freertos/production/_ext/762686499/sys_command.o
 .debug_frame   0x00000000000067ac       0x6c build/sam_e70_xult_freertos/production/_ext/1552905064/freertos_hooks.o
 .debug_frame   0x0000000000006818       0x6c build/sam_e70_xult_freertos/production/_ext/404212886/list.o
 .debug_frame   0x0000000000006884      0x280 build/sam_e70_xult_freertos/production/_ext/404212886/queue.o
 .debug_frame   0x0000000000006b04      0x478 build/sam_e70_xult_freertos/production/_ext/404212886/FreeRTOS_tasks.o
 .debug_frame   0x0000000000006f7c       0x44 build/sam_e70_xult_freertos/production/_ext/1665200909/heap_3.o
 .debug_frame   0x0000000000006fc0       0xe8 build/sam_e70_xult_freertos/production/_ext/977623654/port.o
 .debug_frame   0x00000000000070a8       0x2c /Applications/microchip/xc32/v2.15/bin/bin/../../lib/gcc/pic32c/6.2.1/../../../../pic32c/lib/v7e-m/fpv5/hard/libpic32c.a(data_init.o)
 .debug_frame   0x00000000000070d4       0x2c /Applications/microchip/xc32/v2.15/bin/bin/../../lib/gcc/pic32c/6.2.1/v7e-m/fpv5/hard/libgcc.a(_aeabi_uldivmod.o)
 .debug_frame   0x0000000000007100       0x34 /Applications/microchip/xc32/v2.15/bin/bin/../../lib/gcc/pic32c/6.2.1/v7e-m/fpv5/hard/libgcc.a(_udivmoddi4.o)
 .debug_frame   0x0000000000007134       0x30 /Applications/microchip/xc32/v2.15/bin/bin/../../lib/gcc/pic32c/6.2.1/../../../../pic32c/lib/v7e-m/fpv5/hard/libc.a(lib_a-atoi.o)
 .debug_frame   0x0000000000007164       0x20 /Applications/microchip/xc32/v2.15/bin/bin/../../lib/gcc/pic32c/6.2.1/../../../../pic32c/lib/v7e-m/fpv5/hard/libc.a(lib_a-calloc.o)
 .debug_frame   0x0000000000007184       0x28 /Applications/microchip/xc32/v2.15/bin/bin/../../lib/gcc/pic32c/6.2.1/../../../../pic32c/lib/v7e-m/fpv5/hard/libc.a(lib_a-callocr.o)
 .debug_frame   0x00000000000071ac       0x2c /Applications/microchip/xc32/v2.15/bin/bin/../../lib/gcc/pic32c/6.2.1/../../../../pic32c/lib/v7e-m/fpv5/hard/libc.a(lib_a-init.o)
 .debug_frame   0x00000000000071d8       0x6c /Applications/microchip/xc32/v2.15/bin/bin/../../lib/gcc/pic32c/6.2.1/../../../../pic32c/lib/v7e-m/fpv5/hard/libc.a(lib_a-locale.o)
 .debug_frame   0x0000000000007244       0x30 /Applications/microchip/xc32/v2.15/bin/bin/../../lib/gcc/pic32c/6.2.1/../../../../pic32c/lib/v7e-m/fpv5/hard/libc.a(lib_a-malloc.o)
 .debug_frame   0x0000000000007274       0x58 /Applications/microchip/xc32/v2.15/bin/bin/../../lib/gcc/pic32c/6.2.1/../../../../pic32c/lib/v7e-m/fpv5/hard/libc.a(lib_a-mallocr.o)
 .debug_frame   0x00000000000072cc       0x4c /Applications/microchip/xc32/v2.15/bin/bin/../../lib/gcc/pic32c/6.2.1/../../../../pic32c/lib/v7e-m/fpv5/hard/libc.a(lib_a-mbtowc_r.o)
 .debug_frame   0x0000000000007318       0x3c /Applications/microchip/xc32/v2.15/bin/bin/../../lib/gcc/pic32c/6.2.1/../../../../pic32c/lib/v7e-m/fpv5/hard/libc.a(lib_a-memcmp.o)
 .debug_frame   0x0000000000007354       0x34 /Applications/microchip/xc32/v2.15/bin/bin/../../lib/gcc/pic32c/6.2.1/../../../../pic32c/lib/v7e-m/fpv5/hard/libc.a(lib_a-memset.o)
 .debug_frame   0x0000000000007388       0x30 /Applications/microchip/xc32/v2.15/bin/bin/../../lib/gcc/pic32c/6.2.1/../../../../pic32c/lib/v7e-m/fpv5/hard/libc.a(lib_a-mlock.o)
 .debug_frame   0x00000000000073b8       0x3c /Applications/microchip/xc32/v2.15/bin/bin/../../lib/gcc/pic32c/6.2.1/../../../../pic32c/lib/v7e-m/fpv5/hard/libc.a(lib_a-rand.o)
 .debug_frame   0x00000000000073f4       0x2c /Applications/microchip/xc32/v2.15/bin/bin/../../lib/gcc/pic32c/6.2.1/../../../../pic32c/lib/v7e-m/fpv5/hard/libc.a(lib_a-sbrkr.o)
 .debug_frame   0x0000000000007420       0xd0 /Applications/microchip/xc32/v2.15/bin/bin/../../lib/gcc/pic32c/6.2.1/../../../../pic32c/lib/v7e-m/fpv5/hard/libc.a(lib_a-snprintf.o)
 .debug_frame   0x00000000000074f0       0x84 /Applications/microchip/xc32/v2.15/bin/bin/../../lib/gcc/pic32c/6.2.1/../../../../pic32c/lib/v7e-m/fpv5/hard/libc.a(lib_a-sprintf.o)
 .debug_frame   0x0000000000007574       0x68 /Applications/microchip/xc32/v2.15/bin/bin/../../lib/gcc/pic32c/6.2.1/../../../../pic32c/lib/v7e-m/fpv5/hard/libc.a(lib_a-strcmp.o)
 .debug_frame   0x00000000000075dc       0x20 /Applications/microchip/xc32/v2.15/bin/bin/../../lib/gcc/pic32c/6.2.1/../../../../pic32c/lib/v7e-m/fpv5/hard/libc.a(lib_a-strcpy.o)
 .debug_frame   0x00000000000075fc       0x34 /Applications/microchip/xc32/v2.15/bin/bin/../../lib/gcc/pic32c/6.2.1/../../../../pic32c/lib/v7e-m/fpv5/hard/libc.a(lib_a-strncpy.o)
 .debug_frame   0x0000000000007630       0x98 /Applications/microchip/xc32/v2.15/bin/bin/../../lib/gcc/pic32c/6.2.1/../../../../pic32c/lib/v7e-m/fpv5/hard/libc.a(lib_a-strtol.o)
 .debug_frame   0x00000000000076c8       0x68 /Applications/microchip/xc32/v2.15/bin/bin/../../lib/gcc/pic32c/6.2.1/../../../../pic32c/lib/v7e-m/fpv5/hard/libc.a(lib_a-svfprintf.o)
 .debug_frame   0x0000000000007730       0x60 /Applications/microchip/xc32/v2.15/bin/bin/../../lib/gcc/pic32c/6.2.1/../../../../pic32c/lib/v7e-m/fpv5/hard/libc.a(lib_a-vsnprintf.o)
 .debug_frame   0x0000000000007790       0x3c /Applications/microchip/xc32/v2.15/bin/bin/../../lib/gcc/pic32c/6.2.1/../../../../pic32c/lib/v7e-m/fpv5/hard/libc.a(lib_a-wctomb_r.o)
 .debug_frame   0x00000000000077cc       0x50 /Applications/microchip/xc32/v2.15/bin/bin/../../lib/gcc/pic32c/6.2.1/../../../../pic32c/lib/v7e-m/fpv5/hard/libc.a(lib_a-__call_atexit.o)
 .debug_frame   0x000000000000781c       0x20 /Applications/microchip/xc32/v2.15/bin/bin/../../lib/gcc/pic32c/6.2.1/../../../../pic32c/lib/v7e-m/fpv5/hard/libc.a(lib_a-atexit.o)
 .debug_frame   0x000000000000783c       0x84 /Applications/microchip/xc32/v2.15/bin/bin/../../lib/gcc/pic32c/6.2.1/../../../../pic32c/lib/v7e-m/fpv5/hard/libc.a(lib_a-dtoa.o)
 .debug_frame   0x00000000000078c0       0x34 /Applications/microchip/xc32/v2.15/bin/bin/../../lib/gcc/pic32c/6.2.1/../../../../pic32c/lib/v7e-m/fpv5/hard/libc.a(lib_a-fini.o)
 .debug_frame   0x00000000000078f4       0x74 /Applications/microchip/xc32/v2.15/bin/bin/../../lib/gcc/pic32c/6.2.1/../../../../pic32c/lib/v7e-m/fpv5/hard/libc.a(lib_a-freer.o)
 .debug_frame   0x0000000000007968       0x40 /Applications/microchip/xc32/v2.15/bin/bin/../../lib/gcc/pic32c/6.2.1/../../../../pic32c/lib/v7e-m/fpv5/hard/libc.a(lib_a-localeconv.o)
 .debug_frame   0x00000000000079a8      0x248 /Applications/microchip/xc32/v2.15/bin/bin/../../lib/gcc/pic32c/6.2.1/../../../../pic32c/lib/v7e-m/fpv5/hard/libc.a(lib_a-mprec.o)
 .debug_frame   0x0000000000007bf0       0x58 /Applications/microchip/xc32/v2.15/bin/bin/../../lib/gcc/pic32c/6.2.1/../../../../pic32c/lib/v7e-m/fpv5/hard/libc.a(lib_a-reent.o)
 .debug_frame   0x0000000000007c48       0x38 /Applications/microchip/xc32/v2.15/bin/bin/../../lib/gcc/pic32c/6.2.1/../../../../pic32c/lib/v7e-m/fpv5/hard/libc.a(lib_a-s_frexp.o)
 .debug_frame   0x0000000000007c80       0x78 /Applications/microchip/xc32/v2.15/bin/bin/../../lib/gcc/pic32c/6.2.1/../../../../pic32c/lib/v7e-m/fpv5/hard/libc.a(lib_a-svfiprintf.o)
 .debug_frame   0x0000000000007cf8       0x34 /Applications/microchip/xc32/v2.15/bin/bin/../../lib/gcc/pic32c/6.2.1/../../../../pic32c/lib/v7e-m/fpv5/hard/libc.a(lib_a-__atexit.o)
 .debug_frame   0x0000000000007d2c       0x30 /Applications/microchip/xc32/v2.15/bin/bin/../../lib/gcc/pic32c/6.2.1/../../../../pic32c/lib/v7e-m/fpv5/hard/libc.a(lib_a-memmove.o)
 .debug_frame   0x0000000000007d5c       0x68 /Applications/microchip/xc32/v2.15/bin/bin/../../lib/gcc/pic32c/6.2.1/../../../../pic32c/lib/v7e-m/fpv5/hard/libc.a(lib_a-reallocr.o)
 .debug_frame   0x0000000000007dc4       0x20 /Applications/microchip/xc32/v2.15/bin/bin/../../lib/gcc/pic32c/6.2.1/../../../../pic32c/lib/v7e-m/fpv5/hard/libpic32c.a(sbrk.o)

.stack          0x00000000204199f8      0x100
 .stack         0x00000000204199f8      0x100 stack

.bss.gmac_dcpt_array%1
                0x000000002045f000       0xf0
 .bss.gmac_dcpt_array
                0x000000002045f000       0xf0 build/sam_e70_xult_freertos/production/_ext/1619526243/drv_gmac_lib_samE7x_V7x.o
                0x000000002045f000                gmac_dcpt_array

.bss.printBuff%2
                0x000000002045f0f0      0xa00
 .bss.printBuff
                0x000000002045f0f0      0xa00 build/sam_e70_xult_freertos/production/_ext/762686499/sys_command.o

.bss.icmpPingBuff%3
                0x00000000204000b4      0x7d0
 .bss.icmpPingBuff
                0x00000000204000b4      0x7d0 build/sam_e70_xult_freertos/production/_ext/810785262/tcpip_commands.o

.data.impure_data%4
                0x000000002045faf0      0x428
 .data.impure_data
                0x000000002045faf0      0x428 /Applications/microchip/xc32/v2.15/bin/bin/../../lib/gcc/pic32c/6.2.1/../../../../pic32c/lib/v7e-m/fpv5/hard/libc.a(lib_a-impure.o)

.data.__malloc_av_%5
                0x0000000020400884      0x408
 .data.__malloc_av_
                0x0000000020400884      0x408 /Applications/microchip/xc32/v2.15/bin/bin/../../lib/gcc/pic32c/6.2.1/../../../../pic32c/lib/v7e-m/fpv5/hard/libc.a(lib_a-mallocr.o)
                0x0000000020400884                __malloc_av_

.data._gmac_drv_dcpt%6
                0x0000000020400c8c      0x304
 .data._gmac_drv_dcpt
                0x0000000020400c8c      0x304 build/sam_e70_xult_freertos/production/_ext/1619526243/drv_gmac.o

.bss.TCPIP_STACK_MODULE_SIGNAL_TBL%7
                0x0000000020400f90      0x250
 .bss.TCPIP_STACK_MODULE_SIGNAL_TBL
                0x0000000020400f90      0x250 build/sam_e70_xult_freertos/production/_ext/810785262/tcpip_manager.o

.bss.sysConsole0UARTWrQueueElements%8
                0x00000000204011e0      0x208
 .bss.sysConsole0UARTWrQueueElements
                0x00000000204011e0      0x208 build/sam_e70_xult_freertos/production/_ext/1552905064/initialization.o

.data.__global_locale%9
                0x00000000204013e8      0x16c
 .data.__global_locale
                0x00000000204013e8      0x16c /Applications/microchip/xc32/v2.15/bin/bin/../../lib/gcc/pic32c/6.2.1/../../../../pic32c/lib/v7e-m/fpv5/hard/libc.a(lib_a-locale.o)
                0x00000000204013e8                __global_locale

.bss.gIperfState%10
                0x000000002045ff18       0xd8
 .bss.gIperfState
                0x000000002045ff18       0xd8 build/sam_e70_xult_freertos/production/_ext/810785262/iperf.o

.bss.timers%11  0x0000000020401554       0xa0
 .bss.timers    0x0000000020401554       0xa0 build/sam_e70_xult_freertos/production/_ext/912870411/sys_time.o

.bss.gDrvMIIMObj%12
                0x00000000204015f4       0x94
 .bss.gDrvMIIMObj
                0x00000000204015f4       0x94 build/sam_e70_xult_freertos/production/_ext/511568427/drv_miim.o

.bss.TCPIP_MODULES_QUEUE_TBL%13
                0x0000000020401688       0x90
 .bss.TCPIP_MODULES_QUEUE_TBL
                0x0000000020401688       0x90 build/sam_e70_xult_freertos/production/_ext/810785262/tcpip_manager.o

.bss.saveCmd.7379%14
                0x0000000020401718       0x81
 .bss.saveCmd.7379
                0x0000000020401718       0x81 build/sam_e70_xult_freertos/production/_ext/762686499/sys_command.o

.bss._usrCmdTbl%15
                0x000000002040179c       0x80
 .bss._usrCmdTbl
                0x000000002040179c       0x80 build/sam_e70_xult_freertos/production/_ext/762686499/sys_command.o

.bss.readBuff%16
                0x000000002040181c       0x80
 .bss.readBuff  0x000000002040181c       0x80 build/sam_e70_xult_freertos/production/_ext/762686499/sys_command.o

.bss.gDrvETHPHYObj%17
                0x000000002040189c       0x64
 .bss.gDrvETHPHYObj
                0x000000002040189c       0x64 build/sam_e70_xult_freertos/production/_ext/1607428259/drv_ethphy.o
