Archive member included to satisfy reference by file (symbol)

/Applications/microchip/xc32/v2.15/bin/bin/../../lib/gcc/pic32c/6.2.1/../../../../pic32c/lib/v7e-m/fpv5/hard/libpic32c.a(data_init.o)
                              build/sam_e70_xult_freertos/production/_ext/1552905064/startup_xc32.o (__pic32c_data_initialization)
/Applications/microchip/xc32/v2.15/bin/bin/../../lib/gcc/pic32c/6.2.1/v7e-m/fpv5/hard/libgcc.a(_aeabi_uldivmod.o)
                              build/sam_e70_xult_freertos/production/_ext/1607428259/drv_ethphy.o (__aeabi_uldivmod)
/Applications/microchip/xc32/v2.15/bin/bin/../../lib/gcc/pic32c/6.2.1/v7e-m/fpv5/hard/libgcc.a(_udivmoddi4.o)
                              /Applications/microchip/xc32/v2.15/bin/bin/../../lib/gcc/pic32c/6.2.1/v7e-m/fpv5/hard/libgcc.a(_aeabi_uldivmod.o) (__udivmoddi4)
/Applications/microchip/xc32/v2.15/bin/bin/../../lib/gcc/pic32c/6.2.1/v7e-m/fpv5/hard/libgcc.a(_dvmd_tls.o)
                              /Applications/microchip/xc32/v2.15/bin/bin/../../lib/gcc/pic32c/6.2.1/v7e-m/fpv5/hard/libgcc.a(_aeabi_uldivmod.o) (__aeabi_ldiv0)
/Applications/microchip/xc32/v2.15/bin/bin/../../lib/gcc/pic32c/6.2.1/../../../../pic32c/lib/v7e-m/fpv5/hard/libc.a(lib_a-atoi.o)
                              build/sam_e70_xult_freertos/production/_ext/810785262/tcpip_commands.o (atoi)
/Applications/microchip/xc32/v2.15/bin/bin/../../lib/gcc/pic32c/6.2.1/../../../../pic32c/lib/v7e-m/fpv5/hard/libc.a(lib_a-calloc.o)
                              build/sam_e70_xult_freertos/production/_ext/1552905064/initialization.o (calloc)
/Applications/microchip/xc32/v2.15/bin/bin/../../lib/gcc/pic32c/6.2.1/../../../../pic32c/lib/v7e-m/fpv5/hard/libc.a(lib_a-callocr.o)
                              /Applications/microchip/xc32/v2.15/bin/bin/../../lib/gcc/pic32c/6.2.1/../../../../pic32c/lib/v7e-m/fpv5/hard/libc.a(lib_a-calloc.o) (_calloc_r)
/Applications/microchip/xc32/v2.15/bin/bin/../../lib/gcc/pic32c/6.2.1/../../../../pic32c/lib/v7e-m/fpv5/hard/libc.a(lib_a-exit.o)
                              /Applications/microchip/xc32/v2.15/bin/bin/../../lib/gcc/pic32c/6.2.1/../../../../pic32c/lib/v7e-m/fpv5/hard/crt0.o (exit)
/Applications/microchip/xc32/v2.15/bin/bin/../../lib/gcc/pic32c/6.2.1/../../../../pic32c/lib/v7e-m/fpv5/hard/libc.a(lib_a-impure.o)
                              /Applications/microchip/xc32/v2.15/bin/bin/../../lib/gcc/pic32c/6.2.1/../../../../pic32c/lib/v7e-m/fpv5/hard/libc.a(lib_a-exit.o) (_global_impure_ptr)
/Applications/microchip/xc32/v2.15/bin/bin/../../lib/gcc/pic32c/6.2.1/../../../../pic32c/lib/v7e-m/fpv5/hard/libc.a(lib_a-init.o)
                              /Applications/microchip/xc32/v2.15/bin/bin/../../lib/gcc/pic32c/6.2.1/../../../../pic32c/lib/v7e-m/fpv5/hard/crt0.o (__libc_init_array)
/Applications/microchip/xc32/v2.15/bin/bin/../../lib/gcc/pic32c/6.2.1/../../../../pic32c/lib/v7e-m/fpv5/hard/libc.a(lib_a-locale.o)
                              build/sam_e70_xult_freertos/production/_ext/810785262/helpers.o (__locale_ctype_ptr)
/Applications/microchip/xc32/v2.15/bin/bin/../../lib/gcc/pic32c/6.2.1/../../../../pic32c/lib/v7e-m/fpv5/hard/libc.a(lib_a-malloc.o)
                              build/sam_e70_xult_freertos/production/_ext/762686499/sys_command.o (malloc)
/Applications/microchip/xc32/v2.15/bin/bin/../../lib/gcc/pic32c/6.2.1/../../../../pic32c/lib/v7e-m/fpv5/hard/libc.a(lib_a-mallocr.o)
                              /Applications/microchip/xc32/v2.15/bin/bin/../../lib/gcc/pic32c/6.2.1/../../../../pic32c/lib/v7e-m/fpv5/hard/libc.a(lib_a-callocr.o) (_malloc_r)
/Applications/microchip/xc32/v2.15/bin/bin/../../lib/gcc/pic32c/6.2.1/../../../../pic32c/lib/v7e-m/fpv5/hard/libc.a(lib_a-mbtowc_r.o)
                              /Applications/microchip/xc32/v2.15/bin/bin/../../lib/gcc/pic32c/6.2.1/../../../../pic32c/lib/v7e-m/fpv5/hard/libc.a(lib_a-locale.o) (__ascii_mbtowc)
/Applications/microchip/xc32/v2.15/bin/bin/../../lib/gcc/pic32c/6.2.1/../../../../pic32c/lib/v7e-m/fpv5/hard/libc.a(lib_a-memcmp.o)
                              build/sam_e70_xult_freertos/production/_ext/1619526243/drv_gmac.o (memcmp)
/Applications/microchip/xc32/v2.15/bin/bin/../../lib/gcc/pic32c/6.2.1/../../../../pic32c/lib/v7e-m/fpv5/hard/libc.a(lib_a-memcpy.o)
                              build/sam_e70_xult_freertos/production/_ext/1619526243/drv_gmac.o (memcpy)
/Applications/microchip/xc32/v2.15/bin/bin/../../lib/gcc/pic32c/6.2.1/../../../../pic32c/lib/v7e-m/fpv5/hard/libc.a(lib_a-memset.o)
                              /Applications/microchip/xc32/v2.15/bin/bin/../../lib/gcc/pic32c/6.2.1/../../../../pic32c/lib/v7e-m/fpv5/hard/crt0.o (memset)
/Applications/microchip/xc32/v2.15/bin/bin/../../lib/gcc/pic32c/6.2.1/../../../../pic32c/lib/v7e-m/fpv5/hard/libc.a(lib_a-mlock.o)
                              /Applications/microchip/xc32/v2.15/bin/bin/../../lib/gcc/pic32c/6.2.1/../../../../pic32c/lib/v7e-m/fpv5/hard/libc.a(lib_a-mallocr.o) (__malloc_lock)
[...]
Memory Configuration

Name             Origin             Length             Attributes
rom              0x0000000000400000 0x0000000000200000 xr
ram              0x0000000020400000 0x0000000000060000 xrw
itcm             0x0000000000000000 0x0000000000000000 xrw
dtcm             0x0000000020000000 0x0000000000000000 xrw
*default*        0x0000000000000000 0xffffffffffffffff
tcm              0x0000000000000000 0xffffffffffffffff

Linker script and memory map

LOAD /Applications/microchip/xc32/v2.15/bin/bin/../../lib/gcc/pic32c/6.2.1/v7e-m/fpv5/hard/crti.o
LOAD /Applications/microchip/xc32/v2.15/bin/bin/../../lib/gcc/pic32c/6.2.1/v7e-m/fpv5/hard/crtbegin.o
LOAD /Applications/microchip/xc32/v2.15/bin/bin/../../lib/gcc/pic32c/6.2.1/../../../../pic32c/lib/v7e-m/fpv5/hard/crt0.o
LOAD build/sam_e70_xult_freertos/production/_ext/683629640/bsp.o
LOAD build/sam_e70_xult_freertos/production/_ext/1607428259/drv_ethphy.o
LOAD build/sam_e70_xult_freertos/production/_ext/1607428259/drv_extphy_smsc8740.o
LOAD build/sam_e70_xult_freertos/production/_ext/1619526243/drv_gmac.o
LOAD build/sam_e70_xult_freertos/production/_ext/1619526243/drv_gmac_lib_samE7x_V7x.o
LOAD build/sam_e70_xult_freertos/production/_ext/511568427/drv_miim.o
LOAD build/sam_e70_xult_freertos/production/_ext/810785262/helpers.o
LOAD build/sam_e70_xult_freertos/production/_ext/810785262/dns.o
LOAD build/sam_e70_xult_freertos/production/_ext/810785262/icmp.o
LOAD build/sam_e70_xult_freertos/production/_ext/810785262/tcp.o
LOAD build/sam_e70_xult_freertos/production/_ext/810785262/dhcp.o
LOAD build/sam_e70_xult_freertos/production/_ext/810785262/arp.o
LOAD build/sam_e70_xult_freertos/production/_ext/810785262/tcpip_commands.o
LOAD build/sam_e70_xult_freertos/production/_ext/810785262/ipv4.o
LOAD build/sam_e70_xult_freertos/production/_ext/810785262/dhcps.o
LOAD build/sam_e70_xult_freertos/production/_ext/810785262/tcpip_heap_alloc.o
LOAD build/sam_e70_xult_freertos/production/_ext/810785262/tcpip_heap_internal.o
LOAD build/sam_e70_xult_freertos/production/_ext/810785262/hash_fnv.o
LOAD build/sam_e70_xult_freertos/production/_ext/810785262/oahash.o
LOAD build/sam_e70_xult_freertos/production/_ext/810785262/tcpip_helpers.o
LOAD build/sam_e70_xult_freertos/production/_ext/810785262/tcpip_manager.o
LOAD build/sam_e70_xult_freertos/production/_ext/810785262/tcpip_notify.o
LOAD build/sam_e70_xult_freertos/production/_ext/810785262/tcpip_packet.o
LOAD build/sam_e70_xult_freertos/production/_ext/810785262/udp.o
LOAD build/sam_e70_xult_freertos/production/_ext/45647770/plib_clk.o
LOAD build/sam_e70_xult_freertos/production/_ext/45638026/plib_mpu.o
LOAD build/sam_e70_xult_freertos/production/_ext/1414743522/plib_nvic.o
LOAD build/sam_e70_xult_freertos/production/_ext/45635366/plib_pio.o
LOAD build/sam_e70_xult_freertos/production/_ext/1245453995/plib_tc0.o
LOAD build/sam_e70_xult_freertos/production/_ext/901008055/plib_usart1.o
LOAD build/sam_e70_xult_freertos/production/_ext/146190766/xc32_monitor.o
LOAD build/sam_e70_xult_freertos/production/_ext/992551865/sys_cache.o
LOAD build/sam_e70_xult_freertos/production/_ext/762686499/sys_console.o
LOAD build/sam_e70_xult_freertos/production/_ext/762686499/sys_console_uart.o
LOAD build/sam_e70_xult_freertos/production/_ext/762686499/sys_command.o
LOAD build/sam_e70_xult_freertos/production/_ext/1775855163/sys_int.o
LOAD build/sam_e70_xult_freertos/production/_ext/912870411/sys_time.o
LOAD build/sam_e70_xult_freertos/production/_ext/231871610/sys_time_h2_adapter.o
LOAD build/sam_e70_xult_freertos/production/_ext/1552905064/tasks.o
LOAD build/sam_e70_xult_freertos/production/_ext/1552905064/initialization.o
LOAD build/sam_e70_xult_freertos/production/_ext/1552905064/interrupts.o
LOAD build/sam_e70_xult_freertos/production/_ext/1552905064/exceptions.o
LOAD build/sam_e70_xult_freertos/production/_ext/1552905064/startup_xc32.o
LOAD build/sam_e70_xult_freertos/production/_ext/1552905064/libc_syscalls.o
LOAD build/sam_e70_xult_freertos/production/_ext/1552905064/freertos_hooks.o
LOAD build/sam_e70_xult_freertos/production/_ext/977623654/port.o
LOAD build/sam_e70_xult_freertos/production/_ext/1665200909/heap_3.o
LOAD build/sam_e70_xult_freertos/production/_ext/404212886/croutine.o
LOAD build/sam_e70_xult_freertos/production/_ext/404212886/list.o
LOAD build/sam_e70_xult_freertos/production/_ext/404212886/queue.o
LOAD build/sam_e70_xult_freertos/production/_ext/404212886/FreeRTOS_tasks.o
LOAD build/sam_e70_xult_freertos/production/_ext/404212886/timers.o
LOAD build/sam_e70_xult_freertos/production/_ext/404212886/event_groups.o
LOAD build/sam_e70_xult_freertos/production/_ext/404212886/stream_buffer.o
LOAD build/sam_e70_xult_freertos/production/_ext/281930714/osal_freertos.o
LOAD build/sam_e70_xult_freertos/production/_ext/1360937237/app.o
LOAD build/sam_e70_xult_freertos/production/_ext/1360937237/main.o
                0x0000000000000001                __MPLAB_BUILD = 0x1
                0x0000000000017ac0                _min_heap_size = 0x17ac0
START GROUP
LOAD /Applications/microchip/xc32/v2.15/bin/bin/../../lib/gcc/pic32c/6.2.1/../../../../pic32c/lib/v7e-m/fpv5/hard/libpic32c.a
LOAD /Applications/microchip/xc32/v2.15/bin/bin/../../lib/gcc/pic32c/6.2.1/v7e-m/fpv5/hard/libgcc.a
LOAD /Applications/microchip/xc32/v2.15/bin/bin/../../lib/gcc/pic32c/6.2.1/../../../../pic32c/lib/v7e-m/fpv5/hard/libc.a
LOAD /Applications/microchip/xc32/v2.15/bin/bin/../../lib/gcc/pic32c/6.2.1/../../../../pic32c/lib/v7e-m/fpv5/hard/libm.a
END GROUP
LOAD /Applications/microchip/xc32/v2.15/bin/bin/../../lib/gcc/pic32c/6.2.1/v7e-m/fpv5/hard/crtend.o
LOAD /Applications/microchip/xc32/v2.15/bin/bin/../../lib/gcc/pic32c/6.2.1/v7e-m/fpv5/hard/crtn.o
                0x0000000000600000                __rom_end = (ORIGIN (rom) + LENGTH (rom))
                0x0000000020460000                __ram_end = (ORIGIN (ram) + LENGTH (ram))

.vectors        0x0000000000400000      0x168
                0x0000000000400000                . = ALIGN (0x4)
                0x0000000000400000                _sfixed = .
 *(.vectors .vectors.* .vectors_default .vectors_default.*)
 .vectors       0x0000000000400000      0x168 build/sam_e70_xult_freertos/production/_ext/1552905064/interrupts.o
                0x0000000000400000                exception_table
 *(.isr_vector)
 *(.reset*)
 *(.after_vectors)

.text           0x0000000000400168       0x24
                0x0000000000400168                . = ALIGN (0x4)
 *(.glue_7t)
 .glue_7t       0x0000000000400168        0x0 linker stubs
 *(.glue_7)
 .glue_7        0x0000000000400168        0x0 linker stubs
 *(.gnu.linkonce.r.*)
 *(.ARM.extab* .gnu.linkonce.armextab.*)
                0x0000000000400168                . = ALIGN (0x4)
 *(.init)
 .init          0x0000000000400168        0x4 /Applications/microchip/xc32/v2.15/bin/bin/../../lib/gcc/pic32c/6.2.1/v7e-m/fpv5/hard/crti.o
                0x0000000000400168                _init
 .init          0x000000000040016c        0x8 /Applications/microchip/xc32/v2.15/bin/bin/../../lib/gcc/pic32c/6.2.1/v7e-m/fpv5/hard/crtn.o
                0x0000000000400174                . = ALIGN (0x4)
                0x0000000000400174                __preinit_array_start = .
 *(.preinit_array)
                0x0000000000400174                __preinit_array_end = .
                0x0000000000400174                . = ALIGN (0x4)
                0x0000000000400174                __init_array_start = .
 *(SORT(.init_array.*))
 .init_array.00000
                0x0000000000400174        0x4 /Applications/microchip/xc32/v2.15/bin/bin/../../lib/gcc/pic32c/6.2.1/../../../../pic32c/lib/v7e-m/fpv5/hard/libc.a(lib_a-__call_atexit.o)
 *(.init_array)
 .init_array    0x0000000000400178        0x4 /Applications/microchip/xc32/v2.15/bin/bin/../../lib/gcc/pic32c/6.2.1/v7e-m/fpv5/hard/crtbegin.o
                0x000000000040017c                __init_array_end = .
                0x000000000040017c                . = ALIGN (0x4)
 *crtbegin.o(.ctors)
 *(EXCLUDE_FILE(*crtend.o) .ctors)
 *(SORT(.ctors.*))
 *crtend.o(.ctors)
                0x000000000040017c                . = ALIGN (0x4)
 *(.fini)
 .fini          0x000000000040017c        0x4 /Applications/microchip/xc32/v2.15/bin/bin/../../lib/gcc/pic32c/6.2.1/v7e-m/fpv5/hard/crti.o
                0x000000000040017c                _fini
 .fini          0x0000000000400180        0x8 /Applications/microchip/xc32/v2.15/bin/bin/../../lib/gcc/pic32c/6.2.1/v7e-m/fpv5/hard/crtn.o
                0x0000000000400188                . = ALIGN (0x4)
                0x0000000000400188                __fini_array_start = .
 *(.fini_array)
 .fini_array    0x0000000000400188        0x4 /Applications/microchip/xc32/v2.15/bin/bin/../../lib/gcc/pic32c/6.2.1/v7e-m/fpv5/hard/crtbegin.o
 *(SORT(.fini_array.*))
                0x000000000040018c                __fini_array_end = .
 *crtbegin.o(.dtors)
 *(EXCLUDE_FILE(*crtend.o) .dtors)
 *(SORT(.dtors.*))
 *crtend.o(.dtors)
                0x000000000040018c                . = ALIGN (0x4)
                0x000000000040018c                _efixed = .
                [!provide]                        PROVIDE (__exidx_start, .)

.ARM.exidx      0x000000000040018c        0x8
 *(.ARM.exidx* .gnu.linkonce.armexidx.*)
 .ARM.exidx     0x000000000040018c        0x8 /Applications/microchip/xc32/v2.15/bin/bin/../../lib/gcc/pic32c/6.2.1/v7e-m/fpv5/hard/libgcc.a(_udivmoddi4.o)
                [!provide]                        PROVIDE (__exidx_end, .)
                0x0000000000400194                . = ALIGN (0x4)
                0x0000000000400194                _etext = .

.bss            0x0000000020400000       0x60
                0x0000000020400000                . = ALIGN (0x4)
                0x0000000020400000                __bss_start__ = .
                0x0000000020400000                _sbss = .
                0x0000000020400000                _szero = .
 *(COMMON)
 COMMON         0x0000000020400000        0x8 build/sam_e70_xult_freertos/production/_ext/1245453995/plib_tc0.o
                0x0000000020400000                TC0_CH0_CallbackObj
 COMMON         0x0000000020400008       0x30 build/sam_e70_xult_freertos/production/_ext/901008055/plib_usart1.o
                0x0000000020400008                usart1Obj
 COMMON         0x0000000020400038        0x4 build/sam_e70_xult_freertos/production/_ext/1552905064/tasks.o
                0x0000000020400038                xAPP_Tasks
 COMMON         0x000000002040003c       0x10 build/sam_e70_xult_freertos/production/_ext/1552905064/initialization.o
                0x000000002040003c                sysObj
 COMMON         0x000000002040004c       0x10 build/sam_e70_xult_freertos/production/_ext/1360937237/app.o
                0x000000002040004c                appData
 COMMON         0x000000002040005c        0x4 /Applications/microchip/xc32/v2.15/bin/bin/../../lib/gcc/pic32c/6.2.1/../../../../pic32c/lib/v7e-m/fpv5/hard/libc.a(lib_a-reent.o)
                0x000000002040005c                errno
                0x0000000020400060                . = ALIGN (0x4)
                0x0000000020400060                __bss_end__ = .
                0x0000000020400060                _ebss = .
                0x0000000020400060                _ezero = .
                0x0000000020400060                . = ALIGN (0x4)
                0x0000000020400060                _end = .
                0x000000002045ffff                _ram_end_ = ((ORIGIN (ram) + LENGTH (ram)) - 0x1)
OUTPUT(dist/sam_e70_xult_freertos/production/sam_e70_xult_freertos.X.production.elf elf32-littlearm)
LOAD stack
LOAD data_init

.ARM.attributes
                0x0000000000000000       0x2e
 .ARM.attributes
                0x0000000000000000       0x20 /Applications/microchip/xc32/v2.15/bin/bin/../../lib/gcc/pic32c/6.2.1/v7e-m/fpv5/hard/crti.o
 .ARM.attributes
                0x0000000000000020       0x32 /Applications/microchip/xc32/v2.15/bin/bin/../../lib/gcc/pic32c/6.2.1/v7e-m/fpv5/hard/crtbegin.o
 .ARM.attributes
                0x0000000000000052       0x37 build/sam_e70_xult_freertos/production/_ext/683629640/bsp.o
 .ARM.attributes
                0x0000000000000089       0x37 build/sam_e70_xult_freertos/production/_ext/1607428259/drv_ethphy.o
 .ARM.attributes
                0x00000000000000c0       0x37 build/sam_e70_xult_freertos/production/_ext/1607428259/drv_extphy_smsc8740.o
 .ARM.attributes
                0x00000000000000f7       0x37 build/sam_e70_xult_freertos/production/_ext/1619526243/drv_gmac.o
 .ARM.attributes
                0x000000000000012e       0x37 build/sam_e70_xult_freertos/production/_ext/1619526243/drv_gmac_lib_samE7x_V7x.o
 .ARM.attributes
                0x0000000000000165       0x37 build/sam_e70_xult_freertos/production/_ext/511568427/drv_miim.o
 .ARM.attributes
                0x000000000000019c       0x37 build/sam_e70_xult_freertos/production/_ext/810785262/helpers.o
 .ARM.attributes
                0x00000000000001d3       0x37 build/sam_e70_xult_freertos/production/_ext/810785262/dns.o
 .ARM.attributes
                0x000000000000020a       0x37 build/sam_e70_xult_freertos/production/_ext/810785262/icmp.o
 .ARM.attributes
                0x0000000000000241       0x37 build/sam_e70_xult_freertos/production/_ext/810785262/tcp.o
 .ARM.attributes
                0x0000000000000278       0x37 build/sam_e70_xult_freertos/production/_ext/810785262/dhcp.o
 .ARM.attributes
                0x00000000000002af       0x37 build/sam_e70_xult_freertos/production/_ext/810785262/arp.o
 .ARM.attributes
                0x00000000000002e6       0x37 build/sam_e70_xult_freertos/production/_ext/810785262/tcpip_commands.o
 .ARM.attributes
                0x000000000000031d       0x37 build/sam_e70_xult_freertos/production/_ext/810785262/ipv4.o
 .ARM.attributes
                0x0000000000000354       0x37 build/sam_e70_xult_freertos/production/_ext/810785262/dhcps.o
 .ARM.attributes
                0x000000000000038b       0x37 build/sam_e70_xult_freertos/production/_ext/810785262/tcpip_heap_alloc.o
 .ARM.attributes
                0x00000000000003c2       0x37 build/sam_e70_xult_freertos/production/_ext/810785262/tcpip_heap_internal.o
 .ARM.attributes
                0x00000000000003f9       0x37 build/sam_e70_xult_freertos/production/_ext/810785262/hash_fnv.o
 .ARM.attributes
                0x0000000000000430       0x37 build/sam_e70_xult_freertos/production/_ext/810785262/oahash.o
 .ARM.attributes
                0x0000000000000467       0x37 build/sam_e70_xult_freertos/production/_ext/810785262/tcpip_helpers.o
 .ARM.attributes
                0x000000000000049e       0x37 build/sam_e70_xult_freertos/production/_ext/810785262/tcpip_manager.o
 .ARM.attributes
                0x00000000000004d5       0x37 build/sam_e70_xult_freertos/production/_ext/810785262/tcpip_notify.o
 .ARM.attributes
                0x000000000000050c       0x37 build/sam_e70_xult_freertos/production/_ext/810785262/tcpip_packet.o
 .ARM.attributes
                0x0000000000000543       0x37 build/sam_e70_xult_freertos/production/_ext/810785262/udp.o
 .ARM.attributes
                0x000000000000057a       0x37 build/sam_e70_xult_freertos/production/_ext/45647770/plib_clk.o
 .ARM.attributes
                0x00000000000005b1       0x37 build/sam_e70_xult_freertos/production/_ext/45638026/plib_mpu.o
 .ARM.attributes
                0x00000000000005e8       0x37 build/sam_e70_xult_freertos/production/_ext/1414743522/plib_nvic.o
 .ARM.attributes
                0x000000000000061f       0x37 build/sam_e70_xult_freertos/production/_ext/45635366/plib_pio.o
 .ARM.attributes
                0x0000000000000656       0x37 build/sam_e70_xult_freertos/production/_ext/1245453995/plib_tc0.o
 .ARM.attributes
                0x000000000000068d       0x37 build/sam_e70_xult_freertos/production/_ext/901008055/plib_usart1.o
 .ARM.attributes
                0x00000000000006c4       0x37 build/sam_e70_xult_freertos/production/_ext/762686499/sys_console.o
 .ARM.attributes
                0x00000000000006fb       0x37 build/sam_e70_xult_freertos/production/_ext/762686499/sys_console_uart.o
 .ARM.attributes
                0x0000000000000732       0x37 build/sam_e70_xult_freertos/production/_ext/762686499/sys_command.o
 .ARM.attributes
                0x0000000000000769       0x37 build/sam_e70_xult_freertos/production/_ext/1775855163/sys_int.o
 .ARM.attributes
                0x00000000000007a0       0x37 build/sam_e70_xult_freertos/production/_ext/912870411/sys_time.o
 .ARM.attributes
                0x00000000000007d7       0x37 build/sam_e70_xult_freertos/production/_ext/231871610/sys_time_h2_adapter.o
 .ARM.attributes
                0x000000000000080e       0x37 build/sam_e70_xult_freertos/production/_ext/1552905064/tasks.o
 .ARM.attributes
                0x0000000000000845       0x37 build/sam_e70_xult_freertos/production/_ext/1552905064/initialization.o
 .ARM.attributes
                0x000000000000087c       0x37 build/sam_e70_xult_freertos/production/_ext/1552905064/interrupts.o
 .ARM.attributes
                0x00000000000008b3       0x37 build/sam_e70_xult_freertos/production/_ext/1552905064/exceptions.o
 .ARM.attributes
                0x00000000000008ea       0x37 build/sam_e70_xult_freertos/production/_ext/1552905064/startup_xc32.o
 .ARM.attributes
                0x0000000000000921       0x37 build/sam_e70_xult_freertos/production/_ext/1552905064/freertos_hooks.o
 .ARM.attributes
                0x0000000000000958       0x37 build/sam_e70_xult_freertos/production/_ext/977623654/port.o
 .ARM.attributes
                0x000000000000098f       0x37 build/sam_e70_xult_freertos/production/_ext/1665200909/heap_3.o
 .ARM.attributes
                0x00000000000009c6       0x37 build/sam_e70_xult_freertos/production/_ext/404212886/list.o
 .ARM.attributes
                0x00000000000009fd       0x37 build/sam_e70_xult_freertos/production/_ext/404212886/queue.o
 .ARM.attributes
                0x0000000000000a34       0x37 build/sam_e70_xult_freertos/production/_ext/404212886/FreeRTOS_tasks.o
 .ARM.attributes
                0x0000000000000a6b       0x37 build/sam_e70_xult_freertos/production/_ext/281930714/osal_freertos.o
 .ARM.attributes
                0x0000000000000aa2       0x37 build/sam_e70_xult_freertos/production/_ext/1360937237/app.o
 .ARM.attributes
                0x0000000000000ad9       0x37 build/sam_e70_xult_freertos/production/_ext/1360937237/main.o
 .ARM.attributes
                0x0000000000000b10       0x32 /Applications/microchip/xc32/v2.15/bin/bin/../../lib/gcc/pic32c/6.2.1/../../../../pic32c/lib/v7e-m/fpv5/hard/libpic32c.a(data_init.o)
 .ARM.attributes
                0x0000000000000b42       0x20 /Applications/microchip/xc32/v2.15/bin/bin/../../lib/gcc/pic32c/6.2.1/v7e-m/fpv5/hard/libgcc.a(_aeabi_uldivmod.o)
 .ARM.attributes
                0x0000000000000b62       0x32 /Applications/microchip/xc32/v2.15/bin/bin/../../lib/gcc/pic32c/6.2.1/v7e-m/fpv5/hard/libgcc.a(_udivmoddi4.o)
 .ARM.attributes
                0x0000000000000b94       0x20 /Applications/microchip/xc32/v2.15/bin/bin/../../lib/gcc/pic32c/6.2.1/v7e-m/fpv5/hard/libgcc.a(_dvmd_tls.o)
 .ARM.attributes
                0x0000000000000bb4       0x32 /Applications/microchip/xc32/v2.15/bin/bin/../../lib/gcc/pic32c/6.2.1/../../../../pic32c/lib/v7e-m/fpv5/hard/libc.a(lib_a-atoi.o)
 .ARM.attributes
                0x0000000000000be6       0x32 /Applications/microchip/xc32/v2.15/bin/bin/../../lib/gcc/pic32c/6.2.1/../../../../pic32c/lib/v7e-m/fpv5/hard/libc.a(lib_a-calloc.o)
 .ARM.attributes
                0x0000000000000c18       0x32 /Applications/microchip/xc32/v2.15/bin/bin/../../lib/gcc/pic32c/6.2.1/../../../../pic32c/lib/v7e-m/fpv5/hard/libc.a(lib_a-callocr.o)
 .ARM.attributes
                0x0000000000000c4a       0x32 /Applications/microchip/xc32/v2.15/bin/bin/../../lib/gcc/pic32c/6.2.1/../../../../pic32c/lib/v7e-m/fpv5/hard/libc.a(lib_a-impure.o)
 .ARM.attributes
                0x0000000000000c7c       0x32 /Applications/microchip/xc32/v2.15/bin/bin/../../lib/gcc/pic32c/6.2.1/../../../../pic32c/lib/v7e-m/fpv5/hard/libc.a(lib_a-init.o)
 .ARM.attributes
                0x0000000000000cae       0x32 /Applications/microchip/xc32/v2.15/bin/bin/../../lib/gcc/pic32c/6.2.1/../../../../pic32c/lib/v7e-m/fpv5/hard/libc.a(lib_a-locale.o)
 .ARM.attributes
                0x0000000000000ce0       0x32 /Applications/microchip/xc32/v2.15/bin/bin/../../lib/gcc/pic32c/6.2.1/../../../../pic32c/lib/v7e-m/fpv5/hard/libc.a(lib_a-malloc.o)
 .ARM.attributes
                0x0000000000000d12       0x32 /Applications/microchip/xc32/v2.15/bin/bin/../../lib/gcc/pic32c/6.2.1/../../../../pic32c/lib/v7e-m/fpv5/hard/libc.a(lib_a-mallocr.o)
 .ARM.attributes
                0x0000000000000d44       0x32 /Applications/microchip/xc32/v2.15/bin/bin/../../lib/gcc/pic32c/6.2.1/../../../../pic32c/lib/v7e-m/fpv5/hard/libc.a(lib_a-mbtowc_r.o)
 .ARM.attributes
                0x0000000000000d76       0x32 /Applications/microchip/xc32/v2.15/bin/bin/../../lib/gcc/pic32c/6.2.1/../../../../pic32c/lib/v7e-m/fpv5/hard/libc.a(lib_a-memcmp.o)
 .ARM.attributes
                0x0000000000000da8       0x1e /Applications/microchip/xc32/v2.15/bin/bin/../../lib/gcc/pic32c/6.2.1/../../../../pic32c/lib/v7e-m/fpv5/hard/libc.a(lib_a-memcpy.o)
 .ARM.attributes
                0x0000000000000dc6       0x32 /Applications/microchip/xc32/v2.15/bin/bin/../../lib/gcc/pic32c/6.2.1/../../../../pic32c/lib/v7e-m/fpv5/hard/libc.a(lib_a-memset.o)
 .ARM.attributes
                0x0000000000000df8       0x32 /Applications/microchip/xc32/v2.15/bin/bin/../../lib/gcc/pic32c/6.2.1/../../../../pic32c/lib/v7e-m/fpv5/hard/libc.a(lib_a-mlock.o)
 .ARM.attributes
                0x0000000000000e2a       0x32 /Applications/microchip/xc32/v2.15/bin/bin/../../lib/gcc/pic32c/6.2.1/../../../../pic32c/lib/v7e-m/fpv5/hard/libc.a(lib_a-rand.o)
 .ARM.attributes
                0x0000000000000e5c       0x32 /Applications/microchip/xc32/v2.15/bin/bin/../../lib/gcc/pic32c/6.2.1/../../../../pic32c/lib/v7e-m/fpv5/hard/libc.a(lib_a-sbrkr.o)
 .ARM.attributes
                0x0000000000000e8e       0x32 /Applications/microchip/xc32/v2.15/bin/bin/../../lib/gcc/pic32c/6.2.1/../../../../pic32c/lib/v7e-m/fpv5/hard/libc.a(lib_a-snprintf.o)
 .ARM.attributes
                0x0000000000000ec0       0x32 /Applications/microchip/xc32/v2.15/bin/bin/../../lib/gcc/pic32c/6.2.1/../../../../pic32c/lib/v7e-m/fpv5/hard/libc.a(lib_a-sprintf.o)
 .ARM.attributes
                0x0000000000000ef2       0x1e /Applications/microchip/xc32/v2.15/bin/bin/../../lib/gcc/pic32c/6.2.1/../../../../pic32c/lib/v7e-m/fpv5/hard/libc.a(lib_a-strcmp.o)
 .ARM.attributes
                0x0000000000000f10       0x32 /Applications/microchip/xc32/v2.15/bin/bin/../../lib/gcc/pic32c/6.2.1/../../../../pic32c/lib/v7e-m/fpv5/hard/libc.a(lib_a-strcpy.o)
 .ARM.attributes
                0x0000000000000f42       0x1e /Applications/microchip/xc32/v2.15/bin/bin/../../lib/gcc/pic32c/6.2.1/../../../../pic32c/lib/v7e-m/fpv5/hard/libc.a(lib_a-strlen.o)
 .ARM.attributes
                0x0000000000000f60       0x32 /Applications/microchip/xc32/v2.15/bin/bin/../../lib/gcc/pic32c/6.2.1/../../../../pic32c/lib/v7e-m/fpv5/hard/libc.a(lib_a-strncpy.o)
 .ARM.attributes
                0x0000000000000f92       0x32 /Applications/microchip/xc32/v2.15/bin/bin/../../lib/gcc/pic32c/6.2.1/../../../../pic32c/lib/v7e-m/fpv5/hard/libc.a(lib_a-strtol.o)
 .ARM.attributes
                0x0000000000000fc4       0x32 /Applications/microchip/xc32/v2.15/bin/bin/../../lib/gcc/pic32c/6.2.1/../../../../pic32c/lib/v7e-m/fpv5/hard/libc.a(lib_a-svfprintf.o)
 .ARM.attributes
                0x0000000000000ff6       0x32 /Applications/microchip/xc32/v2.15/bin/bin/../../lib/gcc/pic32c/6.2.1/../../../../pic32c/lib/v7e-m/fpv5/hard/libc.a(lib_a-vsnprintf.o)
 .ARM.attributes
                0x0000000000001028       0x32 /Applications/microchip/xc32/v2.15/bin/bin/../../lib/gcc/pic32c/6.2.1/../../../../pic32c/lib/v7e-m/fpv5/hard/libc.a(lib_a-wctomb_r.o)
 .ARM.attributes
                0x000000000000105a       0x32 /Applications/microchip/xc32/v2.15/bin/bin/../../lib/gcc/pic32c/6.2.1/../../../../pic32c/lib/v7e-m/fpv5/hard/libc.a(lib_a-__call_atexit.o)
 .ARM.attributes
                0x000000000000108c       0x32 /Applications/microchip/xc32/v2.15/bin/bin/../../lib/gcc/pic32c/6.2.1/../../../../pic32c/lib/v7e-m/fpv5/hard/libc.a(lib_a-atexit.o)
 .ARM.attributes
                0x00000000000010be       0x32 /Applications/microchip/xc32/v2.15/bin/bin/../../lib/gcc/pic32c/6.2.1/../../../../pic32c/lib/v7e-m/fpv5/hard/libc.a(lib_a-ctype_.o)
 .ARM.attributes
                0x00000000000010f0       0x32 /Applications/microchip/xc32/v2.15/bin/bin/../../lib/gcc/pic32c/6.2.1/../../../../pic32c/lib/v7e-m/fpv5/hard/libc.a(lib_a-dtoa.o)
 .ARM.attributes
                0x0000000000001122       0x32 /Applications/microchip/xc32/v2.15/bin/bin/../../lib/gcc/pic32c/6.2.1/../../../../pic32c/lib/v7e-m/fpv5/hard/libc.a(lib_a-fini.o)
 .ARM.attributes
                0x0000000000001154       0x32 /Applications/microchip/xc32/v2.15/bin/bin/../../lib/gcc/pic32c/6.2.1/../../../../pic32c/lib/v7e-m/fpv5/hard/libc.a(lib_a-freer.o)
 .ARM.attributes
                0x0000000000001186       0x32 /Applications/microchip/xc32/v2.15/bin/bin/../../lib/gcc/pic32c/6.2.1/../../../../pic32c/lib/v7e-m/fpv5/hard/libc.a(lib_a-localeconv.o)
 .ARM.attributes
                0x00000000000011b8       0x1e /Applications/microchip/xc32/v2.15/bin/bin/../../lib/gcc/pic32c/6.2.1/../../../../pic32c/lib/v7e-m/fpv5/hard/libc.a(lib_a-memchr.o)
 .ARM.attributes
                0x00000000000011d6       0x32 /Applications/microchip/xc32/v2.15/bin/bin/../../lib/gcc/pic32c/6.2.1/../../../../pic32c/lib/v7e-m/fpv5/hard/libc.a(lib_a-mprec.o)
 .ARM.attributes
                0x0000000000001208       0x32 /Applications/microchip/xc32/v2.15/bin/bin/../../lib/gcc/pic32c/6.2.1/../../../../pic32c/lib/v7e-m/fpv5/hard/libc.a(lib_a-reent.o)
 .ARM.attributes
                0x000000000000123a       0x32 /Applications/microchip/xc32/v2.15/bin/bin/../../lib/gcc/pic32c/6.2.1/../../../../pic32c/lib/v7e-m/fpv5/hard/libc.a(lib_a-s_frexp.o)
 .ARM.attributes
                0x000000000000126c       0x32 /Applications/microchip/xc32/v2.15/bin/bin/../../lib/gcc/pic32c/6.2.1/../../../../pic32c/lib/v7e-m/fpv5/hard/libc.a(lib_a-svfiprintf.o)
 .ARM.attributes
                0x000000000000129e       0x32 /Applications/microchip/xc32/v2.15/bin/bin/../../lib/gcc/pic32c/6.2.1/../../../../pic32c/lib/v7e-m/fpv5/hard/libc.a(lib_a-__atexit.o)
 .ARM.attributes
                0x00000000000012d0       0x32 /Applications/microchip/xc32/v2.15/bin/bin/../../lib/gcc/pic32c/6.2.1/../../../../pic32c/lib/v7e-m/fpv5/hard/libc.a(lib_a-memmove.o)
 .ARM.attributes
                0x0000000000001302       0x32 /Applications/microchip/xc32/v2.15/bin/bin/../../lib/gcc/pic32c/6.2.1/../../../../pic32c/lib/v7e-m/fpv5/hard/libc.a(lib_a-reallocr.o)
 .ARM.attributes
                0x0000000000001334       0x32 /Applications/microchip/xc32/v2.15/bin/bin/../../lib/gcc/pic32c/6.2.1/../../../../pic32c/lib/v7e-m/fpv5/hard/libpic32c.a(sbrk.o)
 .ARM.attributes
                0x0000000000001366       0x20 /Applications/microchip/xc32/v2.15/bin/bin/../../lib/gcc/pic32c/6.2.1/v7e-m/fpv5/hard/crtn.o

.debug_info     0x0000000000000000    0xe285b
 .debug_info    0x0000000000000000     0x14dc build/sam_e70_xult_freertos/production/_ext/683629640/bsp.o
 .debug_info    0x00000000000014dc     0x841f build/sam_e70_xult_freertos/production/_ext/1607428259/drv_ethphy.o
 .debug_info    0x00000000000098fb     0x31cf build/sam_e70_xult_freertos/production/_ext/1607428259/drv_extphy_smsc8740.o
 .debug_info    0x000000000000caca     0xa6e7 build/sam_e70_xult_freertos/production/_ext/1619526243/drv_gmac.o
 .debug_info    0x00000000000171b1     0x8d0b build/sam_e70_xult_freertos/production/_ext/1619526243/drv_gmac_lib_samE7x_V7x.o
 .debug_info    0x000000000001febc     0x539f build/sam_e70_xult_freertos/production/_ext/511568427/drv_miim.o
 .debug_info    0x000000000002525b     0x11ab build/sam_e70_xult_freertos/production/_ext/810785262/helpers.o
 .debug_info    0x0000000000026406     0x92c2 build/sam_e70_xult_freertos/production/_ext/810785262/dns.o
 .debug_info    0x000000000002f6c8     0x55b3 build/sam_e70_xult_freertos/production/_ext/810785262/icmp.o
 .debug_info    0x0000000000034c7b     0xc8ec build/sam_e70_xult_freertos/production/_ext/810785262/tcp.o
 .debug_info    0x0000000000041567     0xae6d build/sam_e70_xult_freertos/production/_ext/810785262/dhcp.o
 .debug_info    0x000000000004c3d4     0x8688 build/sam_e70_xult_freertos/production/_ext/810785262/arp.o
 .debug_info    0x0000000000054a5c     0xa6f6 build/sam_e70_xult_freertos/production/_ext/810785262/tcpip_commands.o
 .debug_info    0x000000000005f152     0x7fad build/sam_e70_xult_freertos/production/_ext/810785262/ipv4.o
 .debug_info    0x00000000000670ff     0x9a3a build/sam_e70_xult_freertos/production/_ext/810785262/dhcps.o
 .debug_info    0x0000000000070b39     0x4627 build/sam_e70_xult_freertos/production/_ext/810785262/tcpip_heap_alloc.o
 .debug_info    0x0000000000075160     0x4fa1 build/sam_e70_xult_freertos/production/_ext/810785262/tcpip_heap_internal.o
 .debug_info    0x000000000007a101      0xf11 build/sam_e70_xult_freertos/production/_ext/810785262/hash_fnv.o
 .debug_info    0x000000000007b012     0x158b build/sam_e70_xult_freertos/production/_ext/810785262/oahash.o
 .debug_info    0x000000000007c59d     0x6ea8 build/sam_e70_xult_freertos/production/_ext/810785262/tcpip_helpers.o
 .debug_info    0x0000000000083445     0xc8ab build/sam_e70_xult_freertos/production/_ext/810785262/tcpip_manager.o
 .debug_info    0x000000000008fcf0     0x44bb build/sam_e70_xult_freertos/production/_ext/810785262/tcpip_notify.o
 .debug_info    0x00000000000941ab     0x547f build/sam_e70_xult_freertos/production/_ext/810785262/tcpip_packet.o
 .debug_info    0x000000000009962a     0xa429 build/sam_e70_xult_freertos/production/_ext/810785262/udp.o
 .debug_info    0x00000000000a3a53      0x8b6 build/sam_e70_xult_freertos/production/_ext/45647770/plib_clk.o
 .debug_info    0x00000000000a4309      0x8b4 build/sam_e70_xult_freertos/production/_ext/45638026/plib_mpu.o
 .debug_info    0x00000000000a4bbd      0xf8e build/sam_e70_xult_freertos/production/_ext/1414743522/plib_nvic.o
 .debug_info    0x00000000000a5b4b      0xe94 build/sam_e70_xult_freertos/production/_ext/45635366/plib_pio.o
 .debug_info    0x00000000000a69df      0x908 build/sam_e70_xult_freertos/production/_ext/1245453995/plib_tc0.o
 .debug_info    0x00000000000a72e7      0xed6 build/sam_e70_xult_freertos/production/_ext/901008055/plib_usart1.o
 .debug_info    0x00000000000a81bd     0x1915 build/sam_e70_xult_freertos/production/_ext/762686499/sys_console.o
 .debug_info    0x00000000000a9ad2     0x5d02 build/sam_e70_xult_freertos/production/_ext/762686499/sys_console_uart.o
 .debug_info    0x00000000000af7d4     0x2e37 build/sam_e70_xult_freertos/production/_ext/762686499/sys_command.o
 .debug_info    0x00000000000b260b      0xc8e build/sam_e70_xult_freertos/production/_ext/1775855163/sys_int.o
 .debug_info    0x00000000000b3299     0x348e build/sam_e70_xult_freertos/production/_ext/912870411/sys_time.o
 .debug_info    0x00000000000b6727      0x50d build/sam_e70_xult_freertos/production/_ext/231871610/sys_time_h2_adapter.o
 .debug_info    0x00000000000b6c34     0x4774 build/sam_e70_xult_freertos/production/_ext/1552905064/tasks.o
 .debug_info    0x00000000000bb3a8     0x7125 build/sam_e70_xult_freertos/production/_ext/1552905064/initialization.o
 .debug_info    0x00000000000c24cd     0x4ea9 build/sam_e70_xult_freertos/production/_ext/1552905064/interrupts.o
 .debug_info    0x00000000000c7376     0x4482 build/sam_e70_xult_freertos/production/_ext/1552905064/exceptions.o
 .debug_info    0x00000000000cb7f8     0x4d8b build/sam_e70_xult_freertos/production/_ext/1552905064/startup_xc32.o
 .debug_info    0x00000000000d0583      0x4c3 build/sam_e70_xult_freertos/production/_ext/1552905064/freertos_hooks.o
 .debug_info    0x00000000000d0a46      0x6e3 build/sam_e70_xult_freertos/production/_ext/977623654/port.o
 .debug_info    0x00000000000d1129      0xf17 build/sam_e70_xult_freertos/production/_ext/1665200909/heap_3.o
 .debug_info    0x00000000000d2040     0x10db build/sam_e70_xult_freertos/production/_ext/404212886/list.o
 .debug_info    0x00000000000d311b     0x28f9 build/sam_e70_xult_freertos/production/_ext/404212886/queue.o
 .debug_info    0x00000000000d5a14     0x3597 build/sam_e70_xult_freertos/production/_ext/404212886/FreeRTOS_tasks.o
 .debug_info    0x00000000000d8fab      0xa57 build/sam_e70_xult_freertos/production/_ext/281930714/osal_freertos.o
 .debug_info    0x00000000000d9a02     0x4a85 build/sam_e70_xult_freertos/production/_ext/1360937237/app.o
 .debug_info    0x00000000000de487     0x43d4 build/sam_e70_xult_freertos/production/_ext/1360937237/main.o

.debug_abbrev   0x0000000000000000     0xb06d
 .debug_abbrev  0x0000000000000000      0x1a3 build/sam_e70_xult_freertos/production/_ext/683629640/bsp.o
 .debug_abbrev  0x00000000000001a3      0x58f build/sam_e70_xult_freertos/production/_ext/1607428259/drv_ethphy.o
 .debug_abbrev  0x0000000000000732      0x2d0 build/sam_e70_xult_freertos/production/_ext/1607428259/drv_extphy_smsc8740.o
 .debug_abbrev  0x0000000000000a02      0x618 build/sam_e70_xult_freertos/production/_ext/1619526243/drv_gmac.o
 .debug_abbrev  0x000000000000101a      0x540 build/sam_e70_xult_freertos/production/_ext/1619526243/drv_gmac_lib_samE7x_V7x.o
 .debug_abbrev  0x000000000000155a      0x683 build/sam_e70_xult_freertos/production/_ext/511568427/drv_miim.o
 .debug_abbrev  0x0000000000001bdd      0x2ae build/sam_e70_xult_freertos/production/_ext/810785262/helpers.o
 .debug_abbrev  0x0000000000001e8b      0x5e9 build/sam_e70_xult_freertos/production/_ext/810785262/dns.o
 .debug_abbrev  0x0000000000002474      0x40a build/sam_e70_xult_freertos/production/_ext/810785262/icmp.o
 .debug_abbrev  0x000000000000287e      0x5d1 build/sam_e70_xult_freertos/production/_ext/810785262/tcp.o
 .debug_abbrev  0x0000000000002e4f      0x592 build/sam_e70_xult_freertos/production/_ext/810785262/dhcp.o
 .debug_abbrev  0x00000000000033e1      0x54c build/sam_e70_xult_freertos/production/_ext/810785262/arp.o
 .debug_abbrev  0x000000000000392d      0x4c3 build/sam_e70_xult_freertos/production/_ext/810785262/tcpip_commands.o
 .debug_abbrev  0x0000000000003df0      0x50b build/sam_e70_xult_freertos/production/_ext/810785262/ipv4.o
 .debug_abbrev  0x00000000000042fb      0x69a build/sam_e70_xult_freertos/production/_ext/810785262/dhcps.o
 .debug_abbrev  0x0000000000004995      0x299 build/sam_e70_xult_freertos/production/_ext/810785262/tcpip_heap_alloc.o
 .debug_abbrev  0x0000000000004c2e      0x3f2 build/sam_e70_xult_freertos/production/_ext/810785262/tcpip_heap_internal.o
 .debug_abbrev  0x0000000000005020      0x1d0 build/sam_e70_xult_freertos/production/_ext/810785262/hash_fnv.o
 .debug_abbrev  0x00000000000051f0      0x34c build/sam_e70_xult_freertos/production/_ext/810785262/oahash.o
 .debug_abbrev  0x000000000000553c      0x4fc build/sam_e70_xult_freertos/production/_ext/810785262/tcpip_helpers.o
 .debug_abbrev  0x0000000000005a38      0x639 build/sam_e70_xult_freertos/production/_ext/810785262/tcpip_manager.o
 .debug_abbrev  0x0000000000006071      0x2eb build/sam_e70_xult_freertos/production/_ext/810785262/tcpip_notify.o
 .debug_abbrev  0x000000000000635c      0x47d build/sam_e70_xult_freertos/production/_ext/810785262/tcpip_packet.o
 .debug_abbrev  0x00000000000067d9      0x5bc build/sam_e70_xult_freertos/production/_ext/810785262/udp.o
 .debug_abbrev  0x0000000000006d95       0xfa build/sam_e70_xult_freertos/production/_ext/45647770/plib_clk.o
 .debug_abbrev  0x0000000000006e8f       0xcd build/sam_e70_xult_freertos/production/_ext/45638026/plib_mpu.o
 .debug_abbrev  0x0000000000006f5c      0x179 build/sam_e70_xult_freertos/production/_ext/1414743522/plib_nvic.o
 .debug_abbrev  0x00000000000070d5      0x160 build/sam_e70_xult_freertos/production/_ext/45635366/plib_pio.o
 .debug_abbrev  0x0000000000007235      0x182 build/sam_e70_xult_freertos/production/_ext/1245453995/plib_tc0.o
 .debug_abbrev  0x00000000000073b7      0x2c4 build/sam_e70_xult_freertos/production/_ext/901008055/plib_usart1.o
 .debug_abbrev  0x000000000000767b      0x299 build/sam_e70_xult_freertos/production/_ext/762686499/sys_console.o
 .debug_abbrev  0x0000000000007914      0x51a build/sam_e70_xult_freertos/production/_ext/762686499/sys_console_uart.o
 .debug_abbrev  0x0000000000007e2e      0x4d4 build/sam_e70_xult_freertos/production/_ext/762686499/sys_command.o
 .debug_abbrev  0x0000000000008302      0x200 build/sam_e70_xult_freertos/production/_ext/1775855163/sys_int.o
 .debug_abbrev  0x0000000000008502      0x572 build/sam_e70_xult_freertos/production/_ext/912870411/sys_time.o
 .debug_abbrev  0x0000000000008a74      0x128 build/sam_e70_xult_freertos/production/_ext/231871610/sys_time_h2_adapter.o
 .debug_abbrev  0x0000000000008b9c      0x2ba build/sam_e70_xult_freertos/production/_ext/1552905064/tasks.o
 .debug_abbrev  0x0000000000008e56      0x32a build/sam_e70_xult_freertos/production/_ext/1552905064/initialization.o
 .debug_abbrev  0x0000000000009180      0x247 build/sam_e70_xult_freertos/production/_ext/1552905064/interrupts.o
 .debug_abbrev  0x00000000000093c7      0x236 build/sam_e70_xult_freertos/production/_ext/1552905064/exceptions.o
 .debug_abbrev  0x00000000000095fd      0x366 build/sam_e70_xult_freertos/production/_ext/1552905064/startup_xc32.o
 .debug_abbrev  0x0000000000009963      0x121 build/sam_e70_xult_freertos/production/_ext/1552905064/freertos_hooks.o
 .debug_abbrev  0x0000000000009a84      0x1f2 build/sam_e70_xult_freertos/production/_ext/977623654/port.o
 .debug_abbrev  0x0000000000009c76      0x241 build/sam_e70_xult_freertos/production/_ext/1665200909/heap_3.o
 .debug_abbrev  0x0000000000009eb7      0x231 build/sam_e70_xult_freertos/production/_ext/404212886/list.o
 .debug_abbrev  0x000000000000a0e8      0x3f1 build/sam_e70_xult_freertos/production/_ext/404212886/queue.o
 .debug_abbrev  0x000000000000a4d9      0x49e build/sam_e70_xult_freertos/production/_ext/404212886/FreeRTOS_tasks.o
 .debug_abbrev  0x000000000000a977      0x19f build/sam_e70_xult_freertos/production/_ext/281930714/osal_freertos.o
 .debug_abbrev  0x000000000000ab16      0x2e7 build/sam_e70_xult_freertos/production/_ext/1360937237/app.o
 .debug_abbrev  0x000000000000adfd      0x270 build/sam_e70_xult_freertos/production/_ext/1360937237/main.o

.debug_aranges  0x0000000000000000     0x2300
 .debug_aranges
                0x0000000000000000       0x20 build/sam_e70_xult_freertos/production/_ext/683629640/bsp.o
 .debug_aranges
                0x0000000000000020      0x278 build/sam_e70_xult_freertos/production/_ext/1607428259/drv_ethphy.o
 .debug_aranges
                0x0000000000000298       0x30 build/sam_e70_xult_freertos/production/_ext/1607428259/drv_extphy_smsc8740.o
 .debug_aranges
                0x00000000000002c8      0x280 build/sam_e70_xult_freertos/production/_ext/1619526243/drv_gmac.o
 .debug_aranges
                0x0000000000000548       0xb0 build/sam_e70_xult_freertos/production/_ext/1619526243/drv_gmac_lib_samE7x_V7x.o
 .debug_aranges
                0x00000000000005f8       0xe8 build/sam_e70_xult_freertos/production/_ext/511568427/drv_miim.o
 .debug_aranges
                0x00000000000006e0       0x48 build/sam_e70_xult_freertos/production/_ext/810785262/helpers.o
 .debug_aranges
                0x0000000000000728      0x140 build/sam_e70_xult_freertos/production/_ext/810785262/dns.o
 .debug_aranges
                0x0000000000000868       0x38 build/sam_e70_xult_freertos/production/_ext/810785262/icmp.o
 .debug_aranges
                0x00000000000008a0      0x220 build/sam_e70_xult_freertos/production/_ext/810785262/tcp.o
 .debug_aranges
                0x0000000000000ac0      0x188 build/sam_e70_xult_freertos/production/_ext/810785262/dhcp.o
 .debug_aranges
                0x0000000000000c48      0x110 build/sam_e70_xult_freertos/production/_ext/810785262/arp.o
 .debug_aranges
                0x0000000000000d58       0xc0 build/sam_e70_xult_freertos/production/_ext/810785262/tcpip_commands.o
 .debug_aranges
                0x0000000000000e18       0xc0 build/sam_e70_xult_freertos/production/_ext/810785262/ipv4.o
 .debug_aranges
                0x0000000000000ed8      0x110 build/sam_e70_xult_freertos/production/_ext/810785262/dhcps.o
 .debug_aranges
                0x0000000000000fe8       0x48 build/sam_e70_xult_freertos/production/_ext/810785262/tcpip_heap_alloc.o
 .debug_aranges
                0x0000000000001030       0x68 build/sam_e70_xult_freertos/production/_ext/810785262/tcpip_heap_internal.o
 .debug_aranges
                0x0000000000001098       0x28 build/sam_e70_xult_freertos/production/_ext/810785262/hash_fnv.o
 .debug_aranges
                0x00000000000010c0       0x50 build/sam_e70_xult_freertos/production/_ext/810785262/oahash.o
 .debug_aranges
                0x0000000000001110      0x218 build/sam_e70_xult_freertos/production/_ext/810785262/tcpip_helpers.o
 .debug_aranges
                0x0000000000001328      0x380 build/sam_e70_xult_freertos/production/_ext/810785262/tcpip_manager.o
 .debug_aranges
                0x00000000000016a8       0x40 build/sam_e70_xult_freertos/production/_ext/810785262/tcpip_notify.o
 .debug_aranges
                0x00000000000016e8       0x78 build/sam_e70_xult_freertos/production/_ext/810785262/tcpip_packet.o
 .debug_aranges
                0x0000000000001760      0x1c0 build/sam_e70_xult_freertos/production/_ext/810785262/udp.o
 .debug_aranges
                0x0000000000001920       0x20 build/sam_e70_xult_freertos/production/_ext/45647770/plib_clk.o
 .debug_aranges
                0x0000000000001940       0x20 build/sam_e70_xult_freertos/production/_ext/45638026/plib_mpu.o
 .debug_aranges
                0x0000000000001960       0x20 build/sam_e70_xult_freertos/production/_ext/1414743522/plib_nvic.o
 .debug_aranges
                0x0000000000001980       0x60 build/sam_e70_xult_freertos/production/_ext/45635366/plib_pio.o
 .debug_aranges
                0x00000000000019e0       0x68 build/sam_e70_xult_freertos/production/_ext/1245453995/plib_tc0.o
 .debug_aranges
                0x0000000000001a48       0x78 build/sam_e70_xult_freertos/production/_ext/901008055/plib_usart1.o
 .debug_aranges
                0x0000000000001ac0       0x50 build/sam_e70_xult_freertos/production/_ext/762686499/sys_console.o
 .debug_aranges
                0x0000000000001b10       0x78 build/sam_e70_xult_freertos/production/_ext/762686499/sys_console_uart.o
 .debug_aranges
                0x0000000000001b88       0xd0 build/sam_e70_xult_freertos/production/_ext/762686499/sys_command.o
 .debug_aranges
                0x0000000000001c58       0x40 build/sam_e70_xult_freertos/production/_ext/1775855163/sys_int.o
 .debug_aranges
                0x0000000000001c98      0x130 build/sam_e70_xult_freertos/production/_ext/912870411/sys_time.o
 .debug_aranges
                0x0000000000001dc8       0x28 build/sam_e70_xult_freertos/production/_ext/231871610/sys_time_h2_adapter.o
 .debug_aranges
                0x0000000000001df0       0x40 build/sam_e70_xult_freertos/production/_ext/1552905064/tasks.o
 .debug_aranges
                0x0000000000001e30       0x28 build/sam_e70_xult_freertos/production/_ext/1552905064/initialization.o
 .debug_aranges
                0x0000000000001e58       0x20 build/sam_e70_xult_freertos/production/_ext/1552905064/interrupts.o
 .debug_aranges
                0x0000000000001e78       0x48 build/sam_e70_xult_freertos/production/_ext/1552905064/exceptions.o
 .debug_aranges
                0x0000000000001ec0       0x20 build/sam_e70_xult_freertos/production/_ext/1552905064/startup_xc32.o
 .debug_aranges
                0x0000000000001ee0       0x40 build/sam_e70_xult_freertos/production/_ext/1552905064/freertos_hooks.o
 .debug_aranges
                0x0000000000001f20       0x78 build/sam_e70_xult_freertos/production/_ext/977623654/port.o
 .debug_aranges
                0x0000000000001f98       0x28 build/sam_e70_xult_freertos/production/_ext/1665200909/heap_3.o
 .debug_aranges
                0x0000000000001fc0       0x40 build/sam_e70_xult_freertos/production/_ext/404212886/list.o
 .debug_aranges
                0x0000000000002000       0xc8 build/sam_e70_xult_freertos/production/_ext/404212886/queue.o
 .debug_aranges
                0x00000000000020c8      0x170 build/sam_e70_xult_freertos/production/_ext/404212886/FreeRTOS_tasks.o
 .debug_aranges
                0x0000000000002238       0x80 build/sam_e70_xult_freertos/production/_ext/281930714/osal_freertos.o
 .debug_aranges
                0x00000000000022b8       0x28 build/sam_e70_xult_freertos/production/_ext/1360937237/app.o
 .debug_aranges
                0x00000000000022e0       0x20 build/sam_e70_xult_freertos/production/_ext/1360937237/main.o

.debug_ranges   0x0000000000000000     0x3a50
 .debug_ranges  0x0000000000000000       0x10 build/sam_e70_xult_freertos/production/_ext/683629640/bsp.o
 .debug_ranges  0x0000000000000010      0x2e0 build/sam_e70_xult_freertos/production/_ext/1607428259/drv_ethphy.o
 .debug_ranges  0x00000000000002f0       0x20 build/sam_e70_xult_freertos/production/_ext/1607428259/drv_extphy_smsc8740.o
 .debug_ranges  0x0000000000000310      0x320 build/sam_e70_xult_freertos/production/_ext/1619526243/drv_gmac.o
 .debug_ranges  0x0000000000000630      0x118 build/sam_e70_xult_freertos/production/_ext/1619526243/drv_gmac_lib_samE7x_V7x.o
 .debug_ranges  0x0000000000000748      0x348 build/sam_e70_xult_freertos/production/_ext/511568427/drv_miim.o
 .debug_ranges  0x0000000000000a90       0x38 build/sam_e70_xult_freertos/production/_ext/810785262/helpers.o
 .debug_ranges  0x0000000000000ac8      0x238 build/sam_e70_xult_freertos/production/_ext/810785262/dns.o
 .debug_ranges  0x0000000000000d00       0x40 build/sam_e70_xult_freertos/production/_ext/810785262/icmp.o
 .debug_ranges  0x0000000000000d40      0x700 build/sam_e70_xult_freertos/production/_ext/810785262/tcp.o
 .debug_ranges  0x0000000000001440      0x2f0 build/sam_e70_xult_freertos/production/_ext/810785262/dhcp.o
 .debug_ranges  0x0000000000001730      0x1c0 build/sam_e70_xult_freertos/production/_ext/810785262/arp.o
 .debug_ranges  0x00000000000018f0      0x168 build/sam_e70_xult_freertos/production/_ext/810785262/tcpip_commands.o
 .debug_ranges  0x0000000000001a58      0x230 build/sam_e70_xult_freertos/production/_ext/810785262/ipv4.o
 .debug_ranges  0x0000000000001c88      0x348 build/sam_e70_xult_freertos/production/_ext/810785262/dhcps.o
 .debug_ranges  0x0000000000001fd0       0x38 build/sam_e70_xult_freertos/production/_ext/810785262/tcpip_heap_alloc.o
 .debug_ranges  0x0000000000002008       0x58 build/sam_e70_xult_freertos/production/_ext/810785262/tcpip_heap_internal.o
 .debug_ranges  0x0000000000002060       0x18 build/sam_e70_xult_freertos/production/_ext/810785262/hash_fnv.o
 .debug_ranges  0x0000000000002078       0x40 build/sam_e70_xult_freertos/production/_ext/810785262/oahash.o
 .debug_ranges  0x00000000000020b8      0x258 build/sam_e70_xult_freertos/production/_ext/810785262/tcpip_helpers.o
 .debug_ranges  0x0000000000002310      0x688 build/sam_e70_xult_freertos/production/_ext/810785262/tcpip_manager.o
 .debug_ranges  0x0000000000002998       0x30 build/sam_e70_xult_freertos/production/_ext/810785262/tcpip_notify.o
 .debug_ranges  0x00000000000029c8       0x80 build/sam_e70_xult_freertos/production/_ext/810785262/tcpip_packet.o
 .debug_ranges  0x0000000000002a48      0x3f0 build/sam_e70_xult_freertos/production/_ext/810785262/udp.o
 .debug_ranges  0x0000000000002e38       0x10 build/sam_e70_xult_freertos/production/_ext/45647770/plib_clk.o
 .debug_ranges  0x0000000000002e48       0x10 build/sam_e70_xult_freertos/production/_ext/45638026/plib_mpu.o
 .debug_ranges  0x0000000000002e58       0x10 build/sam_e70_xult_freertos/production/_ext/1414743522/plib_nvic.o
 .debug_ranges  0x0000000000002e68       0x50 build/sam_e70_xult_freertos/production/_ext/45635366/plib_pio.o
 .debug_ranges  0x0000000000002eb8       0x58 build/sam_e70_xult_freertos/production/_ext/1245453995/plib_tc0.o
 .debug_ranges  0x0000000000002f10       0x80 build/sam_e70_xult_freertos/production/_ext/901008055/plib_usart1.o
 .debug_ranges  0x0000000000002f90       0x40 build/sam_e70_xult_freertos/production/_ext/762686499/sys_console.o
 .debug_ranges  0x0000000000002fd0       0xc8 build/sam_e70_xult_freertos/production/_ext/762686499/sys_console_uart.o
 .debug_ranges  0x0000000000003098      0x1a8 build/sam_e70_xult_freertos/production/_ext/762686499/sys_command.o
 .debug_ranges  0x0000000000003240       0x30 build/sam_e70_xult_freertos/production/_ext/1775855163/sys_int.o
 .debug_ranges  0x0000000000003270      0x168 build/sam_e70_xult_freertos/production/_ext/912870411/sys_time.o
 .debug_ranges  0x00000000000033d8       0x18 build/sam_e70_xult_freertos/production/_ext/231871610/sys_time_h2_adapter.o
 .debug_ranges  0x00000000000033f0       0x30 build/sam_e70_xult_freertos/production/_ext/1552905064/tasks.o
 .debug_ranges  0x0000000000003420       0x18 build/sam_e70_xult_freertos/production/_ext/1552905064/initialization.o
 .debug_ranges  0x0000000000003438       0x10 build/sam_e70_xult_freertos/production/_ext/1552905064/interrupts.o
 .debug_ranges  0x0000000000003448       0x38 build/sam_e70_xult_freertos/production/_ext/1552905064/exceptions.o
 .debug_ranges  0x0000000000003480       0x10 build/sam_e70_xult_freertos/production/_ext/1552905064/startup_xc32.o
 .debug_ranges  0x0000000000003490       0x30 build/sam_e70_xult_freertos/production/_ext/1552905064/freertos_hooks.o
 .debug_ranges  0x00000000000034c0       0x68 build/sam_e70_xult_freertos/production/_ext/977623654/port.o
 .debug_ranges  0x0000000000003528       0x18 build/sam_e70_xult_freertos/production/_ext/1665200909/heap_3.o
 .debug_ranges  0x0000000000003540       0x30 build/sam_e70_xult_freertos/production/_ext/404212886/list.o
 .debug_ranges  0x0000000000003570      0x1b8 build/sam_e70_xult_freertos/production/_ext/404212886/queue.o
 .debug_ranges  0x0000000000003728      0x290 build/sam_e70_xult_freertos/production/_ext/404212886/FreeRTOS_tasks.o
 .debug_ranges  0x00000000000039b8       0x70 build/sam_e70_xult_freertos/production/_ext/281930714/osal_freertos.o
 .debug_ranges  0x0000000000003a28       0x18 build/sam_e70_xult_freertos/production/_ext/1360937237/app.o
 .debug_ranges  0x0000000000003a40       0x10 build/sam_e70_xult_freertos/production/_ext/1360937237/main.o

.debug_line     0x0000000000000000    0x142b7
 .debug_line    0x0000000000000000      0x201 build/sam_e70_xult_freertos/production/_ext/683629640/bsp.o
 .debug_line    0x0000000000000201      0xebf build/sam_e70_xult_freertos/production/_ext/1607428259/drv_ethphy.o
 .debug_line    0x00000000000010c0      0x358 build/sam_e70_xult_freertos/production/_ext/1607428259/drv_extphy_smsc8740.o
 .debug_line    0x0000000000001418      0xe27 build/sam_e70_xult_freertos/production/_ext/1619526243/drv_gmac.o
 .debug_line    0x000000000000223f      0x976 build/sam_e70_xult_freertos/production/_ext/1619526243/drv_gmac_lib_samE7x_V7x.o
 .debug_line    0x0000000000002bb5      0x8f0 build/sam_e70_xult_freertos/production/_ext/511568427/drv_miim.o
 .debug_line    0x00000000000034a5      0x275 build/sam_e70_xult_freertos/production/_ext/810785262/helpers.o
 .debug_line    0x000000000000371a      0xb8f build/sam_e70_xult_freertos/production/_ext/810785262/dns.o
 .debug_line    0x00000000000042a9      0x491 build/sam_e70_xult_freertos/production/_ext/810785262/icmp.o
 .debug_line    0x000000000000473a     0x17ed build/sam_e70_xult_freertos/production/_ext/810785262/tcp.o
 .debug_line    0x0000000000005f27      0xe2c build/sam_e70_xult_freertos/production/_ext/810785262/dhcp.o
 .debug_line    0x0000000000006d53      0xae5 build/sam_e70_xult_freertos/production/_ext/810785262/arp.o
 .debug_line    0x0000000000007838      0xa82 build/sam_e70_xult_freertos/production/_ext/810785262/tcpip_commands.o
 .debug_line    0x00000000000082ba      0xa19 build/sam_e70_xult_freertos/production/_ext/810785262/ipv4.o
 .debug_line    0x0000000000008cd3      0xc1c build/sam_e70_xult_freertos/production/_ext/810785262/dhcps.o
 .debug_line    0x00000000000098ef      0x3ef build/sam_e70_xult_freertos/production/_ext/810785262/tcpip_heap_alloc.o
 .debug_line    0x0000000000009cde      0x5bf build/sam_e70_xult_freertos/production/_ext/810785262/tcpip_heap_internal.o
 .debug_line    0x000000000000a29d      0x1d1 build/sam_e70_xult_freertos/production/_ext/810785262/hash_fnv.o
 .debug_line    0x000000000000a46e      0x29c build/sam_e70_xult_freertos/production/_ext/810785262/oahash.o
 .debug_line    0x000000000000a70a      0xc5c build/sam_e70_xult_freertos/production/_ext/810785262/tcpip_helpers.o
 .debug_line    0x000000000000b366     0x14c1 build/sam_e70_xult_freertos/production/_ext/810785262/tcpip_manager.o
 .debug_line    0x000000000000c827      0x48a build/sam_e70_xult_freertos/production/_ext/810785262/tcpip_notify.o
 .debug_line    0x000000000000ccb1      0x541 build/sam_e70_xult_freertos/production/_ext/810785262/tcpip_packet.o
 .debug_line    0x000000000000d1f2      0xf8a build/sam_e70_xult_freertos/production/_ext/810785262/udp.o
 .debug_line    0x000000000000e17c      0x17e build/sam_e70_xult_freertos/production/_ext/45647770/plib_clk.o
 .debug_line    0x000000000000e2fa      0x15d build/sam_e70_xult_freertos/production/_ext/45638026/plib_mpu.o
 .debug_line    0x000000000000e457      0x1a1 build/sam_e70_xult_freertos/production/_ext/1414743522/plib_nvic.o
 .debug_line    0x000000000000e5f8      0x221 build/sam_e70_xult_freertos/production/_ext/45635366/plib_pio.o
 .debug_line    0x000000000000e819      0x21c build/sam_e70_xult_freertos/production/_ext/1245453995/plib_tc0.o
 .debug_line    0x000000000000ea35      0x30f build/sam_e70_xult_freertos/production/_ext/901008055/plib_usart1.o
 .debug_line    0x000000000000ed44      0x333 build/sam_e70_xult_freertos/production/_ext/762686499/sys_console.o
 .debug_line    0x000000000000f077      0x670 build/sam_e70_xult_freertos/production/_ext/762686499/sys_console_uart.o
 .debug_line    0x000000000000f6e7      0x61d build/sam_e70_xult_freertos/production/_ext/762686499/sys_command.o
 .debug_line    0x000000000000fd04      0x246 build/sam_e70_xult_freertos/production/_ext/1775855163/sys_int.o
 .debug_line    0x000000000000ff4a      0x7d1 build/sam_e70_xult_freertos/production/_ext/912870411/sys_time.o
 .debug_line    0x000000000001071b      0x19f build/sam_e70_xult_freertos/production/_ext/231871610/sys_time_h2_adapter.o
 .debug_line    0x00000000000108ba      0x4af build/sam_e70_xult_freertos/production/_ext/1552905064/tasks.o
 .debug_line    0x0000000000010d69      0x731 build/sam_e70_xult_freertos/production/_ext/1552905064/initialization.o
 .debug_line    0x000000000001149a      0x38e build/sam_e70_xult_freertos/production/_ext/1552905064/interrupts.o
 .debug_line    0x0000000000011828      0x3ad build/sam_e70_xult_freertos/production/_ext/1552905064/exceptions.o
 .debug_line    0x0000000000011bd5      0x4b2 build/sam_e70_xult_freertos/production/_ext/1552905064/startup_xc32.o
 .debug_line    0x0000000000012087      0x1cd build/sam_e70_xult_freertos/production/_ext/1552905064/freertos_hooks.o
 .debug_line    0x0000000000012254      0x26b build/sam_e70_xult_freertos/production/_ext/977623654/port.o
 .debug_line    0x00000000000124bf      0x1ac build/sam_e70_xult_freertos/production/_ext/1665200909/heap_3.o
 .debug_line    0x000000000001266b      0x292 build/sam_e70_xult_freertos/production/_ext/404212886/list.o
 .debug_line    0x00000000000128fd      0x64d build/sam_e70_xult_freertos/production/_ext/404212886/queue.o
 .debug_line    0x0000000000012f4a      0x8f4 build/sam_e70_xult_freertos/production/_ext/404212886/FreeRTOS_tasks.o
 .debug_line    0x000000000001383e      0x2f3 build/sam_e70_xult_freertos/production/_ext/281930714/osal_freertos.o
 .debug_line    0x0000000000013b31      0x426 build/sam_e70_xult_freertos/production/_ext/1360937237/app.o
 .debug_line    0x0000000000013f57      0x360 build/sam_e70_xult_freertos/production/_ext/1360937237/main.o

.debug_str      0x0000000000000000     0x50f9
 .debug_str     0x0000000000000000        0xe build/sam_e70_xult_freertos/production/_ext/683629640/bsp.o
 .debug_str     0x000000000000000e      0x52c build/sam_e70_xult_freertos/production/_ext/1607428259/drv_ethphy.o
 .debug_str     0x000000000000053a       0x4d build/sam_e70_xult_freertos/production/_ext/1607428259/drv_extphy_smsc8740.o
 .debug_str     0x0000000000000587      0x387 build/sam_e70_xult_freertos/production/_ext/1619526243/drv_gmac.o
 .debug_str     0x000000000000090e      0x13c build/sam_e70_xult_freertos/production/_ext/1619526243/drv_gmac_lib_samE7x_V7x.o
 .debug_str     0x0000000000000a4a      0x2a8 build/sam_e70_xult_freertos/production/_ext/511568427/drv_miim.o
 .debug_str     0x0000000000000cf2       0x21 build/sam_e70_xult_freertos/production/_ext/810785262/helpers.o
 .debug_str     0x0000000000000d13      0x4d1 build/sam_e70_xult_freertos/production/_ext/810785262/dns.o
 .debug_str     0x00000000000011e4      0x14e build/sam_e70_xult_freertos/production/_ext/810785262/icmp.o
 .debug_str     0x0000000000001332      0x3e3 build/sam_e70_xult_freertos/production/_ext/810785262/tcp.o
 .debug_str     0x0000000000001715      0x60a build/sam_e70_xult_freertos/production/_ext/810785262/dhcp.o
 .debug_str     0x0000000000001d1f      0x4bc build/sam_e70_xult_freertos/production/_ext/810785262/arp.o
 .debug_str     0x00000000000021db      0x7aa build/sam_e70_xult_freertos/production/_ext/810785262/tcpip_commands.o
 .debug_str     0x0000000000002985      0x540 build/sam_e70_xult_freertos/production/_ext/810785262/ipv4.o
 .debug_str     0x0000000000002ec5      0x626 build/sam_e70_xult_freertos/production/_ext/810785262/dhcps.o
 .debug_str     0x00000000000034eb       0x6d build/sam_e70_xult_freertos/production/_ext/810785262/tcpip_heap_alloc.o
 .debug_str     0x0000000000003558       0x90 build/sam_e70_xult_freertos/production/_ext/810785262/tcpip_heap_internal.o
 .debug_str     0x00000000000035e8        0xe build/sam_e70_xult_freertos/production/_ext/810785262/hash_fnv.o
 .debug_str     0x00000000000035f6       0x18 build/sam_e70_xult_freertos/production/_ext/810785262/oahash.o
 .debug_str     0x000000000000360e      0x11e build/sam_e70_xult_freertos/production/_ext/810785262/tcpip_helpers.o
 .debug_str     0x000000000000372c      0x4f2 build/sam_e70_xult_freertos/production/_ext/810785262/tcpip_manager.o
 .debug_str     0x0000000000003c1e       0xfe build/sam_e70_xult_freertos/production/_ext/810785262/tcpip_notify.o
 .debug_str     0x0000000000003d1c       0x21 build/sam_e70_xult_freertos/production/_ext/810785262/tcpip_packet.o
 .debug_str     0x0000000000003d3d      0x3a1 build/sam_e70_xult_freertos/production/_ext/810785262/udp.o
 .debug_str     0x00000000000040de        0xa build/sam_e70_xult_freertos/production/_ext/45647770/plib_clk.o
 .debug_str     0x00000000000040e8        0x0 build/sam_e70_xult_freertos/production/_ext/45638026/plib_mpu.o
 .debug_str     0x00000000000040e8       0x28 build/sam_e70_xult_freertos/production/_ext/1414743522/plib_nvic.o
 .debug_str     0x0000000000004110       0x46 build/sam_e70_xult_freertos/production/_ext/45635366/plib_pio.o
 .debug_str     0x0000000000004156        0xa build/sam_e70_xult_freertos/production/_ext/1245453995/plib_tc0.o
 .debug_str     0x0000000000004160       0x10 build/sam_e70_xult_freertos/production/_ext/901008055/plib_usart1.o
 .debug_str     0x0000000000004170       0x27 build/sam_e70_xult_freertos/production/_ext/762686499/sys_console.o
 .debug_str     0x0000000000004197      0x113 build/sam_e70_xult_freertos/production/_ext/762686499/sys_console_uart.o
 .debug_str     0x00000000000042aa       0xc3 build/sam_e70_xult_freertos/production/_ext/762686499/sys_command.o
 .debug_str     0x000000000000436d       0x10 build/sam_e70_xult_freertos/production/_ext/1775855163/sys_int.o
 .debug_str     0x000000000000437d      0x16e build/sam_e70_xult_freertos/production/_ext/912870411/sys_time.o
 .debug_str     0x00000000000044eb       0x25 build/sam_e70_xult_freertos/production/_ext/231871610/sys_time_h2_adapter.o
 .debug_str     0x0000000000004510       0x9c build/sam_e70_xult_freertos/production/_ext/1552905064/tasks.o
 .debug_str     0x00000000000045ac      0x1a2 build/sam_e70_xult_freertos/production/_ext/1552905064/initialization.o
 .debug_str     0x000000000000474e       0x2c build/sam_e70_xult_freertos/production/_ext/1552905064/interrupts.o
 .debug_str     0x000000000000477a       0x2c build/sam_e70_xult_freertos/production/_ext/1552905064/exceptions.o
 .debug_str     0x00000000000047a6       0xa6 build/sam_e70_xult_freertos/production/_ext/1552905064/startup_xc32.o
 .debug_str     0x000000000000484c       0x25 build/sam_e70_xult_freertos/production/_ext/1552905064/freertos_hooks.o
 .debug_str     0x0000000000004871       0x26 build/sam_e70_xult_freertos/production/_ext/977623654/port.o
 .debug_str     0x0000000000004897       0x4a build/sam_e70_xult_freertos/production/_ext/1665200909/heap_3.o
 .debug_str     0x00000000000048e1       0x39 build/sam_e70_xult_freertos/production/_ext/404212886/list.o
 .debug_str     0x000000000000491a      0x28d build/sam_e70_xult_freertos/production/_ext/404212886/queue.o
 .debug_str     0x0000000000004ba7      0x288 build/sam_e70_xult_freertos/production/_ext/404212886/FreeRTOS_tasks.o
 .debug_str     0x0000000000004e2f      0x124 build/sam_e70_xult_freertos/production/_ext/281930714/osal_freertos.o
 .debug_str     0x0000000000004f53      0x161 build/sam_e70_xult_freertos/production/_ext/1360937237/app.o
 .debug_str     0x00000000000050b4       0x45 build/sam_e70_xult_freertos/production/_ext/1360937237/main.o

.comment        0x0000000000000000       0x3c
 .comment       0x0000000000000000       0x3c build/sam_e70_xult_freertos/production/_ext/683629640/bsp.o
                                         0x3d (size before relaxing)
 .comment       0x000000000000003c       0x3d build/sam_e70_xult_freertos/production/_ext/1607428259/drv_ethphy.o
 .comment       0x000000000000003c       0x3d build/sam_e70_xult_freertos/production/_ext/1607428259/drv_extphy_smsc8740.o
 .comment       0x000000000000003c       0x3d build/sam_e70_xult_freertos/production/_ext/1619526243/drv_gmac.o
 .comment       0x000000000000003c       0x3d build/sam_e70_xult_freertos/production/_ext/1619526243/drv_gmac_lib_samE7x_V7x.o
 .comment       0x000000000000003c       0x3d build/sam_e70_xult_freertos/production/_ext/511568427/drv_miim.o
 .comment       0x000000000000003c       0x3d build/sam_e70_xult_freertos/production/_ext/810785262/helpers.o
 .comment       0x000000000000003c       0x3d build/sam_e70_xult_freertos/production/_ext/810785262/dns.o
 .comment       0x000000000000003c       0x3d build/sam_e70_xult_freertos/production/_ext/810785262/icmp.o
 .comment       0x000000000000003c       0x3d build/sam_e70_xult_freertos/production/_ext/810785262/tcp.o
 .comment       0x000000000000003c       0x3d build/sam_e70_xult_freertos/production/_ext/810785262/dhcp.o
 .comment       0x000000000000003c       0x3d build/sam_e70_xult_freertos/production/_ext/810785262/arp.o
 .comment       0x000000000000003c       0x3d build/sam_e70_xult_freertos/production/_ext/810785262/tcpip_commands.o
 .comment       0x000000000000003c       0x3d build/sam_e70_xult_freertos/production/_ext/810785262/ipv4.o
 .comment       0x000000000000003c       0x3d build/sam_e70_xult_freertos/production/_ext/810785262/dhcps.o
 .comment       0x000000000000003c       0x3d build/sam_e70_xult_freertos/production/_ext/810785262/tcpip_heap_alloc.o
 .comment       0x000000000000003c       0x3d build/sam_e70_xult_freertos/production/_ext/810785262/tcpip_heap_internal.o
 .comment       0x000000000000003c       0x3d build/sam_e70_xult_freertos/production/_ext/810785262/hash_fnv.o
 .comment       0x000000000000003c       0x3d build/sam_e70_xult_freertos/production/_ext/810785262/oahash.o
 .comment       0x000000000000003c       0x3d build/sam_e70_xult_freertos/production/_ext/810785262/tcpip_helpers.o
 .comment       0x000000000000003c       0x3d build/sam_e70_xult_freertos/production/_ext/810785262/tcpip_manager.o
 .comment       0x000000000000003c       0x3d build/sam_e70_xult_freertos/production/_ext/810785262/tcpip_notify.o
 .comment       0x000000000000003c       0x3d build/sam_e70_xult_freertos/production/_ext/810785262/tcpip_packet.o
 .comment       0x000000000000003c       0x3d build/sam_e70_xult_freertos/production/_ext/810785262/udp.o
 .comment       0x000000000000003c       0x3d build/sam_e70_xult_freertos/production/_ext/45647770/plib_clk.o
 .comment       0x000000000000003c       0x3d build/sam_e70_xult_freertos/production/_ext/45638026/plib_mpu.o
 .comment       0x000000000000003c       0x3d build/sam_e70_xult_freertos/production/_ext/1414743522/plib_nvic.o
 .comment       0x000000000000003c       0x3d build/sam_e70_xult_freertos/production/_ext/45635366/plib_pio.o
 .comment       0x000000000000003c       0x3d build/sam_e70_xult_freertos/production/_ext/1245453995/plib_tc0.o
 .comment       0x000000000000003c       0x3d build/sam_e70_xult_freertos/production/_ext/901008055/plib_usart1.o
 .comment       0x000000000000003c       0x3d build/sam_e70_xult_freertos/production/_ext/762686499/sys_console.o
 .comment       0x000000000000003c       0x3d build/sam_e70_xult_freertos/production/_ext/762686499/sys_console_uart.o
 .comment       0x000000000000003c       0x3d build/sam_e70_xult_freertos/production/_ext/762686499/sys_command.o
 .comment       0x000000000000003c       0x3d build/sam_e70_xult_freertos/production/_ext/1775855163/sys_int.o
 .comment       0x000000000000003c       0x3d build/sam_e70_xult_freertos/production/_ext/912870411/sys_time.o
 .comment       0x000000000000003c       0x3d build/sam_e70_xult_freertos/production/_ext/231871610/sys_time_h2_adapter.o
 .comment       0x000000000000003c       0x3d build/sam_e70_xult_freertos/production/_ext/1552905064/tasks.o
 .comment       0x000000000000003c       0x3d build/sam_e70_xult_freertos/production/_ext/1552905064/initialization.o
 .comment       0x000000000000003c       0x3d build/sam_e70_xult_freertos/production/_ext/1552905064/interrupts.o
 .comment       0x000000000000003c       0x3d build/sam_e70_xult_freertos/production/_ext/1552905064/exceptions.o
 .comment       0x000000000000003c       0x3d build/sam_e70_xult_freertos/production/_ext/1552905064/startup_xc32.o
 .comment       0x000000000000003c       0x3d build/sam_e70_xult_freertos/production/_ext/1552905064/freertos_hooks.o
 .comment       0x000000000000003c       0x3d build/sam_e70_xult_freertos/production/_ext/977623654/port.o
 .comment       0x000000000000003c       0x3d build/sam_e70_xult_freertos/production/_ext/1665200909/heap_3.o
 .comment       0x000000000000003c       0x3d build/sam_e70_xult_freertos/production/_ext/404212886/list.o
 .comment       0x000000000000003c       0x3d build/sam_e70_xult_freertos/production/_ext/404212886/queue.o
 .comment       0x000000000000003c       0x3d build/sam_e70_xult_freertos/production/_ext/404212886/FreeRTOS_tasks.o
 .comment       0x000000000000003c       0x3d build/sam_e70_xult_freertos/production/_ext/281930714/osal_freertos.o
 .comment       0x000000000000003c       0x3d build/sam_e70_xult_freertos/production/_ext/1360937237/app.o
 .comment       0x000000000000003c       0x3d build/sam_e70_xult_freertos/production/_ext/1360937237/main.o

.debug_frame    0x0000000000000000     0x76b4
 .debug_frame   0x0000000000000000       0x20 build/sam_e70_xult_freertos/production/_ext/683629640/bsp.o
 .debug_frame   0x0000000000000020      0x728 build/sam_e70_xult_freertos/production/_ext/1607428259/drv_ethphy.o
 .debug_frame   0x0000000000000748       0x70 build/sam_e70_xult_freertos/production/_ext/1607428259/drv_extphy_smsc8740.o
 .debug_frame   0x00000000000007b8      0x670 build/sam_e70_xult_freertos/production/_ext/1619526243/drv_gmac.o
 .debug_frame   0x0000000000000e28      0x230 build/sam_e70_xult_freertos/production/_ext/1619526243/drv_gmac_lib_samE7x_V7x.o
 .debug_frame   0x0000000000001058      0x2c8 build/sam_e70_xult_freertos/production/_ext/511568427/drv_miim.o
 .debug_frame   0x0000000000001320       0xd8 build/sam_e70_xult_freertos/production/_ext/810785262/helpers.o
 .debug_frame   0x00000000000013f8      0x490 build/sam_e70_xult_freertos/production/_ext/810785262/dns.o
 .debug_frame   0x0000000000001888       0x84 build/sam_e70_xult_freertos/production/_ext/810785262/icmp.o
 .debug_frame   0x000000000000190c      0x76c build/sam_e70_xult_freertos/production/_ext/810785262/tcp.o
 .debug_frame   0x0000000000002078      0x52c build/sam_e70_xult_freertos/production/_ext/810785262/dhcp.o
 .debug_frame   0x00000000000025a4      0x4dc build/sam_e70_xult_freertos/production/_ext/810785262/arp.o
 .debug_frame   0x0000000000002a80      0x33c build/sam_e70_xult_freertos/production/_ext/810785262/tcpip_commands.o
 .debug_frame   0x0000000000002dbc      0x2ac build/sam_e70_xult_freertos/production/_ext/810785262/ipv4.o
 .debug_frame   0x0000000000003068      0x3cc build/sam_e70_xult_freertos/production/_ext/810785262/dhcps.o
 .debug_frame   0x0000000000003434       0x9c build/sam_e70_xult_freertos/production/_ext/810785262/tcpip_heap_alloc.o
 .debug_frame   0x00000000000034d0      0x138 build/sam_e70_xult_freertos/production/_ext/810785262/tcpip_heap_internal.o
 .debug_frame   0x0000000000003608       0x30 build/sam_e70_xult_freertos/production/_ext/810785262/hash_fnv.o
 .debug_frame   0x0000000000003638       0xc0 build/sam_e70_xult_freertos/production/_ext/810785262/oahash.o
 .debug_frame   0x00000000000036f8      0x6dc build/sam_e70_xult_freertos/production/_ext/810785262/tcpip_helpers.o
 .debug_frame   0x0000000000003dd4      0xab4 build/sam_e70_xult_freertos/production/_ext/810785262/tcpip_manager.o
 .debug_frame   0x0000000000004888       0x94 build/sam_e70_xult_freertos/production/_ext/810785262/tcpip_notify.o
 .debug_frame   0x000000000000491c      0x154 build/sam_e70_xult_freertos/production/_ext/810785262/tcpip_packet.o
 .debug_frame   0x0000000000004a70      0x658 build/sam_e70_xult_freertos/production/_ext/810785262/udp.o
 .debug_frame   0x00000000000050c8       0x20 build/sam_e70_xult_freertos/production/_ext/45647770/plib_clk.o
 .debug_frame   0x00000000000050e8       0x20 build/sam_e70_xult_freertos/production/_ext/45638026/plib_mpu.o
 .debug_frame   0x0000000000005108       0x20 build/sam_e70_xult_freertos/production/_ext/1414743522/plib_nvic.o
 .debug_frame   0x0000000000005128       0xa0 build/sam_e70_xult_freertos/production/_ext/45635366/plib_pio.o
 .debug_frame   0x00000000000051c8       0xb8 build/sam_e70_xult_freertos/production/_ext/1245453995/plib_tc0.o
 .debug_frame   0x0000000000005280      0x114 build/sam_e70_xult_freertos/production/_ext/901008055/plib_usart1.o
 .debug_frame   0x0000000000005394       0xcc build/sam_e70_xult_freertos/production/_ext/762686499/sys_console.o
 .debug_frame   0x0000000000005460      0x174 build/sam_e70_xult_freertos/production/_ext/762686499/sys_console_uart.o
 .debug_frame   0x00000000000055d4      0x2e0 build/sam_e70_xult_freertos/production/_ext/762686499/sys_command.o
 .debug_frame   0x00000000000058b4       0x6c build/sam_e70_xult_freertos/production/_ext/1775855163/sys_int.o
 .debug_frame   0x0000000000005920      0x3bc build/sam_e70_xult_freertos/production/_ext/912870411/sys_time.o
 .debug_frame   0x0000000000005cdc       0x40 build/sam_e70_xult_freertos/production/_ext/231871610/sys_time_h2_adapter.o
 .debug_frame   0x0000000000005d1c       0x94 build/sam_e70_xult_freertos/production/_ext/1552905064/tasks.o
 .debug_frame   0x0000000000005db0       0x44 build/sam_e70_xult_freertos/production/_ext/1552905064/initialization.o
 .debug_frame   0x0000000000005df4       0x20 build/sam_e70_xult_freertos/production/_ext/1552905064/interrupts.o
 .debug_frame   0x0000000000005e14       0x70 build/sam_e70_xult_freertos/production/_ext/1552905064/exceptions.o
 .debug_frame   0x0000000000005e84       0x30 build/sam_e70_xult_freertos/production/_ext/1552905064/startup_xc32.o
 .debug_frame   0x0000000000005eb4       0x6c build/sam_e70_xult_freertos/production/_ext/1552905064/freertos_hooks.o
 .debug_frame   0x0000000000005f20       0xe8 build/sam_e70_xult_freertos/production/_ext/977623654/port.o
 .debug_frame   0x0000000000006008       0x44 build/sam_e70_xult_freertos/production/_ext/1665200909/heap_3.o
 .debug_frame   0x000000000000604c       0x6c build/sam_e70_xult_freertos/production/_ext/404212886/list.o
 .debug_frame   0x00000000000060b8      0x280 build/sam_e70_xult_freertos/production/_ext/404212886/queue.o
 .debug_frame   0x0000000000006338      0x478 build/sam_e70_xult_freertos/production/_ext/404212886/FreeRTOS_tasks.o
 .debug_frame   0x00000000000067b0      0x150 build/sam_e70_xult_freertos/production/_ext/281930714/osal_freertos.o
 .debug_frame   0x0000000000006900       0x50 build/sam_e70_xult_freertos/production/_ext/1360937237/app.o
 .debug_frame   0x0000000000006950       0x28 build/sam_e70_xult_freertos/production/_ext/1360937237/main.o
 .debug_frame   0x0000000000006978       0x2c /Applications/microchip/xc32/v2.15/bin/bin/../../lib/gcc/pic32c/6.2.1/../../../../pic32c/lib/v7e-m/fpv5/hard/libpic32c.a(data_init.o)
 .debug_frame   0x00000000000069a4       0x2c /Applications/microchip/xc32/v2.15/bin/bin/../../lib/gcc/pic32c/6.2.1/v7e-m/fpv5/hard/libgcc.a(_aeabi_uldivmod.o)
 .debug_frame   0x00000000000069d0       0x34 /Applications/microchip/xc32/v2.15/bin/bin/../../lib/gcc/pic32c/6.2.1/v7e-m/fpv5/hard/libgcc.a(_udivmoddi4.o)
 .debug_frame   0x0000000000006a04       0x30 /Applications/microchip/xc32/v2.15/bin/bin/../../lib/gcc/pic32c/6.2.1/../../../../pic32c/lib/v7e-m/fpv5/hard/libc.a(lib_a-atoi.o)
 .debug_frame   0x0000000000006a34       0x20 /Applications/microchip/xc32/v2.15/bin/bin/../../lib/gcc/pic32c/6.2.1/../../../../pic32c/lib/v7e-m/fpv5/hard/libc.a(lib_a-calloc.o)
 .debug_frame   0x0000000000006a54       0x28 /Applications/microchip/xc32/v2.15/bin/bin/../../lib/gcc/pic32c/6.2.1/../../../../pic32c/lib/v7e-m/fpv5/hard/libc.a(lib_a-callocr.o)
 .debug_frame   0x0000000000006a7c       0x2c /Applications/microchip/xc32/v2.15/bin/bin/../../lib/gcc/pic32c/6.2.1/../../../../pic32c/lib/v7e-m/fpv5/hard/libc.a(lib_a-init.o)
 .debug_frame   0x0000000000006aa8       0x6c /Applications/microchip/xc32/v2.15/bin/bin/../../lib/gcc/pic32c/6.2.1/../../../../pic32c/lib/v7e-m/fpv5/hard/libc.a(lib_a-locale.o)
 .debug_frame   0x0000000000006b14       0x30 /Applications/microchip/xc32/v2.15/bin/bin/../../lib/gcc/pic32c/6.2.1/../../../../pic32c/lib/v7e-m/fpv5/hard/libc.a(lib_a-malloc.o)
 .debug_frame   0x0000000000006b44       0x58 /Applications/microchip/xc32/v2.15/bin/bin/../../lib/gcc/pic32c/6.2.1/../../../../pic32c/lib/v7e-m/fpv5/hard/libc.a(lib_a-mallocr.o)
 .debug_frame   0x0000000000006b9c       0x4c /Applications/microchip/xc32/v2.15/bin/bin/../../lib/gcc/pic32c/6.2.1/../../../../pic32c/lib/v7e-m/fpv5/hard/libc.a(lib_a-mbtowc_r.o)
 .debug_frame   0x0000000000006be8       0x3c /Applications/microchip/xc32/v2.15/bin/bin/../../lib/gcc/pic32c/6.2.1/../../../../pic32c/lib/v7e-m/fpv5/hard/libc.a(lib_a-memcmp.o)
 .debug_frame   0x0000000000006c24       0x34 /Applications/microchip/xc32/v2.15/bin/bin/../../lib/gcc/pic32c/6.2.1/../../../../pic32c/lib/v7e-m/fpv5/hard/libc.a(lib_a-memset.o)
 .debug_frame   0x0000000000006c58       0x30 /Applications/microchip/xc32/v2.15/bin/bin/../../lib/gcc/pic32c/6.2.1/../../../../pic32c/lib/v7e-m/fpv5/hard/libc.a(lib_a-mlock.o)
 .debug_frame   0x0000000000006c88       0x3c /Applications/microchip/xc32/v2.15/bin/bin/../../lib/gcc/pic32c/6.2.1/../../../../pic32c/lib/v7e-m/fpv5/hard/libc.a(lib_a-rand.o)
 .debug_frame   0x0000000000006cc4       0x2c /Applications/microchip/xc32/v2.15/bin/bin/../../lib/gcc/pic32c/6.2.1/../../../../pic32c/lib/v7e-m/fpv5/hard/libc.a(lib_a-sbrkr.o)
 .debug_frame   0x0000000000006cf0       0xd0 /Applications/microchip/xc32/v2.15/bin/bin/../../lib/gcc/pic32c/6.2.1/../../../../pic32c/lib/v7e-m/fpv5/hard/libc.a(lib_a-snprintf.o)
 .debug_frame   0x0000000000006dc0       0x84 /Applications/microchip/xc32/v2.15/bin/bin/../../lib/gcc/pic32c/6.2.1/../../../../pic32c/lib/v7e-m/fpv5/hard/libc.a(lib_a-sprintf.o)
 .debug_frame   0x0000000000006e44       0x68 /Applications/microchip/xc32/v2.15/bin/bin/../../lib/gcc/pic32c/6.2.1/../../../../pic32c/lib/v7e-m/fpv5/hard/libc.a(lib_a-strcmp.o)
 .debug_frame   0x0000000000006eac       0x20 /Applications/microchip/xc32/v2.15/bin/bin/../../lib/gcc/pic32c/6.2.1/../../../../pic32c/lib/v7e-m/fpv5/hard/libc.a(lib_a-strcpy.o)
 .debug_frame   0x0000000000006ecc       0x34 /Applications/microchip/xc32/v2.15/bin/bin/../../lib/gcc/pic32c/6.2.1/../../../../pic32c/lib/v7e-m/fpv5/hard/libc.a(lib_a-strncpy.o)
 .debug_frame   0x0000000000006f00       0x98 /Applications/microchip/xc32/v2.15/bin/bin/../../lib/gcc/pic32c/6.2.1/../../../../pic32c/lib/v7e-m/fpv5/hard/libc.a(lib_a-strtol.o)
 .debug_frame   0x0000000000006f98       0x68 /Applications/microchip/xc32/v2.15/bin/bin/../../lib/gcc/pic32c/6.2.1/../../../../pic32c/lib/v7e-m/fpv5/hard/libc.a(lib_a-svfprintf.o)
 .debug_frame   0x0000000000007000       0x60 /Applications/microchip/xc32/v2.15/bin/bin/../../lib/gcc/pic32c/6.2.1/../../../../pic32c/lib/v7e-m/fpv5/hard/libc.a(lib_a-vsnprintf.o)
 .debug_frame   0x0000000000007060       0x3c /Applications/microchip/xc32/v2.15/bin/bin/../../lib/gcc/pic32c/6.2.1/../../../../pic32c/lib/v7e-m/fpv5/hard/libc.a(lib_a-wctomb_r.o)
 .debug_frame   0x000000000000709c       0x50 /Applications/microchip/xc32/v2.15/bin/bin/../../lib/gcc/pic32c/6.2.1/../../../../pic32c/lib/v7e-m/fpv5/hard/libc.a(lib_a-__call_atexit.o)
 .debug_frame   0x00000000000070ec       0x20 /Applications/microchip/xc32/v2.15/bin/bin/../../lib/gcc/pic32c/6.2.1/../../../../pic32c/lib/v7e-m/fpv5/hard/libc.a(lib_a-atexit.o)
 .debug_frame   0x000000000000710c       0x84 /Applications/microchip/xc32/v2.15/bin/bin/../../lib/gcc/pic32c/6.2.1/../../../../pic32c/lib/v7e-m/fpv5/hard/libc.a(lib_a-dtoa.o)
 .debug_frame   0x0000000000007190       0x34 /Applications/microchip/xc32/v2.15/bin/bin/../../lib/gcc/pic32c/6.2.1/../../../../pic32c/lib/v7e-m/fpv5/hard/libc.a(lib_a-fini.o)
 .debug_frame   0x00000000000071c4       0x74 /Applications/microchip/xc32/v2.15/bin/bin/../../lib/gcc/pic32c/6.2.1/../../../../pic32c/lib/v7e-m/fpv5/hard/libc.a(lib_a-freer.o)
 .debug_frame   0x0000000000007238       0x40 /Applications/microchip/xc32/v2.15/bin/bin/../../lib/gcc/pic32c/6.2.1/../../../../pic32c/lib/v7e-m/fpv5/hard/libc.a(lib_a-localeconv.o)
 .debug_frame   0x0000000000007278      0x248 /Applications/microchip/xc32/v2.15/bin/bin/../../lib/gcc/pic32c/6.2.1/../../../../pic32c/lib/v7e-m/fpv5/hard/libc.a(lib_a-mprec.o)
 .debug_frame   0x00000000000074c0       0x58 /Applications/microchip/xc32/v2.15/bin/bin/../../lib/gcc/pic32c/6.2.1/../../../../pic32c/lib/v7e-m/fpv5/hard/libc.a(lib_a-reent.o)
 .debug_frame   0x0000000000007518       0x38 /Applications/microchip/xc32/v2.15/bin/bin/../../lib/gcc/pic32c/6.2.1/../../../../pic32c/lib/v7e-m/fpv5/hard/libc.a(lib_a-s_frexp.o)
 .debug_frame   0x0000000000007550       0x78 /Applications/microchip/xc32/v2.15/bin/bin/../../lib/gcc/pic32c/6.2.1/../../../../pic32c/lib/v7e-m/fpv5/hard/libc.a(lib_a-svfiprintf.o)
 .debug_frame   0x00000000000075c8       0x34 /Applications/microchip/xc32/v2.15/bin/bin/../../lib/gcc/pic32c/6.2.1/../../../../pic32c/lib/v7e-m/fpv5/hard/libc.a(lib_a-__atexit.o)
 .debug_frame   0x00000000000075fc       0x30 /Applications/microchip/xc32/v2.15/bin/bin/../../lib/gcc/pic32c/6.2.1/../../../../pic32c/lib/v7e-m/fpv5/hard/libc.a(lib_a-memmove.o)
 .debug_frame   0x000000000000762c       0x68 /Applications/microchip/xc32/v2.15/bin/bin/../../lib/gcc/pic32c/6.2.1/../../../../pic32c/lib/v7e-m/fpv5/hard/libc.a(lib_a-reallocr.o)
 .debug_frame   0x0000000000007694       0x20 /Applications/microchip/xc32/v2.15/bin/bin/../../lib/gcc/pic32c/6.2.1/../../../../pic32c/lib/v7e-m/fpv5/hard/libpic32c.a(sbrk.o)

.debug_loc      0x0000000000000000    0x360dc
 .debug_loc     0x0000000000000000     0x38bc build/sam_e70_xult_freertos/production/_ext/1607428259/drv_ethphy.o
 .debug_loc     0x00000000000038bc      0x29b build/sam_e70_xult_freertos/production/_ext/1607428259/drv_extphy_smsc8740.o
 .debug_loc     0x0000000000003b57     0x1e53 build/sam_e70_xult_freertos/production/_ext/1619526243/drv_gmac.o
 .debug_loc     0x00000000000059aa     0x1a8f build/sam_e70_xult_freertos/production/_ext/1619526243/drv_gmac_lib_samE7x_V7x.o
 .debug_loc     0x0000000000007439     0x2421 build/sam_e70_xult_freertos/production/_ext/511568427/drv_miim.o
 .debug_loc     0x000000000000985a      0x4be build/sam_e70_xult_freertos/production/_ext/810785262/helpers.o
 .debug_loc     0x0000000000009d18     0x2cf8 build/sam_e70_xult_freertos/production/_ext/810785262/dns.o
 .debug_loc     0x000000000000ca10      0x37c build/sam_e70_xult_freertos/production/_ext/810785262/icmp.o
 .debug_loc     0x000000000000cd8c     0x65a2 build/sam_e70_xult_freertos/production/_ext/810785262/tcp.o
 .debug_loc     0x000000000001332e     0x2d25 build/sam_e70_xult_freertos/production/_ext/810785262/dhcp.o
 .debug_loc     0x0000000000016053     0x2a93 build/sam_e70_xult_freertos/production/_ext/810785262/arp.o
 .debug_loc     0x0000000000018ae6     0x23fd build/sam_e70_xult_freertos/production/_ext/810785262/tcpip_commands.o
 .debug_loc     0x000000000001aee3     0x209e build/sam_e70_xult_freertos/production/_ext/810785262/ipv4.o
 .debug_loc     0x000000000001cf81     0x2b38 build/sam_e70_xult_freertos/production/_ext/810785262/dhcps.o
 .debug_loc     0x000000000001fab9      0x1fe build/sam_e70_xult_freertos/production/_ext/810785262/tcpip_heap_alloc.o
 .debug_loc     0x000000000001fcb7      0xad5 build/sam_e70_xult_freertos/production/_ext/810785262/tcpip_heap_internal.o
 .debug_loc     0x000000000002078c      0x278 build/sam_e70_xult_freertos/production/_ext/810785262/hash_fnv.o
 .debug_loc     0x0000000000020a04      0x3ce build/sam_e70_xult_freertos/production/_ext/810785262/oahash.o
 .debug_loc     0x0000000000020dd2     0x2c37 build/sam_e70_xult_freertos/production/_ext/810785262/tcpip_helpers.o
 .debug_loc     0x0000000000023a09     0x53c8 build/sam_e70_xult_freertos/production/_ext/810785262/tcpip_manager.o
 .debug_loc     0x0000000000028dd1      0x2dc build/sam_e70_xult_freertos/production/_ext/810785262/tcpip_notify.o
 .debug_loc     0x00000000000290ad      0xa00 build/sam_e70_xult_freertos/production/_ext/810785262/tcpip_packet.o
 .debug_loc     0x0000000000029aad     0x3e54 build/sam_e70_xult_freertos/production/_ext/810785262/udp.o
 .debug_loc     0x000000000002d901      0x11c build/sam_e70_xult_freertos/production/_ext/1414743522/plib_nvic.o
 .debug_loc     0x000000000002da1d       0x84 build/sam_e70_xult_freertos/production/_ext/45635366/plib_pio.o
 .debug_loc     0x000000000002daa1       0x42 build/sam_e70_xult_freertos/production/_ext/1245453995/plib_tc0.o
 .debug_loc     0x000000000002dae3      0x4ea build/sam_e70_xult_freertos/production/_ext/901008055/plib_usart1.o
 .debug_loc     0x000000000002dfcd      0x676 build/sam_e70_xult_freertos/production/_ext/762686499/sys_console.o
 .debug_loc     0x000000000002e643      0xb14 build/sam_e70_xult_freertos/production/_ext/762686499/sys_console_uart.o
 .debug_loc     0x000000000002f157     0x1257 build/sam_e70_xult_freertos/production/_ext/762686499/sys_command.o
 .debug_loc     0x00000000000303ae       0xe9 build/sam_e70_xult_freertos/production/_ext/1775855163/sys_int.o
 .debug_loc     0x0000000000030497     0x1e63 build/sam_e70_xult_freertos/production/_ext/912870411/sys_time.o
 .debug_loc     0x00000000000322fa       0xde build/sam_e70_xult_freertos/production/_ext/231871610/sys_time_h2_adapter.o
 .debug_loc     0x00000000000323d8      0x13c build/sam_e70_xult_freertos/production/_ext/1552905064/tasks.o
 .debug_loc     0x0000000000032514       0x79 build/sam_e70_xult_freertos/production/_ext/1552905064/initialization.o
 .debug_loc     0x000000000003258d       0x6d build/sam_e70_xult_freertos/production/_ext/1552905064/startup_xc32.o
 .debug_loc     0x00000000000325fa       0x7a build/sam_e70_xult_freertos/production/_ext/1552905064/freertos_hooks.o
 .debug_loc     0x0000000000032674      0x122 build/sam_e70_xult_freertos/production/_ext/977623654/port.o
 .debug_loc     0x0000000000032796       0xbf build/sam_e70_xult_freertos/production/_ext/1665200909/heap_3.o
 .debug_loc     0x0000000000032855       0x9c build/sam_e70_xult_freertos/production/_ext/404212886/list.o
 .debug_loc     0x00000000000328f1     0x1335 build/sam_e70_xult_freertos/production/_ext/404212886/queue.o
 .debug_loc     0x0000000000033c26     0x1d8b build/sam_e70_xult_freertos/production/_ext/404212886/FreeRTOS_tasks.o
 .debug_loc     0x00000000000359b1      0x5b4 build/sam_e70_xult_freertos/production/_ext/281930714/osal_freertos.o
 .debug_loc     0x0000000000035f65      0x157 build/sam_e70_xult_freertos/production/_ext/1360937237/app.o
 .debug_loc     0x00000000000360bc       0x20 build/sam_e70_xult_freertos/production/_ext/1360937237/main.o

.stack          0x0000000020418fd0      0x100
 .stack         0x0000000020418fd0      0x100 stack

.bss.gmac_dcpt_array%1
                0x000000002045f000       0xf0
 .bss.gmac_dcpt_array
                0x000000002045f000       0xf0 build/sam_e70_xult_freertos/production/_ext/1619526243/drv_gmac_lib_samE7x_V7x.o
                0x000000002045f000                gmac_dcpt_array

.bss.printBuff%2
                0x000000002045f0f0      0xa00
 .bss.printBuff
                0x000000002045f0f0      0xa00 build/sam_e70_xult_freertos/production/_ext/762686499/sys_command.o

.data.impure_data%3
                0x000000002045faf0      0x428
 .data.impure_data
                0x000000002045faf0      0x428 /Applications/microchip/xc32/v2.15/bin/bin/../../lib/gcc/pic32c/6.2.1/../../../../pic32c/lib/v7e-m/fpv5/hard/libc.a(lib_a-impure.o)

.data.__malloc_av_%4
                0x0000000020400060      0x408
 .data.__malloc_av_
                0x0000000020400060      0x408 /Applications/microchip/xc32/v2.15/bin/bin/../../lib/gcc/pic32c/6.2.1/../../../../pic32c/lib/v7e-m/fpv5/hard/libc.a(lib_a-mallocr.o)
                0x0000000020400060                __malloc_av_

.data._gmac_drv_dcpt%5
                0x0000000020400468      0x304
 .data._gmac_drv_dcpt
                0x0000000020400468      0x304 build/sam_e70_xult_freertos/production/_ext/1619526243/drv_gmac.o

.bss.TCPIP_STACK_MODULE_SIGNAL_TBL%6
                0x000000002040076c      0x250
 .bss.TCPIP_STACK_MODULE_SIGNAL_TBL
                0x000000002040076c      0x250 build/sam_e70_xult_freertos/production/_ext/810785262/tcpip_manager.o

.bss.sysConsole0UARTWrQueueElements%7
                0x00000000204009bc      0x208
 .bss.sysConsole0UARTWrQueueElements
                0x00000000204009bc      0x208 build/sam_e70_xult_freertos/production/_ext/1552905064/initialization.o

.data.__global_locale%8
                0x0000000020400bc4      0x16c
 .data.__global_locale
                0x0000000020400bc4      0x16c /Applications/microchip/xc32/v2.15/bin/bin/../../lib/gcc/pic32c/6.2.1/../../../../pic32c/lib/v7e-m/fpv5/hard/libc.a(lib_a-locale.o)
                0x0000000020400bc4                __global_locale

.bss.timers%9   0x000000002045ff18       0xa0
 .bss.timers    0x000000002045ff18       0xa0 build/sam_e70_xult_freertos/production/_ext/912870411/sys_time.o

.bss.gDrvMIIMObj%10
                0x0000000020400d30       0x94
 .bss.gDrvMIIMObj
                0x0000000020400d30       0x94 build/sam_e70_xult_freertos/production/_ext/511568427/drv_miim.o

.bss.TCPIP_MODULES_QUEUE_TBL%11
                0x0000000020400dc4       0x90
 .bss.TCPIP_MODULES_QUEUE_TBL
                0x0000000020400dc4       0x90 build/sam_e70_xult_freertos/production/_ext/810785262/tcpip_manager.o

.bss.saveCmd.7379%12
                0x0000000020400e54       0x81
 .bss.saveCmd.7379
                0x0000000020400e54       0x81 build/sam_e70_xult_freertos/production/_ext/762686499/sys_command.o

.bss._usrCmdTbl%13
                0x0000000020400ed8       0x80
 .bss._usrCmdTbl
                0x0000000020400ed8       0x80 build/sam_e70_xult_freertos/production/_ext/762686499/sys_command.o

.bss.readBuff%14
                0x0000000020400f58       0x80
 .bss.readBuff  0x0000000020400f58       0x80 build/sam_e70_xult_freertos/production/_ext/762686499/sys_command.o

.bss.gDrvETHPHYObj%15
                0x0000000020400fd8       0x64
 .bss.gDrvETHPHYObj
                0x0000000020400fd8       0x64 build/sam_e70_xult_freertos/production/_ext/1607428259/drv_ethphy.o

.bss.gConsoleUartData%16
                0x000000002040103c       0x64
 .bss.gConsoleUartData
                0x000000002040103c       0x64 build/sam_e70_xult_freertos/production/_ext/762686499/sys_console_uart.o

.bss.pxReadyTasksLists%17
                0x00000000204010a0       0x64
 .bss.pxReadyTasksLists
                0x00000000204010a0       0x64 build/sam_e70_xult_freertos/production/_ext/404212886/FreeRTOS_tasks.o

.bss.sysConsole0UARTRdQueueElements%18
                0x0000000020401104       0x58
 .bss.sysConsole0UARTRdQueueElements
                0x0000000020401104       0x58 build/sam_e70_xult_freertos/production/_ext/1552905064/initialization.o

.bss.arpMod%19  0x000000002045ffb8       0x48
 .bss.arpMod    0x000000002045ffb8       0x48 build/sam_e70_xult_freertos/production/_ext/810785262/arp.o

.bss.gSystemCounterObj%20
                0x000000002040115c       0x38
 .bss.gSystemCounterObj
                0x000000002040115c       0x38 build/sam_e70_xult_freertos/production/_ext/912870411/sys_time.o

.bss.gDnsDcpt%21
                0x0000000020401194       0x28
 .bss.gDnsDcpt  0x0000000020401194       0x28 build/sam_e70_xult_freertos/production/_ext/810785262/dns.o

.bss.__malloc_current_mallinfo%22
                0x00000000204011bc       0x28
 .bss.__malloc_current_mallinfo
                0x00000000204011bc       0x28 /Applications/microchip/xc32/v2.15/bin/bin/../../lib/gcc/pic32c/6.2.1/../../../../pic32c/lib/v7e-m/fpv5/hard/libc.a(lib_a-mallocr.o)
                0x00000000204011bc                __malloc_current_mallinfo

.bss.tcpip_stack_ctrl_data%23
                0x00000000204011e4       0x20
 .bss.tcpip_stack_ctrl_data
                0x00000000204011e4       0x20 build/sam_e70_xult_freertos/production/_ext/810785262/tcpip_manager.o

.bss.dnslookupTargetHost%24
                0x0000000020401204       0x1f
 .bss.dnslookupTargetHost
                0x0000000020401204       0x1f build/sam_e70_xult_freertos/production/_ext/810785262/tcpip_commands.o

.bss%25         0x0000000020401224       0x1c
 .bss           0x0000000020401224       0x1c /Applications/microchip/xc32/v2.15/bin/bin/../../lib/gcc/pic32c/6.2.1/v7e-m/fpv5/hard/crtbegin.o

.data.DHCP_POOL_CONFIG%26
                0x0000000020401240       0x1c
 .data.DHCP_POOL_CONFIG
                0x0000000020401240       0x1c build/sam_e70_xult_freertos/production/_ext/1552905064/initialization.o
                0x0000000020401240                DHCP_POOL_CONFIG

.bss._cmdAppData%27
                0x000000002040125c       0x18
 .bss._cmdAppData
                0x000000002040125c       0x18 build/sam_e70_xult_freertos/production/_ext/762686499/sys_command.o

.bss.dhcpRegisteredUsers%28
                0x0000000020401274       0x14
 .bss.dhcpRegisteredUsers
                0x0000000020401274       0x14 build/sam_e70_xult_freertos/production/_ext/810785262/dhcp.o

.bss.cmdTcpipInitData%29
                0x0000000020401288       0x14
 .bss.cmdTcpipInitData
                0x0000000020401288       0x14 build/sam_e70_xult_freertos/production/_ext/810785262/tcpip_commands.o

.bss.ipv4ArpQueue%30
                0x000000002040129c       0x14
 .bss.ipv4ArpQueue
                0x000000002040129c       0x14 build/sam_e70_xult_freertos/production/_ext/810785262/ipv4.o

.bss.ipv4PacketFilters%31
                0x00000000204012b0       0x14
 .bss.ipv4PacketFilters
                0x00000000204012b0       0x14 build/sam_e70_xult_freertos/production/_ext/810785262/ipv4.o

.bss.tcpip_init_data%32
                0x00000000204012c4       0x14
 .bss.tcpip_init_data
                0x00000000204012c4       0x14 build/sam_e70_xult_freertos/production/_ext/810785262/tcpip_manager.o

.data.tcpipHeapConfig%33
                0x00000000204012d8       0x14
 .data.tcpipHeapConfig
                0x00000000204012d8       0x14 build/sam_e70_xult_freertos/production/_ext/1552905064/initialization.o
                0x00000000204012d8                tcpipHeapConfig

.bss.xDelayedTaskList1%34
                0x00000000204012ec       0x14
 .bss.xDelayedTaskList1
                0x00000000204012ec       0x14 build/sam_e70_xult_freertos/production/_ext/404212886/FreeRTOS_tasks.o

.bss.xDelayedTaskList2%35
                0x0000000020401300       0x14
 .bss.xDelayedTaskList2
                0x0000000020401300       0x14 build/sam_e70_xult_freertos/production/_ext/404212886/FreeRTOS_tasks.o

.bss.xPendingReadyList%36
                0x0000000020401314       0x14
 .bss.xPendingReadyList
                0x0000000020401314       0x14 build/sam_e70_xult_freertos/production/_ext/404212886/FreeRTOS_tasks.o

.bss.xSuspendedTaskList%37
                0x0000000020401328       0x14
 .bss.xSuspendedTaskList
                0x0000000020401328       0x14 build/sam_e70_xult_freertos/production/_ext/404212886/FreeRTOS_tasks.o

.bss.xTasksWaitingTermination%38
                0x000000002040133c       0x14
 .bss.xTasksWaitingTermination
                0x000000002040133c       0x14 build/sam_e70_xult_freertos/production/_ext/404212886/FreeRTOS_tasks.o

.bss.dhcps_mod%39
                0x0000000020401350       0x10
 .bss.dhcps_mod
                0x0000000020401350       0x10 build/sam_e70_xult_freertos/production/_ext/810785262/dhcps.o

.bss.tcpip_heap_config%40
                0x0000000020401360       0x10
 .bss.tcpip_heap_config
                0x0000000020401360       0x10 build/sam_e70_xult_freertos/production/_ext/810785262/tcpip_manager.o

.bss.consoleDeviceInstance%41
                0x0000000020401370        0xc
 .bss.consoleDeviceInstance
                0x0000000020401370        0xc build/sam_e70_xult_freertos/production/_ext/762686499/sys_console.o

.bss.cmdIODevList%42
                0x000000002040137c        0xc
 .bss.cmdIODevList